D:/Projects/Charger_CTRL/Charger/App/Src/pc_debug_protocol.c:27:6:DebugProtocol_Init	8	static
D:/Projects/Charger_CTRL/Charger/App/Src/pc_debug_protocol.c:34:6:DebugProtocol_Enter	16	static
D:/Projects/Charger_CTRL/Charger/App/Src/pc_debug_protocol.c:48:6:DebugProtocol_Exit	8	static
D:/Projects/Charger_CTRL/Charger/App/Src/pc_debug_protocol.c:54:6:DebugProtocol_IsActive	8	static
D:/Projects/Charger_CTRL/Charger/App/Src/pc_debug_protocol.c:59:10:DebugProtocol_BuildModuleData	136	static
D:/Projects/Charger_CTRL/Charger/App/Src/pc_debug_protocol.c:124:10:DebugProtocol_BuildAllModulesData	40	static
D:/Projects/Charger_CTRL/Charger/App/Src/pc_debug_protocol.c:156:10:DebugProtocol_BuildSystemInfo	320	static
D:/Projects/Charger_CTRL/Charger/App/Src/pc_debug_protocol.c:218:10:DebugProtocol_BuildBMSData	152	static
D:/Projects/Charger_CTRL/Charger/App/Src/pc_debug_protocol.c:268:10:DebugProtocol_BuildCommStats	136	static
D:/Projects/Charger_CTRL/Charger/App/Src/pc_debug_protocol.c:290:10:DebugProtocol_BuildChargeConfig	232	static
D:/Projects/Charger_CTRL/Charger/App/Src/pc_debug_protocol.c:303:6:DebugProtocol_SendStream	280	static
D:/Projects/Charger_CTRL/Charger/App/Src/pc_debug_protocol.c:323:6:DebugProtocol_HandleCommand	512	static
