D:/Projects/Charger_CTRL/Charger/App/Src/pc_protocol.c:42:13:apply_active_charge_profile	216	static
D:/Projects/Charger_CTRL/Charger/App/Src/pc_protocol.c:69:16:crc8	24	static
D:/Projects/Charger_CTRL/Charger/App/Src/pc_protocol.c:83:13:enqueue_frame	32	static
D:/Projects/Charger_CTRL/Charger/App/Src/pc_protocol.c:109:13:send_frame	16	static
D:/Projects/Charger_CTRL/Charger/App/Src/pc_protocol.c:114:6:PC_Protocol_ProcessTx	16	static
D:/Projects/Charger_CTRL/Charger/App/Src/pc_protocol.c:137:6:PC_Protocol_NotifyTxComplete	8	static
D:/Projects/Charger_CTRL/Charger/App/Src/pc_protocol.c:148:6:PC_Protocol_ResetTx	8	static
D:/Projects/Charger_CTRL/Charger/App/Src/pc_protocol.c:156:13:send_ack	16	static
D:/Projects/Charger_CTRL/Charger/App/Src/pc_protocol.c:157:13:send_nack	24	static
D:/Projects/Charger_CTRL/Charger/App/Src/pc_protocol.c:162:14:payload_float	24	static
D:/Projects/Charger_CTRL/Charger/App/Src/pc_protocol.c:168:16:float_to_scaled_i32	24	static
D:/Projects/Charger_CTRL/Charger/App/Src/pc_protocol.c:179:13:log_fixed_1	48	static
D:/Projects/Charger_CTRL/Charger/App/Src/pc_protocol.c:191:13:log_fixed_2	48	static
D:/Projects/Charger_CTRL/Charger/App/Src/pc_protocol.c:203:13:pack_u8	16	static
D:/Projects/Charger_CTRL/Charger/App/Src/pc_protocol.c:208:13:pack_u32_le	16	static
D:/Projects/Charger_CTRL/Charger/App/Src/pc_protocol.c:216:13:pack_float_le	24	static
D:/Projects/Charger_CTRL/Charger/App/Src/pc_protocol.c:226:13:send_read_reg_response	32	static
D:/Projects/Charger_CTRL/Charger/App/Src/pc_protocol.c:248:13:read_module_field	144	static
D:/Projects/Charger_CTRL/Charger/App/Src/pc_protocol.c:301:13:process_frame	56	static
D:/Projects/Charger_CTRL/Charger/App/Src/pc_protocol.c:444:6:PC_Protocol_FeedByte	288	static
D:/Projects/Charger_CTRL/Charger/App/Src/pc_protocol.c:482:6:PC_Protocol_SendStatus	312	static
D:/Projects/Charger_CTRL/Charger/App/Src/pc_protocol.c:525:6:PC_Protocol_SendPong	16	static
D:/Projects/Charger_CTRL/Charger/App/Src/pc_protocol.c:533:6:PC_Protocol_SendFrame	16	static
D:/Projects/Charger_CTRL/Charger/App/Src/pc_protocol.c:539:6:PC_Protocol_IsCharging	8	static
