D:/Projects/Charger_CTRL/Charger/Modules/bms/bms_core.c:36:13:has_any_valid_bms_data	16	static
D:/Projects/Charger_CTRL/Charger/Modules/bms/bms_core.c:60:13:update_view_from_data	24	static
D:/Projects/Charger_CTRL/Charger/Modules/bms/bms_core.c:120:24:map_alarm_field	16	static
D:/Projects/Charger_CTRL/Charger/Modules/bms/bms_core.c:129:13:update_alarm_flags	16	static
D:/Projects/Charger_CTRL/Charger/Modules/bms/bms_core.c:161:13:transmit_ctrl_info	40	static
D:/Projects/Charger_CTRL/Charger/Modules/bms/bms_core.c:190:6:BMS_Init	8	static
D:/Projects/Charger_CTRL/Charger/Modules/bms/bms_core.c:205:6:BMS_FeedFrame	48	static
D:/Projects/Charger_CTRL/Charger/Modules/bms/bms_core.c:229:6:BMS_Process	408	static,ignoring_inline_asm
D:/Projects/Charger_CTRL/Charger/Modules/bms/bms_core.c:403:6:BMS_SendCtrlInfo	16	static
D:/Projects/Charger_CTRL/Charger/Modules/bms/bms_core.c:415:6:BMS_IsOnline	8	static
D:/Projects/Charger_CTRL/Charger/Modules/bms/bms_core.c:422:6:BMS_HasCriticalAlarm	16	static
D:/Projects/Charger_CTRL/Charger/Modules/bms/bms_core.c:434:6:BMS_GetView	16	static,ignoring_inline_asm
D:/Projects/Charger_CTRL/Charger/Modules/bms/bms_core.c:444:6:BMS_ShouldCloseChargeRelay	112	static,ignoring_inline_asm
