D:/Projects/Charger_CTRL/Charger/App/Protocol/pc_protocol.c:43:13:apply_active_charge_profile	216	static
D:/Projects/Charger_CTRL/Charger/App/Protocol/pc_protocol.c:69:16:crc8	24	static
D:/Projects/Charger_CTRL/Charger/App/Protocol/pc_protocol.c:83:13:enqueue_frame	32	static,ignoring_inline_asm
D:/Projects/Charger_CTRL/Charger/App/Protocol/pc_protocol.c:112:13:send_frame	16	static
D:/Projects/Charger_CTRL/Charger/App/Protocol/pc_protocol.c:117:6:PC_Protocol_ProcessTx	24	static,ignoring_inline_asm
D:/Projects/Charger_CTRL/Charger/App/Protocol/pc_protocol.c:145:6:PC_Protocol_NotifyTxComplete	8	static,ignoring_inline_asm
D:/Projects/Charger_CTRL/Charger/App/Protocol/pc_protocol.c:159:6:PC_Protocol_ResetTx	8	static,ignoring_inline_asm
D:/Projects/Charger_CTRL/Charger/App/Protocol/pc_protocol.c:169:13:send_ack	16	static
D:/Projects/Charger_CTRL/Charger/App/Protocol/pc_protocol.c:170:13:send_nack	24	static
D:/Projects/Charger_CTRL/Charger/App/Protocol/pc_protocol.c:175:14:payload_float	24	static
D:/Projects/Charger_CTRL/Charger/App/Protocol/pc_protocol.c:181:16:float_to_scaled_i32	16	static
D:/Projects/Charger_CTRL/Charger/App/Protocol/pc_protocol.c:187:13:pack_u8	16	static
D:/Projects/Charger_CTRL/Charger/App/Protocol/pc_protocol.c:192:13:pack_u32_le	16	static
D:/Projects/Charger_CTRL/Charger/App/Protocol/pc_protocol.c:200:13:pack_float_le	24	static
D:/Projects/Charger_CTRL/Charger/App/Protocol/pc_protocol.c:210:13:send_read_reg_response	32	static
D:/Projects/Charger_CTRL/Charger/App/Protocol/pc_protocol.c:232:13:read_module_field	144	static
D:/Projects/Charger_CTRL/Charger/App/Protocol/pc_protocol.c:286:13:process_frame	48	static
D:/Projects/Charger_CTRL/Charger/App/Protocol/pc_protocol.c:419:6:PC_Protocol_FeedByte	288	static
D:/Projects/Charger_CTRL/Charger/App/Protocol/pc_protocol.c:458:6:PC_Protocol_SendStatus	312	static
D:/Projects/Charger_CTRL/Charger/App/Protocol/pc_protocol.c:501:6:PC_Protocol_SendPong	16	static
D:/Projects/Charger_CTRL/Charger/App/Protocol/pc_protocol.c:509:6:PC_Protocol_SendFrame	16	static
D:/Projects/Charger_CTRL/Charger/App/Protocol/pc_protocol.c:515:6:PC_Protocol_IsCharging	8	static
