D:/Projects/Charger_CTRL/Charger/App/Protocol/pc_protocol.c:44:13:apply_active_charge_profile	216	static
D:/Projects/Charger_CTRL/Charger/App/Protocol/pc_protocol.c:70:16:crc8	24	static
D:/Projects/Charger_CTRL/Charger/App/Protocol/pc_protocol.c:84:13:enqueue_frame	32	static,ignoring_inline_asm
D:/Projects/Charger_CTRL/Charger/App/Protocol/pc_protocol.c:119:13:send_frame	16	static
D:/Projects/Charger_CTRL/Charger/App/Protocol/pc_protocol.c:124:6:PC_Protocol_ProcessTx	24	static,ignoring_inline_asm
D:/Projects/Charger_CTRL/Charger/App/Protocol/pc_protocol.c:181:6:PC_Protocol_NotifyTxComplete	8	static,ignoring_inline_asm
D:/Projects/Charger_CTRL/Charger/App/Protocol/pc_protocol.c:195:6:PC_Protocol_ResetTx	8	static,ignoring_inline_asm
D:/Projects/Charger_CTRL/Charger/App/Protocol/pc_protocol.c:209:13:send_ack	16	static
D:/Projects/Charger_CTRL/Charger/App/Protocol/pc_protocol.c:210:13:send_nack	24	static
D:/Projects/Charger_CTRL/Charger/App/Protocol/pc_protocol.c:215:14:payload_float	24	static
D:/Projects/Charger_CTRL/Charger/App/Protocol/pc_protocol.c:221:16:float_to_scaled_i32	16	static
D:/Projects/Charger_CTRL/Charger/App/Protocol/pc_protocol.c:227:13:pack_u8	16	static
D:/Projects/Charger_CTRL/Charger/App/Protocol/pc_protocol.c:232:13:pack_u32_le	16	static
D:/Projects/Charger_CTRL/Charger/App/Protocol/pc_protocol.c:240:13:pack_float_le	24	static
D:/Projects/Charger_CTRL/Charger/App/Protocol/pc_protocol.c:250:13:send_read_reg_response	32	static
D:/Projects/Charger_CTRL/Charger/App/Protocol/pc_protocol.c:272:13:read_module_field	144	static
D:/Projects/Charger_CTRL/Charger/App/Protocol/pc_protocol.c:326:13:process_frame	48	static
D:/Projects/Charger_CTRL/Charger/App/Protocol/pc_protocol.c:459:6:PC_Protocol_FeedByte	288	static
D:/Projects/Charger_CTRL/Charger/App/Protocol/pc_protocol.c:498:6:PC_Protocol_SendStatus	312	static
D:/Projects/Charger_CTRL/Charger/App/Protocol/pc_protocol.c:541:6:PC_Protocol_SendPong	16	static
D:/Projects/Charger_CTRL/Charger/App/Protocol/pc_protocol.c:549:6:PC_Protocol_SendFrame	16	static
D:/Projects/Charger_CTRL/Charger/App/Protocol/pc_protocol.c:555:6:PC_Protocol_IsCharging	8	static
