D:/Projects/Charger_CTRL/Charger/Modules/chg_lib/priv/chg_lib_core_priv.h:34:24:CHG_LIB_NowTick	8	static
D:/Projects/Charger_CTRL/Charger/Modules/chg_lib/priv/chg_lib_protocol.h:73:20:CHG_LIB_ProtocolFloatToBE	24	static
D:/Projects/Charger_CTRL/Charger/Modules/chg_lib/priv/chg_lib_protocol.h:87:21:CHG_LIB_ProtocolBEToFloat	24	static
D:/Projects/Charger_CTRL/Charger/Modules/chg_lib/priv/chg_lib_protocol.h:101:20:CHG_LIB_ProtocolU32ToBE	16	static
D:/Projects/Charger_CTRL/Charger/Modules/chg_lib/priv/chg_lib_protocol.h:112:24:CHG_LIB_ProtocolBEToU32	16	static
D:/Projects/Charger_CTRL/Charger/Modules/chg_lib/chg_lib_maxwell.c:174:17:mxr_build_frame_id	32	static
D:/Projects/Charger_CTRL/Charger/Modules/chg_lib/chg_lib_maxwell.c:189:13:send_frame	48	static
D:/Projects/Charger_CTRL/Charger/Modules/chg_lib/chg_lib_maxwell.c:210:13:send_set_float	40	static
D:/Projects/Charger_CTRL/Charger/Modules/chg_lib/chg_lib_maxwell.c:217:13:send_set_u32	40	static
D:/Projects/Charger_CTRL/Charger/Modules/chg_lib/chg_lib_maxwell.c:224:13:send_read	24	static
D:/Projects/Charger_CTRL/Charger/Modules/chg_lib/chg_lib_maxwell.c:230:14:rated_current_or_fallback	24	static
D:/Projects/Charger_CTRL/Charger/Modules/chg_lib/chg_lib_maxwell.c:238:14:current_limit_to_ratio	32	static
D:/Projects/Charger_CTRL/Charger/Modules/chg_lib/chg_lib_maxwell.c:246:13:send_set_current_limit	16	static
D:/Projects/Charger_CTRL/Charger/Modules/chg_lib/chg_lib_maxwell.c:251:13:set_state	24	static
D:/Projects/Charger_CTRL/Charger/Modules/chg_lib/chg_lib_maxwell.c:297:13:check_offline_timeout	48	static
D:/Projects/Charger_CTRL/Charger/Modules/chg_lib/chg_lib_maxwell.c:318:24:find_by_addr	24	static
D:/Projects/Charger_CTRL/Charger/Modules/chg_lib/chg_lib_maxwell.c:328:28:parse_maxwell_alarm	24	static
D:/Projects/Charger_CTRL/Charger/Modules/chg_lib/chg_lib_maxwell.c:355:13:apply_response	40	static
D:/Projects/Charger_CTRL/Charger/Modules/chg_lib/chg_lib_maxwell.c:443:13:process_module	24	static
D:/Projects/Charger_CTRL/Charger/Modules/chg_lib/chg_lib_maxwell.c:550:13:mx_init	8	static
D:/Projects/Charger_CTRL/Charger/Modules/chg_lib/chg_lib_maxwell.c:557:15:mx_add_module	24	static
D:/Projects/Charger_CTRL/Charger/Modules/chg_lib/chg_lib_maxwell.c:580:13:mx_set_config	16	static
D:/Projects/Charger_CTRL/Charger/Modules/chg_lib/chg_lib_maxwell.c:588:14:mx_remove_module	32	static,ignoring_inline_asm
D:/Projects/Charger_CTRL/Charger/Modules/chg_lib/chg_lib_maxwell.c:610:13:mx_set_voltage	16	static
D:/Projects/Charger_CTRL/Charger/Modules/chg_lib/chg_lib_maxwell.c:622:13:mx_set_current_limit	16	static
D:/Projects/Charger_CTRL/Charger/Modules/chg_lib/chg_lib_maxwell.c:635:13:mx_start	24	static
D:/Projects/Charger_CTRL/Charger/Modules/chg_lib/chg_lib_maxwell.c:646:13:mx_stop	24	static
D:/Projects/Charger_CTRL/Charger/Modules/chg_lib/chg_lib_maxwell.c:659:13:mx_set_voltage_all	32	static
D:/Projects/Charger_CTRL/Charger/Modules/chg_lib/chg_lib_maxwell.c:664:13:mx_set_current_limit_all	32	static
D:/Projects/Charger_CTRL/Charger/Modules/chg_lib/chg_lib_maxwell.c:669:13:mx_start_all	16	static
D:/Projects/Charger_CTRL/Charger/Modules/chg_lib/chg_lib_maxwell.c:674:13:mx_stop_all	16	static
D:/Projects/Charger_CTRL/Charger/Modules/chg_lib/chg_lib_maxwell.c:679:13:mx_emergency_stop	24	static
D:/Projects/Charger_CTRL/Charger/Modules/chg_lib/chg_lib_maxwell.c:691:13:mx_process	32	static,ignoring_inline_asm
D:/Projects/Charger_CTRL/Charger/Modules/chg_lib/chg_lib_maxwell.c:713:13:mx_feed_frame	56	static
D:/Projects/Charger_CTRL/Charger/Modules/chg_lib/chg_lib_maxwell.c:733:13:mx_get_system_summary	32	static
D:/Projects/Charger_CTRL/Charger/Modules/chg_lib/chg_lib_maxwell.c:742:16:mx_get_module_count	8	static
D:/Projects/Charger_CTRL/Charger/Modules/chg_lib/chg_lib_maxwell.c:747:13:mx_get_module_view	128	static,ignoring_inline_asm
D:/Projects/Charger_CTRL/Charger/Modules/chg_lib/chg_lib_maxwell.c:783:28:CHG_LIB_MaxwellDriverOps	8	static
