D:/Projects/Charger_CTRL/Charger/Modules/chg_lib/priv/chg_lib_core_priv.h:34:24:CHG_LIB_NowTick	8	static
D:/Projects/Charger_CTRL/Charger/Modules/chg_lib/priv/chg_lib_protocol.h:73:20:CHG_LIB_ProtocolFloatToBE	24	static
D:/Projects/Charger_CTRL/Charger/Modules/chg_lib/priv/chg_lib_protocol.h:87:21:CHG_LIB_ProtocolBEToFloat	24	static
D:/Projects/Charger_CTRL/Charger/Modules/chg_lib/priv/chg_lib_protocol.h:101:20:CHG_LIB_ProtocolU32ToBE	16	static
D:/Projects/Charger_CTRL/Charger/Modules/chg_lib/priv/chg_lib_protocol.h:112:24:CHG_LIB_ProtocolBEToU32	16	static
D:/Projects/Charger_CTRL/Charger/Modules/chg_lib/chg_lib_maxwell.c:174:17:mxr_build_frame_id	32	static
D:/Projects/Charger_CTRL/Charger/Modules/chg_lib/chg_lib_maxwell.c:189:13:send_frame	48	static
D:/Projects/Charger_CTRL/Charger/Modules/chg_lib/chg_lib_maxwell.c:210:13:send_set_float	40	static
D:/Projects/Charger_CTRL/Charger/Modules/chg_lib/chg_lib_maxwell.c:217:13:send_set_u32	40	static
D:/Projects/Charger_CTRL/Charger/Modules/chg_lib/chg_lib_maxwell.c:224:13:send_read	24	static
D:/Projects/Charger_CTRL/Charger/Modules/chg_lib/chg_lib_maxwell.c:230:14:rated_current_or_fallback	24	static
D:/Projects/Charger_CTRL/Charger/Modules/chg_lib/chg_lib_maxwell.c:238:14:current_limit_to_ratio	32	static
D:/Projects/Charger_CTRL/Charger/Modules/chg_lib/chg_lib_maxwell.c:246:13:send_set_current_limit	16	static
D:/Projects/Charger_CTRL/Charger/Modules/chg_lib/chg_lib_maxwell.c:251:13:set_state	24	static
D:/Projects/Charger_CTRL/Charger/Modules/chg_lib/chg_lib_maxwell.c:297:13:check_offline_timeout	24	static
D:/Projects/Charger_CTRL/Charger/Modules/chg_lib/chg_lib_maxwell.c:319:24:find_by_addr	24	static
D:/Projects/Charger_CTRL/Charger/Modules/chg_lib/chg_lib_maxwell.c:329:28:parse_maxwell_alarm	24	static
D:/Projects/Charger_CTRL/Charger/Modules/chg_lib/chg_lib_maxwell.c:356:13:apply_response	40	static
D:/Projects/Charger_CTRL/Charger/Modules/chg_lib/chg_lib_maxwell.c:444:13:process_module	24	static
D:/Projects/Charger_CTRL/Charger/Modules/chg_lib/chg_lib_maxwell.c:551:13:mx_init	8	static
D:/Projects/Charger_CTRL/Charger/Modules/chg_lib/chg_lib_maxwell.c:558:15:mx_add_module	24	static
D:/Projects/Charger_CTRL/Charger/Modules/chg_lib/chg_lib_maxwell.c:581:13:mx_set_config	16	static
D:/Projects/Charger_CTRL/Charger/Modules/chg_lib/chg_lib_maxwell.c:589:14:mx_remove_module	32	static,ignoring_inline_asm
D:/Projects/Charger_CTRL/Charger/Modules/chg_lib/chg_lib_maxwell.c:611:13:mx_set_voltage	16	static
D:/Projects/Charger_CTRL/Charger/Modules/chg_lib/chg_lib_maxwell.c:623:13:mx_set_current_limit	16	static
D:/Projects/Charger_CTRL/Charger/Modules/chg_lib/chg_lib_maxwell.c:636:13:mx_start	24	static
D:/Projects/Charger_CTRL/Charger/Modules/chg_lib/chg_lib_maxwell.c:647:13:mx_stop	24	static
D:/Projects/Charger_CTRL/Charger/Modules/chg_lib/chg_lib_maxwell.c:660:13:mx_set_voltage_all	32	static
D:/Projects/Charger_CTRL/Charger/Modules/chg_lib/chg_lib_maxwell.c:665:13:mx_set_current_limit_all	32	static
D:/Projects/Charger_CTRL/Charger/Modules/chg_lib/chg_lib_maxwell.c:670:13:mx_start_all	16	static
D:/Projects/Charger_CTRL/Charger/Modules/chg_lib/chg_lib_maxwell.c:675:13:mx_stop_all	16	static
D:/Projects/Charger_CTRL/Charger/Modules/chg_lib/chg_lib_maxwell.c:680:13:mx_emergency_stop	24	static
D:/Projects/Charger_CTRL/Charger/Modules/chg_lib/chg_lib_maxwell.c:692:13:mx_process	32	static,ignoring_inline_asm
D:/Projects/Charger_CTRL/Charger/Modules/chg_lib/chg_lib_maxwell.c:714:13:mx_feed_frame	56	static
D:/Projects/Charger_CTRL/Charger/Modules/chg_lib/chg_lib_maxwell.c:734:13:mx_get_system_summary	32	static
D:/Projects/Charger_CTRL/Charger/Modules/chg_lib/chg_lib_maxwell.c:760:16:mx_get_module_count	8	static
D:/Projects/Charger_CTRL/Charger/Modules/chg_lib/chg_lib_maxwell.c:765:13:mx_get_module_view	128	static,ignoring_inline_asm
D:/Projects/Charger_CTRL/Charger/Modules/chg_lib/chg_lib_maxwell.c:801:28:CHG_LIB_MaxwellDriverOps	8	static
