D:/Projects/Charger_CTRL/Charger/Modules/chg_lib/priv/chg_lib_core_priv.h:34:24:CHG_LIB_NowTick	8	static
D:/Projects/Charger_CTRL/Charger/Modules/chg_lib/priv/chg_lib_protocol.h:132:24:CHG_LIB_ProtocolBEToU16	16	static
D:/Projects/Charger_CTRL/Charger/Modules/chg_lib/chg_lib_lianming.c:96:17:lm_build_can_id	24	static
D:/Projects/Charger_CTRL/Charger/Modules/chg_lib/chg_lib_lianming.c:107:16:lm_parse_response_addr	16	static
D:/Projects/Charger_CTRL/Charger/Modules/chg_lib/chg_lib_lianming.c:116:14:lm_payload_to_voltage	32	static
D:/Projects/Charger_CTRL/Charger/Modules/chg_lib/chg_lib_lianming.c:127:14:lm_payload_to_current	32	static
D:/Projects/Charger_CTRL/Charger/Modules/chg_lib/chg_lib_lianming.c:159:28:parse_lianming_alarm	24	static
D:/Projects/Charger_CTRL/Charger/Modules/chg_lib/chg_lib_lianming.c:179:24:lm_state_from_flags	16	static
D:/Projects/Charger_CTRL/Charger/Modules/chg_lib/chg_lib_lianming.c:196:13:clear_view	16	static
D:/Projects/Charger_CTRL/Charger/Modules/chg_lib/chg_lib_lianming.c:204:13:set_state	24	static
D:/Projects/Charger_CTRL/Charger/Modules/chg_lib/chg_lib_lianming.c:251:13:check_offline_timeout	48	static
D:/Projects/Charger_CTRL/Charger/Modules/chg_lib/chg_lib_lianming.c:279:13:lm_send_read	40	static
D:/Projects/Charger_CTRL/Charger/Modules/chg_lib/chg_lib_lianming.c:292:13:lm_set_output	56	static
D:/Projects/Charger_CTRL/Charger/Modules/chg_lib/chg_lib_lianming.c:323:13:lm_start_module	40	static
D:/Projects/Charger_CTRL/Charger/Modules/chg_lib/chg_lib_lianming.c:336:13:lm_stop_module	40	static
D:/Projects/Charger_CTRL/Charger/Modules/chg_lib/chg_lib_lianming.c:350:13:lm_send_ac_read	40	static
D:/Projects/Charger_CTRL/Charger/Modules/chg_lib/chg_lib_lianming.c:363:13:lm_send_temp_read	40	static
D:/Projects/Charger_CTRL/Charger/Modules/chg_lib/chg_lib_lianming.c:377:13:lm_read_status	24	static
D:/Projects/Charger_CTRL/Charger/Modules/chg_lib/chg_lib_lianming.c:403:16:find_by_addr	24	static
D:/Projects/Charger_CTRL/Charger/Modules/chg_lib/chg_lib_lianming.c:413:13:sync_state_from_flags	40	static
D:/Projects/Charger_CTRL/Charger/Modules/chg_lib/chg_lib_lianming.c:435:13:apply_status	40	static
D:/Projects/Charger_CTRL/Charger/Modules/chg_lib/chg_lib_lianming.c:469:13:process_module	24	static
D:/Projects/Charger_CTRL/Charger/Modules/chg_lib/chg_lib_lianming.c:561:6:CHG_Lianming_Init	8	static
D:/Projects/Charger_CTRL/Charger/Modules/chg_lib/chg_lib_lianming.c:568:13:lm_init	8	static
D:/Projects/Charger_CTRL/Charger/Modules/chg_lib/chg_lib_lianming.c:573:15:lm_add_module	24	static
D:/Projects/Charger_CTRL/Charger/Modules/chg_lib/chg_lib_lianming.c:602:13:lm_set_config	16	static
D:/Projects/Charger_CTRL/Charger/Modules/chg_lib/chg_lib_lianming.c:610:13:lm_remove_module	32	static,ignoring_inline_asm
D:/Projects/Charger_CTRL/Charger/Modules/chg_lib/chg_lib_lianming.c:628:13:lm_set_voltage	16	static
D:/Projects/Charger_CTRL/Charger/Modules/chg_lib/chg_lib_lianming.c:639:13:lm_set_current_limit	16	static
D:/Projects/Charger_CTRL/Charger/Modules/chg_lib/chg_lib_lianming.c:655:13:lm_start	24	static
D:/Projects/Charger_CTRL/Charger/Modules/chg_lib/chg_lib_lianming.c:666:13:lm_stop	24	static
D:/Projects/Charger_CTRL/Charger/Modules/chg_lib/chg_lib_lianming.c:676:13:lm_set_voltage_all	32	static
D:/Projects/Charger_CTRL/Charger/Modules/chg_lib/chg_lib_lianming.c:683:13:lm_set_current_limit_all	32	static
D:/Projects/Charger_CTRL/Charger/Modules/chg_lib/chg_lib_lianming.c:690:13:lm_start_all	16	static
D:/Projects/Charger_CTRL/Charger/Modules/chg_lib/chg_lib_lianming.c:697:13:lm_stop_all	16	static
D:/Projects/Charger_CTRL/Charger/Modules/chg_lib/chg_lib_lianming.c:704:13:lm_emergency_stop	16	static
D:/Projects/Charger_CTRL/Charger/Modules/chg_lib/chg_lib_lianming.c:715:13:lm_process	24	static,ignoring_inline_asm
D:/Projects/Charger_CTRL/Charger/Modules/chg_lib/chg_lib_lianming.c:728:13:lm_process_rx	72	static
D:/Projects/Charger_CTRL/Charger/Modules/chg_lib/chg_lib_lianming.c:787:13:lm_feed_frame	40	static
D:/Projects/Charger_CTRL/Charger/Modules/chg_lib/chg_lib_lianming.c:794:13:lm_get_system_summary	32	static
D:/Projects/Charger_CTRL/Charger/Modules/chg_lib/chg_lib_lianming.c:803:16:lm_get_module_count	8	static
D:/Projects/Charger_CTRL/Charger/Modules/chg_lib/chg_lib_lianming.c:808:13:lm_get_module_view	128	static,ignoring_inline_asm
D:/Projects/Charger_CTRL/Charger/Modules/chg_lib/chg_lib_lianming.c:842:28:CHG_LIB_LianmingDriverOps	8	static
