D:/Projects/Charger_CTRL/Charger/Modules/chg_lib/priv/chg_lib_core_priv.h:34:24:CHG_LIB_NowTick	8	static
D:/Projects/Charger_CTRL/Charger/Modules/chg_lib/chg_lib_tonhe.c:107:17:tonhe_build_id	24	static
D:/Projects/Charger_CTRL/Charger/Modules/chg_lib/chg_lib_tonhe.c:115:17:tonhe_specific_cmd_id	16	static
D:/Projects/Charger_CTRL/Charger/Modules/chg_lib/chg_lib_tonhe.c:120:17:tonhe_param_set_id	8	static
D:/Projects/Charger_CTRL/Charger/Modules/chg_lib/chg_lib_tonhe.c:125:17:tonhe_timing_cmd_id	8	static
D:/Projects/Charger_CTRL/Charger/Modules/chg_lib/chg_lib_tonhe.c:130:13:tonhe_build_process_flags	32	static
D:/Projects/Charger_CTRL/Charger/Modules/chg_lib/chg_lib_tonhe.c:153:28:tonhe_parse_fault	24	static
D:/Projects/Charger_CTRL/Charger/Modules/chg_lib/chg_lib_tonhe.c:187:28:tonhe_parse_extended_fault	24	static
D:/Projects/Charger_CTRL/Charger/Modules/chg_lib/chg_lib_tonhe.c:207:13:send_specific_start_stop	48	static
D:/Projects/Charger_CTRL/Charger/Modules/chg_lib/chg_lib_tonhe.c:240:13:send_param_set	48	static
D:/Projects/Charger_CTRL/Charger/Modules/chg_lib/chg_lib_tonhe.c:265:13:send_timing_command	16	static
D:/Projects/Charger_CTRL/Charger/Modules/chg_lib/chg_lib_tonhe.c:273:13:parse_status	48	static
D:/Projects/Charger_CTRL/Charger/Modules/chg_lib/chg_lib_tonhe.c:348:13:parse_confirm	32	static
D:/Projects/Charger_CTRL/Charger/Modules/chg_lib/chg_lib_tonhe.c:373:13:parse_ac_phase	40	static
D:/Projects/Charger_CTRL/Charger/Modules/chg_lib/chg_lib_tonhe.c:406:13:parse_extended	48	static
D:/Projects/Charger_CTRL/Charger/Modules/chg_lib/chg_lib_tonhe.c:435:13:set_state	24	static
D:/Projects/Charger_CTRL/Charger/Modules/chg_lib/chg_lib_tonhe.c:468:13:check_offline_timeout	24	static
D:/Projects/Charger_CTRL/Charger/Modules/chg_lib/chg_lib_tonhe.c:490:13:process_module	16	static
D:/Projects/Charger_CTRL/Charger/Modules/chg_lib/chg_lib_tonhe.c:614:13:tonhe_init	8	static
D:/Projects/Charger_CTRL/Charger/Modules/chg_lib/chg_lib_tonhe.c:622:15:tonhe_add_module	24	static
D:/Projects/Charger_CTRL/Charger/Modules/chg_lib/chg_lib_tonhe.c:653:13:tonhe_set_config	16	static
D:/Projects/Charger_CTRL/Charger/Modules/chg_lib/chg_lib_tonhe.c:660:13:tonhe_remove_module	32	static,ignoring_inline_asm
D:/Projects/Charger_CTRL/Charger/Modules/chg_lib/chg_lib_tonhe.c:675:13:tonhe_set_voltage	16	static
D:/Projects/Charger_CTRL/Charger/Modules/chg_lib/chg_lib_tonhe.c:695:13:tonhe_set_current_limit	16	static
D:/Projects/Charger_CTRL/Charger/Modules/chg_lib/chg_lib_tonhe.c:714:13:tonhe_start	16	static
D:/Projects/Charger_CTRL/Charger/Modules/chg_lib/chg_lib_tonhe.c:721:13:tonhe_stop	24	static
D:/Projects/Charger_CTRL/Charger/Modules/chg_lib/chg_lib_tonhe.c:735:13:tonhe_set_voltage_all	32	static
D:/Projects/Charger_CTRL/Charger/Modules/chg_lib/chg_lib_tonhe.c:742:13:tonhe_set_current_limit_all	32	static
D:/Projects/Charger_CTRL/Charger/Modules/chg_lib/chg_lib_tonhe.c:749:13:tonhe_start_all	16	static
D:/Projects/Charger_CTRL/Charger/Modules/chg_lib/chg_lib_tonhe.c:756:13:tonhe_stop_all	16	static
D:/Projects/Charger_CTRL/Charger/Modules/chg_lib/chg_lib_tonhe.c:763:13:tonhe_emergency_stop	16	static
D:/Projects/Charger_CTRL/Charger/Modules/chg_lib/chg_lib_tonhe.c:776:13:tonhe_process	32	static,ignoring_inline_asm
D:/Projects/Charger_CTRL/Charger/Modules/chg_lib/chg_lib_tonhe.c:801:13:tonhe_feed_frame	40	static
D:/Projects/Charger_CTRL/Charger/Modules/chg_lib/chg_lib_tonhe.c:859:13:tonhe_get_system_summary	32	static
D:/Projects/Charger_CTRL/Charger/Modules/chg_lib/chg_lib_tonhe.c:891:16:tonhe_get_module_count	8	static
D:/Projects/Charger_CTRL/Charger/Modules/chg_lib/chg_lib_tonhe.c:896:13:tonhe_get_module_view	128	static,ignoring_inline_asm
D:/Projects/Charger_CTRL/Charger/Modules/chg_lib/chg_lib_tonhe.c:932:28:CHG_LIB_TonheDriverOps	8	static
