D:/Projects/Charger_CTRL/Charger/Modules/chg_lib/chg_lib_core.c:10:35:get_active	8	static
D:/Projects/Charger_CTRL/Charger/Modules/chg_lib/chg_lib_core.c:15:13:names_match	16	static
D:/Projects/Charger_CTRL/Charger/Modules/chg_lib/chg_lib_core.c:21:6:CHG_LIB_RegisterDriver	16	static
D:/Projects/Charger_CTRL/Charger/Modules/chg_lib/chg_lib_core.c:28:6:CHG_LIB_IsDriverRegistered	16	static
D:/Projects/Charger_CTRL/Charger/Modules/chg_lib/chg_lib_core.c:34:6:CHG_LIB_SelectDriver	24	static
D:/Projects/Charger_CTRL/Charger/Modules/chg_lib/chg_lib_core.c:60:6:CHG_LIB_SelectDriverByName	32	static
D:/Projects/Charger_CTRL/Charger/Modules/chg_lib/chg_lib_core.c:94:20:CHG_LIB_GetActiveDriverId	8	static
D:/Projects/Charger_CTRL/Charger/Modules/chg_lib/chg_lib_core.c:99:13:CHG_LIB_GetActiveDriverName	16	static
D:/Projects/Charger_CTRL/Charger/Modules/chg_lib/chg_lib_core.c:105:6:CHG_LIB_Init	16	static
D:/Projects/Charger_CTRL/Charger/Modules/chg_lib/chg_lib_core.c:111:8:CHG_LIB_AddModule	24	static
D:/Projects/Charger_CTRL/Charger/Modules/chg_lib/chg_lib_core.c:117:6:CHG_LIB_SetModuleConfig	24	static
D:/Projects/Charger_CTRL/Charger/Modules/chg_lib/chg_lib_core.c:123:6:CHG_LIB_RemoveModule	24	static
D:/Projects/Charger_CTRL/Charger/Modules/chg_lib/chg_lib_core.c:129:6:CHG_LIB_SetVoltage	24	static
D:/Projects/Charger_CTRL/Charger/Modules/chg_lib/chg_lib_core.c:135:6:CHG_LIB_SetCurrentLimit	24	static
D:/Projects/Charger_CTRL/Charger/Modules/chg_lib/chg_lib_core.c:141:6:CHG_LIB_Start	24	static
D:/Projects/Charger_CTRL/Charger/Modules/chg_lib/chg_lib_core.c:147:6:CHG_LIB_Stop	24	static
D:/Projects/Charger_CTRL/Charger/Modules/chg_lib/chg_lib_core.c:153:6:CHG_LIB_SetVoltageAll	24	static
D:/Projects/Charger_CTRL/Charger/Modules/chg_lib/chg_lib_core.c:159:6:CHG_LIB_SetCurrentLimitAll	24	static
D:/Projects/Charger_CTRL/Charger/Modules/chg_lib/chg_lib_core.c:165:6:CHG_LIB_StartAll	16	static
D:/Projects/Charger_CTRL/Charger/Modules/chg_lib/chg_lib_core.c:171:6:CHG_LIB_StopAll	16	static
D:/Projects/Charger_CTRL/Charger/Modules/chg_lib/chg_lib_core.c:177:6:CHG_LIB_EmergencyStop	16	static
D:/Projects/Charger_CTRL/Charger/Modules/chg_lib/chg_lib_core.c:183:6:CHG_LIB_Process	24	static,ignoring_inline_asm
D:/Projects/Charger_CTRL/Charger/Modules/chg_lib/chg_lib_core.c:192:6:CHG_LIB_FeedCanFrame	32	static,ignoring_inline_asm
D:/Projects/Charger_CTRL/Charger/Modules/chg_lib/chg_lib_core.c:202:6:CHG_LIB_GetSystemSummary	24	static
D:/Projects/Charger_CTRL/Charger/Modules/chg_lib/chg_lib_core.c:210:9:CHG_LIB_GetModuleCount	16	static
D:/Projects/Charger_CTRL/Charger/Modules/chg_lib/chg_lib_core.c:216:6:CHG_LIB_GetModuleView	24	static,ignoring_inline_asm
