D:/Projects/Charger_CTRL/Charger/App/Protocol/pc_debug_protocol.c:151:10:DebugProtocol_BuildSystemInfo.part.0	304	static
D:/Projects/Charger_CTRL/Charger/App/Protocol/pc_debug_protocol.c:219:10:DebugProtocol_BuildBMSData.part.0	128	static
D:/Projects/Charger_CTRL/Charger/App/Protocol/pc_debug_protocol.c:291:10:DebugProtocol_BuildChargeConfig.part.0	224	static
D:/Projects/Charger_CTRL/Charger/App/Protocol/pc_debug_protocol.c:28:6:DebugProtocol_Init	0	static
D:/Projects/Charger_CTRL/Charger/App/Protocol/pc_debug_protocol.c:35:6:DebugProtocol_Enter	8	static
D:/Projects/Charger_CTRL/Charger/App/Protocol/pc_debug_protocol.c:43:6:DebugProtocol_Exit	0	static
D:/Projects/Charger_CTRL/Charger/App/Protocol/pc_debug_protocol.c:49:6:DebugProtocol_IsActive	0	static
D:/Projects/Charger_CTRL/Charger/App/Protocol/pc_debug_protocol.c:54:10:DebugProtocol_BuildModuleData	120	static
D:/Projects/Charger_CTRL/Charger/App/Protocol/pc_debug_protocol.c:119:10:DebugProtocol_BuildAllModulesData	32	static
D:/Projects/Charger_CTRL/Charger/App/Protocol/pc_debug_protocol.c:151:10:DebugProtocol_BuildSystemInfo	8	static
D:/Projects/Charger_CTRL/Charger/App/Protocol/pc_debug_protocol.c:219:10:DebugProtocol_BuildBMSData	8	static
D:/Projects/Charger_CTRL/Charger/App/Protocol/pc_debug_protocol.c:269:10:DebugProtocol_BuildCommStats	120	static
D:/Projects/Charger_CTRL/Charger/App/Protocol/pc_debug_protocol.c:291:10:DebugProtocol_BuildChargeConfig	8	static
D:/Projects/Charger_CTRL/Charger/App/Protocol/pc_debug_protocol.c:305:6:DebugProtocol_SendStream	264	static
D:/Projects/Charger_CTRL/Charger/App/Protocol/pc_debug_protocol.c:325:6:DebugProtocol_HandleCommand	488	static
