D:/Projects/Charger_CTRL/Charger/App/Protocol/pc_protocol.c:71:16:crc8	20	static
D:/Projects/Charger_CTRL/Charger/App/Protocol/pc_protocol.c:85:13:enqueue_frame.isra	32	static,ignoring_inline_asm
D:/Projects/Charger_CTRL/Charger/App/Protocol/pc_protocol.c:252:13:send_nack	16	static
D:/Projects/Charger_CTRL/Charger/App/Protocol/pc_protocol.c:286:13:send_read_reg_response.part.0	24	static
D:/Projects/Charger_CTRL/Charger/App/Protocol/pc_protocol.c:143:6:PC_Protocol_ProcessTx	32	static,ignoring_inline_asm
D:/Projects/Charger_CTRL/Charger/App/Protocol/pc_protocol.c:223:6:PC_Protocol_NotifyTxComplete	8	static,ignoring_inline_asm
D:/Projects/Charger_CTRL/Charger/App/Protocol/pc_protocol.c:237:6:PC_Protocol_ResetTx	0	static,ignoring_inline_asm
D:/Projects/Charger_CTRL/Charger/App/Protocol/pc_protocol.c:543:6:PC_Protocol_SendStatus	304	static
D:/Projects/Charger_CTRL/Charger/App/Protocol/pc_protocol.c:586:6:PC_Protocol_SendPong	16	static
D:/Projects/Charger_CTRL/Charger/App/Protocol/pc_protocol.c:504:6:PC_Protocol_FeedByte	512	static
D:/Projects/Charger_CTRL/Charger/App/Protocol/pc_protocol.c:594:6:PC_Protocol_SendFrame	8	static
D:/Projects/Charger_CTRL/Charger/App/Protocol/pc_protocol.c:600:6:PC_Protocol_IsCharging	8	static
