D:/Projects/Charger_CTRL/Charger/Modules/chg_lib/priv/chg_lib_protocol.h:87:21:CHG_LIB_ProtocolBEToFloat	0	static
D:/Projects/Charger_CTRL/Charger/Modules/chg_lib/chg_lib_maxwell.c:251:13:set_state	12	static
D:/Projects/Charger_CTRL/Charger/Modules/chg_lib/chg_lib_maxwell.c:318:24:find_by_addr	20	static
D:/Projects/Charger_CTRL/Charger/Modules/chg_lib/chg_lib_maxwell.c:580:13:mx_set_config	16	static
D:/Projects/Charger_CTRL/Charger/Modules/chg_lib/chg_lib_maxwell.c:742:16:mx_get_module_count	0	static
D:/Projects/Charger_CTRL/Charger/Modules/chg_lib/chg_lib_maxwell.c:557:15:mx_add_module	40	static
D:/Projects/Charger_CTRL/Charger/Modules/chg_lib/chg_lib_maxwell.c:550:13:mx_init	8	static
D:/Projects/Charger_CTRL/Charger/Modules/chg_lib/chg_lib_maxwell.c:635:13:mx_start	16	static
D:/Projects/Charger_CTRL/Charger/Modules/chg_lib/chg_lib_maxwell.c:669:13:mx_start_all	8	static
D:/Projects/Charger_CTRL/Charger/Modules/chg_lib/chg_lib_maxwell.c:189:13:send_frame	24	static
D:/Projects/Charger_CTRL/Charger/Modules/chg_lib/chg_lib_maxwell.c:210:13:send_set_float	16	static
D:/Projects/Charger_CTRL/Charger/Modules/chg_lib/chg_lib_maxwell.c:610:13:mx_set_voltage	8	static
D:/Projects/Charger_CTRL/Charger/Modules/chg_lib/chg_lib_maxwell.c:659:13:mx_set_voltage_all	16	static
D:/Projects/Charger_CTRL/Charger/Modules/chg_lib/chg_lib_maxwell.c:747:13:mx_get_module_view	112	static,ignoring_inline_asm
D:/Projects/Charger_CTRL/Charger/Modules/chg_lib/chg_lib_maxwell.c:733:13:mx_get_system_summary	16	static
D:/Projects/Charger_CTRL/Charger/Modules/chg_lib/chg_lib_maxwell.c:217:13:send_set_u32.constprop.isra	16	static
D:/Projects/Charger_CTRL/Charger/Modules/chg_lib/chg_lib_maxwell.c:679:13:mx_emergency_stop	32	static
D:/Projects/Charger_CTRL/Charger/Modules/chg_lib/chg_lib_maxwell.c:646:13:mx_stop	24	static
D:/Projects/Charger_CTRL/Charger/Modules/chg_lib/chg_lib_maxwell.c:674:13:mx_stop_all	8	static
D:/Projects/Charger_CTRL/Charger/Modules/chg_lib/chg_lib_maxwell.c:588:14:mx_remove_module	24	static,ignoring_inline_asm
D:/Projects/Charger_CTRL/Charger/Modules/chg_lib/chg_lib_maxwell.c:224:13:send_read.isra	16	static
D:/Projects/Charger_CTRL/Charger/Modules/chg_lib/chg_lib_maxwell.c:246:13:send_set_current_limit	16	static
D:/Projects/Charger_CTRL/Charger/Modules/chg_lib/chg_lib_maxwell.c:622:13:mx_set_current_limit	24	static
D:/Projects/Charger_CTRL/Charger/Modules/chg_lib/chg_lib_maxwell.c:664:13:mx_set_current_limit_all	16	static
D:/Projects/Charger_CTRL/Charger/Modules/chg_lib/chg_lib_maxwell.c:691:13:mx_process	56	static,ignoring_inline_asm
D:/Projects/Charger_CTRL/Charger/Modules/chg_lib/chg_lib_maxwell.c:713:13:mx_feed_frame	24	static
D:/Projects/Charger_CTRL/Charger/Modules/chg_lib/chg_lib_maxwell.c:783:28:CHG_LIB_MaxwellDriverOps	0	static
