D:/Projects/Charger_CTRL/Charger/Modules/chg_lib/chg_lib_core.c:21:6:CHG_LIB_RegisterDriver	0	static
D:/Projects/Charger_CTRL/Charger/Modules/chg_lib/chg_lib_core.c:28:6:CHG_LIB_IsDriverRegistered	0	static
D:/Projects/Charger_CTRL/Charger/Modules/chg_lib/chg_lib_core.c:34:6:CHG_LIB_SelectDriver	24	static
D:/Projects/Charger_CTRL/Charger/Modules/chg_lib/chg_lib_core.c:60:6:CHG_LIB_SelectDriverByName	32	static
D:/Projects/Charger_CTRL/Charger/Modules/chg_lib/chg_lib_core.c:94:20:CHG_LIB_GetActiveDriverId	0	static
D:/Projects/Charger_CTRL/Charger/Modules/chg_lib/chg_lib_core.c:99:13:CHG_LIB_GetActiveDriverName	0	static
D:/Projects/Charger_CTRL/Charger/Modules/chg_lib/chg_lib_core.c:105:6:CHG_LIB_Init	8	static
D:/Projects/Charger_CTRL/Charger/Modules/chg_lib/chg_lib_core.c:111:8:CHG_LIB_AddModule	8	static
D:/Projects/Charger_CTRL/Charger/Modules/chg_lib/chg_lib_core.c:117:6:CHG_LIB_SetModuleConfig	8	static
D:/Projects/Charger_CTRL/Charger/Modules/chg_lib/chg_lib_core.c:123:6:CHG_LIB_RemoveModule	8	static
D:/Projects/Charger_CTRL/Charger/Modules/chg_lib/chg_lib_core.c:129:6:CHG_LIB_SetVoltage	8	static
D:/Projects/Charger_CTRL/Charger/Modules/chg_lib/chg_lib_core.c:135:6:CHG_LIB_SetCurrentLimit	8	static
D:/Projects/Charger_CTRL/Charger/Modules/chg_lib/chg_lib_core.c:141:6:CHG_LIB_Start	8	static
D:/Projects/Charger_CTRL/Charger/Modules/chg_lib/chg_lib_core.c:147:6:CHG_LIB_Stop	8	static
D:/Projects/Charger_CTRL/Charger/Modules/chg_lib/chg_lib_core.c:153:6:CHG_LIB_SetVoltageAll	8	static
D:/Projects/Charger_CTRL/Charger/Modules/chg_lib/chg_lib_core.c:159:6:CHG_LIB_SetCurrentLimitAll	8	static
D:/Projects/Charger_CTRL/Charger/Modules/chg_lib/chg_lib_core.c:165:6:CHG_LIB_StartAll	8	static
D:/Projects/Charger_CTRL/Charger/Modules/chg_lib/chg_lib_core.c:171:6:CHG_LIB_StopAll	8	static
D:/Projects/Charger_CTRL/Charger/Modules/chg_lib/chg_lib_core.c:177:6:CHG_LIB_EmergencyStop	8	static
D:/Projects/Charger_CTRL/Charger/Modules/chg_lib/chg_lib_core.c:183:6:CHG_LIB_Process	8	static,ignoring_inline_asm
D:/Projects/Charger_CTRL/Charger/Modules/chg_lib/chg_lib_core.c:192:6:CHG_LIB_FeedCanFrame	8	static,ignoring_inline_asm
D:/Projects/Charger_CTRL/Charger/Modules/chg_lib/chg_lib_core.c:202:6:CHG_LIB_GetSystemSummary	16	static
D:/Projects/Charger_CTRL/Charger/Modules/chg_lib/chg_lib_core.c:210:9:CHG_LIB_GetModuleCount	8	static
D:/Projects/Charger_CTRL/Charger/Modules/chg_lib/chg_lib_core.c:216:6:CHG_LIB_GetModuleView	8	static,ignoring_inline_asm
