D:/Projects/Charger_CTRL/Charger/Modules/chg_lib/chg_lib_lianming.c:204:13:set_state	20	static
D:/Projects/Charger_CTRL/Charger/Modules/chg_lib/chg_lib_lianming.c:403:16:find_by_addr	16	static
D:/Projects/Charger_CTRL/Charger/Modules/chg_lib/chg_lib_lianming.c:602:13:lm_set_config	16	static
D:/Projects/Charger_CTRL/Charger/Modules/chg_lib/chg_lib_lianming.c:803:16:lm_get_module_count	0	static
D:/Projects/Charger_CTRL/Charger/Modules/chg_lib/chg_lib_lianming.c:573:15:lm_add_module	32	static
D:/Projects/Charger_CTRL/Charger/Modules/chg_lib/chg_lib_lianming.c:655:13:lm_start	16	static
D:/Projects/Charger_CTRL/Charger/Modules/chg_lib/chg_lib_lianming.c:690:13:lm_start_all	8	static
D:/Projects/Charger_CTRL/Charger/Modules/chg_lib/chg_lib_lianming.c:292:13:lm_set_output	24	static
D:/Projects/Charger_CTRL/Charger/Modules/chg_lib/chg_lib_lianming.c:639:13:lm_set_current_limit	32	static
D:/Projects/Charger_CTRL/Charger/Modules/chg_lib/chg_lib_lianming.c:683:13:lm_set_current_limit_all	16	static
D:/Projects/Charger_CTRL/Charger/Modules/chg_lib/chg_lib_lianming.c:628:13:lm_set_voltage	8	static
D:/Projects/Charger_CTRL/Charger/Modules/chg_lib/chg_lib_lianming.c:676:13:lm_set_voltage_all	16	static
D:/Projects/Charger_CTRL/Charger/Modules/chg_lib/chg_lib_lianming.c:336:13:lm_stop_module	24	static
D:/Projects/Charger_CTRL/Charger/Modules/chg_lib/chg_lib_lianming.c:704:13:lm_emergency_stop	24	static
D:/Projects/Charger_CTRL/Charger/Modules/chg_lib/chg_lib_lianming.c:666:13:lm_stop	24	static
D:/Projects/Charger_CTRL/Charger/Modules/chg_lib/chg_lib_lianming.c:697:13:lm_stop_all	8	static
D:/Projects/Charger_CTRL/Charger/Modules/chg_lib/chg_lib_lianming.c:808:13:lm_get_module_view	112	static,ignoring_inline_asm
D:/Projects/Charger_CTRL/Charger/Modules/chg_lib/chg_lib_lianming.c:610:13:lm_remove_module	24	static,ignoring_inline_asm
D:/Projects/Charger_CTRL/Charger/Modules/chg_lib/chg_lib_lianming.c:794:13:lm_get_system_summary	16	static
D:/Projects/Charger_CTRL/Charger/Modules/chg_lib/chg_lib_lianming.c:787:13:lm_feed_frame	32	static
D:/Projects/Charger_CTRL/Charger/Modules/chg_lib/chg_lib_lianming.c:279:13:lm_send_read	16	static
D:/Projects/Charger_CTRL/Charger/Modules/chg_lib/chg_lib_lianming.c:377:13:lm_read_status	32	static
D:/Projects/Charger_CTRL/Charger/Modules/chg_lib/chg_lib_lianming.c:715:13:lm_process	72	static,ignoring_inline_asm
D:/Projects/Charger_CTRL/Charger/Modules/chg_lib/chg_lib_lianming.c:561:6:CHG_Lianming_Init	8	static
D:/Projects/Charger_CTRL/Charger/Modules/chg_lib/chg_lib_lianming.c:568:13:lm_init	8	static
D:/Projects/Charger_CTRL/Charger/Modules/chg_lib/chg_lib_lianming.c:842:28:CHG_LIB_LianmingDriverOps	0	static
