D:/Projects/Charger_CTRL/Charger/Modules/chg_lib/chg_lib_tonhe.c:153:28:tonhe_parse_fault	8	static
D:/Projects/Charger_CTRL/Charger/Modules/chg_lib/chg_lib_tonhe.c:435:13:set_state	20	static
D:/Projects/Charger_CTRL/Charger/Modules/chg_lib/chg_lib_tonhe.c:652:13:tonhe_set_config	0	static
D:/Projects/Charger_CTRL/Charger/Modules/chg_lib/chg_lib_tonhe.c:713:13:tonhe_start	0	static
D:/Projects/Charger_CTRL/Charger/Modules/chg_lib/chg_lib_tonhe.c:748:13:tonhe_start_all	8	static
D:/Projects/Charger_CTRL/Charger/Modules/chg_lib/chg_lib_tonhe.c:869:16:tonhe_get_module_count	0	static
D:/Projects/Charger_CTRL/Charger/Modules/chg_lib/chg_lib_tonhe.c:613:13:tonhe_init	8	static
D:/Projects/Charger_CTRL/Charger/Modules/chg_lib/chg_lib_tonhe.c:207:13:send_specific_start_stop	24	static
D:/Projects/Charger_CTRL/Charger/Modules/chg_lib/chg_lib_tonhe.c:762:13:tonhe_emergency_stop	24	static
D:/Projects/Charger_CTRL/Charger/Modules/chg_lib/chg_lib_tonhe.c:720:13:tonhe_stop	16	static
D:/Projects/Charger_CTRL/Charger/Modules/chg_lib/chg_lib_tonhe.c:755:13:tonhe_stop_all	8	static
D:/Projects/Charger_CTRL/Charger/Modules/chg_lib/chg_lib_tonhe.c:240:13:send_param_set	40	static
D:/Projects/Charger_CTRL/Charger/Modules/chg_lib/chg_lib_tonhe.c:694:13:tonhe_set_current_limit	24	static
D:/Projects/Charger_CTRL/Charger/Modules/chg_lib/chg_lib_tonhe.c:741:13:tonhe_set_current_limit_all	16	static
D:/Projects/Charger_CTRL/Charger/Modules/chg_lib/chg_lib_tonhe.c:674:13:tonhe_set_voltage	24	static
D:/Projects/Charger_CTRL/Charger/Modules/chg_lib/chg_lib_tonhe.c:734:13:tonhe_set_voltage_all	16	static
D:/Projects/Charger_CTRL/Charger/Modules/chg_lib/chg_lib_tonhe.c:874:13:tonhe_get_module_view	112	static,ignoring_inline_asm
D:/Projects/Charger_CTRL/Charger/Modules/chg_lib/chg_lib_tonhe.c:659:13:tonhe_remove_module	24	static,ignoring_inline_asm
D:/Projects/Charger_CTRL/Charger/Modules/chg_lib/chg_lib_tonhe.c:621:15:tonhe_add_module	32	static
D:/Projects/Charger_CTRL/Charger/Modules/chg_lib/chg_lib_tonhe.c:858:13:tonhe_get_system_summary	24	static
D:/Projects/Charger_CTRL/Charger/Modules/chg_lib/chg_lib_tonhe.c:800:13:tonhe_feed_frame	32	static
D:/Projects/Charger_CTRL/Charger/Modules/chg_lib/chg_lib_tonhe.c:775:13:tonhe_process	64	static,ignoring_inline_asm
D:/Projects/Charger_CTRL/Charger/Modules/chg_lib/chg_lib_tonhe.c:910:28:CHG_LIB_TonheDriverOps	0	static
