D:/Projects/Charger_CTRL/Charger/Modules/bms/bms_core.c:161:13:transmit_ctrl_info	32	static
D:/Projects/Charger_CTRL/Charger/Modules/bms/bms_core.c:190:6:BMS_Init	8	static
D:/Projects/Charger_CTRL/Charger/Modules/bms/bms_core.c:205:6:BMS_FeedFrame	24	static
D:/Projects/Charger_CTRL/Charger/Modules/bms/bms_core.c:229:6:BMS_Process	240	static,ignoring_inline_asm
D:/Projects/Charger_CTRL/Charger/Modules/bms/bms_core.c:403:6:BMS_SendCtrlInfo	8	static
D:/Projects/Charger_CTRL/Charger/Modules/bms/bms_core.c:415:6:BMS_IsOnline	0	static
D:/Projects/Charger_CTRL/Charger/Modules/bms/bms_core.c:422:6:BMS_HasCriticalAlarm	0	static
D:/Projects/Charger_CTRL/Charger/Modules/bms/bms_core.c:434:6:BMS_GetView	8	static,ignoring_inline_asm
D:/Projects/Charger_CTRL/Charger/Modules/bms/bms_core.c:444:6:BMS_ShouldCloseChargeRelay	8	static,ignoring_inline_asm
