D:/Projects/Charger_CTRL/Charger/Modules/chg_lib/Inc/priv/chg_lib_core_priv.h:34:24:CHG_LIB_NowTick	8	static
D:/Projects/Charger_CTRL/Charger/Modules/chg_lib/Src/chg_lib_tonhe.c:106:17:tonhe_build_id	24	static
D:/Projects/Charger_CTRL/Charger/Modules/chg_lib/Src/chg_lib_tonhe.c:114:17:tonhe_specific_cmd_id	16	static
D:/Projects/Charger_CTRL/Charger/Modules/chg_lib/Src/chg_lib_tonhe.c:119:17:tonhe_param_set_id	8	static
D:/Projects/Charger_CTRL/Charger/Modules/chg_lib/Src/chg_lib_tonhe.c:124:17:tonhe_timing_cmd_id	8	static
D:/Projects/Charger_CTRL/Charger/Modules/chg_lib/Src/chg_lib_tonhe.c:129:13:tonhe_build_process_flags	32	static
D:/Projects/Charger_CTRL/Charger/Modules/chg_lib/Src/chg_lib_tonhe.c:152:28:tonhe_parse_fault	24	static
D:/Projects/Charger_CTRL/Charger/Modules/chg_lib/Src/chg_lib_tonhe.c:186:28:tonhe_parse_extended_fault	24	static
D:/Projects/Charger_CTRL/Charger/Modules/chg_lib/Src/chg_lib_tonhe.c:206:13:send_specific_start_stop	48	static
D:/Projects/Charger_CTRL/Charger/Modules/chg_lib/Src/chg_lib_tonhe.c:239:13:send_param_set	48	static
D:/Projects/Charger_CTRL/Charger/Modules/chg_lib/Src/chg_lib_tonhe.c:264:13:send_timing_command	16	static
D:/Projects/Charger_CTRL/Charger/Modules/chg_lib/Src/chg_lib_tonhe.c:272:13:parse_status	48	static
D:/Projects/Charger_CTRL/Charger/Modules/chg_lib/Src/chg_lib_tonhe.c:347:13:parse_confirm	32	static
D:/Projects/Charger_CTRL/Charger/Modules/chg_lib/Src/chg_lib_tonhe.c:372:13:parse_ac_phase	40	static
D:/Projects/Charger_CTRL/Charger/Modules/chg_lib/Src/chg_lib_tonhe.c:405:13:parse_extended	48	static
D:/Projects/Charger_CTRL/Charger/Modules/chg_lib/Src/chg_lib_tonhe.c:434:13:set_state	24	static
D:/Projects/Charger_CTRL/Charger/Modules/chg_lib/Src/chg_lib_tonhe.c:467:13:check_offline_timeout	24	static
D:/Projects/Charger_CTRL/Charger/Modules/chg_lib/Src/chg_lib_tonhe.c:489:13:process_module	16	static
D:/Projects/Charger_CTRL/Charger/Modules/chg_lib/Src/chg_lib_tonhe.c:601:13:tonhe_init	8	static
D:/Projects/Charger_CTRL/Charger/Modules/chg_lib/Src/chg_lib_tonhe.c:609:15:tonhe_add_module	24	static
D:/Projects/Charger_CTRL/Charger/Modules/chg_lib/Src/chg_lib_tonhe.c:640:13:tonhe_set_config	16	static
D:/Projects/Charger_CTRL/Charger/Modules/chg_lib/Src/chg_lib_tonhe.c:647:13:tonhe_remove_module	16	static
D:/Projects/Charger_CTRL/Charger/Modules/chg_lib/Src/chg_lib_tonhe.c:654:13:tonhe_set_voltage	16	static
D:/Projects/Charger_CTRL/Charger/Modules/chg_lib/Src/chg_lib_tonhe.c:674:13:tonhe_set_current_limit	16	static
D:/Projects/Charger_CTRL/Charger/Modules/chg_lib/Src/chg_lib_tonhe.c:693:13:tonhe_start	16	static
D:/Projects/Charger_CTRL/Charger/Modules/chg_lib/Src/chg_lib_tonhe.c:700:13:tonhe_stop	24	static
D:/Projects/Charger_CTRL/Charger/Modules/chg_lib/Src/chg_lib_tonhe.c:714:13:tonhe_set_voltage_all	32	static
D:/Projects/Charger_CTRL/Charger/Modules/chg_lib/Src/chg_lib_tonhe.c:721:13:tonhe_set_current_limit_all	32	static
D:/Projects/Charger_CTRL/Charger/Modules/chg_lib/Src/chg_lib_tonhe.c:728:13:tonhe_start_all	16	static
D:/Projects/Charger_CTRL/Charger/Modules/chg_lib/Src/chg_lib_tonhe.c:735:13:tonhe_stop_all	16	static
D:/Projects/Charger_CTRL/Charger/Modules/chg_lib/Src/chg_lib_tonhe.c:742:13:tonhe_emergency_stop	16	static
D:/Projects/Charger_CTRL/Charger/Modules/chg_lib/Src/chg_lib_tonhe.c:755:13:tonhe_process	24	static
D:/Projects/Charger_CTRL/Charger/Modules/chg_lib/Src/chg_lib_tonhe.c:770:13:tonhe_feed_frame	40	static
D:/Projects/Charger_CTRL/Charger/Modules/chg_lib/Src/chg_lib_tonhe.c:828:13:tonhe_get_system_summary	32	static
D:/Projects/Charger_CTRL/Charger/Modules/chg_lib/Src/chg_lib_tonhe.c:860:16:tonhe_get_module_count	8	static
D:/Projects/Charger_CTRL/Charger/Modules/chg_lib/Src/chg_lib_tonhe.c:865:13:tonhe_get_module_view	16	static
D:/Projects/Charger_CTRL/Charger/Modules/chg_lib/Src/chg_lib_tonhe.c:896:28:CHG_LIB_TonheDriverOps	8	static
