D:/Projects/Charger_CTRL/Charger/Modules/chg_lib/Src/chg_lib_core.c:9:35:get_active	8	static
D:/Projects/Charger_CTRL/Charger/Modules/chg_lib/Src/chg_lib_core.c:14:13:names_match	16	static
D:/Projects/Charger_CTRL/Charger/Modules/chg_lib/Src/chg_lib_core.c:20:6:CHG_LIB_RegisterDriver	16	static
D:/Projects/Charger_CTRL/Charger/Modules/chg_lib/Src/chg_lib_core.c:27:6:CHG_LIB_IsDriverRegistered	16	static
D:/Projects/Charger_CTRL/Charger/Modules/chg_lib/Src/chg_lib_core.c:33:6:CHG_LIB_SelectDriver	24	static
D:/Projects/Charger_CTRL/Charger/Modules/chg_lib/Src/chg_lib_core.c:55:6:CHG_LIB_SelectDriverByName	32	static
D:/Projects/Charger_CTRL/Charger/Modules/chg_lib/Src/chg_lib_core.c:85:20:CHG_LIB_GetActiveDriverId	8	static
D:/Projects/Charger_CTRL/Charger/Modules/chg_lib/Src/chg_lib_core.c:90:13:CHG_LIB_GetActiveDriverName	16	static
D:/Projects/Charger_CTRL/Charger/Modules/chg_lib/Src/chg_lib_core.c:96:6:CHG_LIB_Init	16	static
D:/Projects/Charger_CTRL/Charger/Modules/chg_lib/Src/chg_lib_core.c:102:8:CHG_LIB_AddModule	24	static
D:/Projects/Charger_CTRL/Charger/Modules/chg_lib/Src/chg_lib_core.c:108:6:CHG_LIB_SetModuleConfig	24	static
D:/Projects/Charger_CTRL/Charger/Modules/chg_lib/Src/chg_lib_core.c:114:6:CHG_LIB_RemoveModule	24	static
D:/Projects/Charger_CTRL/Charger/Modules/chg_lib/Src/chg_lib_core.c:120:6:CHG_LIB_SetVoltage	24	static
D:/Projects/Charger_CTRL/Charger/Modules/chg_lib/Src/chg_lib_core.c:126:6:CHG_LIB_SetCurrentLimit	24	static
D:/Projects/Charger_CTRL/Charger/Modules/chg_lib/Src/chg_lib_core.c:132:6:CHG_LIB_Start	24	static
D:/Projects/Charger_CTRL/Charger/Modules/chg_lib/Src/chg_lib_core.c:138:6:CHG_LIB_Stop	24	static
D:/Projects/Charger_CTRL/Charger/Modules/chg_lib/Src/chg_lib_core.c:144:6:CHG_LIB_SetVoltageAll	24	static
D:/Projects/Charger_CTRL/Charger/Modules/chg_lib/Src/chg_lib_core.c:150:6:CHG_LIB_SetCurrentLimitAll	24	static
D:/Projects/Charger_CTRL/Charger/Modules/chg_lib/Src/chg_lib_core.c:156:6:CHG_LIB_StartAll	16	static
D:/Projects/Charger_CTRL/Charger/Modules/chg_lib/Src/chg_lib_core.c:162:6:CHG_LIB_StopAll	16	static
D:/Projects/Charger_CTRL/Charger/Modules/chg_lib/Src/chg_lib_core.c:168:6:CHG_LIB_EmergencyStop	16	static
D:/Projects/Charger_CTRL/Charger/Modules/chg_lib/Src/chg_lib_core.c:174:6:CHG_LIB_Process	24	static
D:/Projects/Charger_CTRL/Charger/Modules/chg_lib/Src/chg_lib_core.c:180:6:CHG_LIB_FeedCanFrame	32	static
D:/Projects/Charger_CTRL/Charger/Modules/chg_lib/Src/chg_lib_core.c:189:6:CHG_LIB_GetSystemSummary	24	static
D:/Projects/Charger_CTRL/Charger/Modules/chg_lib/Src/chg_lib_core.c:197:9:CHG_LIB_GetModuleCount	16	static
D:/Projects/Charger_CTRL/Charger/Modules/chg_lib/Src/chg_lib_core.c:203:6:CHG_LIB_GetModuleView	24	static
