D:/Projects/Charger_CTRL/Charger/Modules/chg_lib/Inc/priv/chg_lib_core_priv.h:34:24:CHG_LIB_NowTick	8	static
D:/Projects/Charger_CTRL/Charger/Modules/chg_lib/Inc/priv/chg_lib_protocol.h:71:20:CHG_LIB_ProtocolFloatToBE	24	static
D:/Projects/Charger_CTRL/Charger/Modules/chg_lib/Inc/priv/chg_lib_protocol.h:85:21:CHG_LIB_ProtocolBEToFloat	24	static
D:/Projects/Charger_CTRL/Charger/Modules/chg_lib/Inc/priv/chg_lib_protocol.h:98:20:CHG_LIB_ProtocolU32ToBE	16	static
D:/Projects/Charger_CTRL/Charger/Modules/chg_lib/Inc/priv/chg_lib_protocol.h:109:24:CHG_LIB_ProtocolBEToU32	16	static
D:/Projects/Charger_CTRL/Charger/Modules/chg_lib/Src/chg_lib_maxwell.c:173:17:mxr_build_frame_id	32	static
D:/Projects/Charger_CTRL/Charger/Modules/chg_lib/Src/chg_lib_maxwell.c:188:13:send_frame	48	static
D:/Projects/Charger_CTRL/Charger/Modules/chg_lib/Src/chg_lib_maxwell.c:209:13:send_set_float	40	static
D:/Projects/Charger_CTRL/Charger/Modules/chg_lib/Src/chg_lib_maxwell.c:216:13:send_set_u32	40	static
D:/Projects/Charger_CTRL/Charger/Modules/chg_lib/Src/chg_lib_maxwell.c:223:13:send_read	24	static
D:/Projects/Charger_CTRL/Charger/Modules/chg_lib/Src/chg_lib_maxwell.c:229:14:rated_current_or_fallback	24	static
D:/Projects/Charger_CTRL/Charger/Modules/chg_lib/Src/chg_lib_maxwell.c:237:14:current_limit_to_ratio	32	static
D:/Projects/Charger_CTRL/Charger/Modules/chg_lib/Src/chg_lib_maxwell.c:245:13:send_set_current_limit	16	static
D:/Projects/Charger_CTRL/Charger/Modules/chg_lib/Src/chg_lib_maxwell.c:250:13:set_state	24	static
D:/Projects/Charger_CTRL/Charger/Modules/chg_lib/Src/chg_lib_maxwell.c:296:13:check_offline_timeout	24	static
D:/Projects/Charger_CTRL/Charger/Modules/chg_lib/Src/chg_lib_maxwell.c:318:24:find_by_addr	24	static
D:/Projects/Charger_CTRL/Charger/Modules/chg_lib/Src/chg_lib_maxwell.c:328:28:parse_maxwell_alarm	24	static
D:/Projects/Charger_CTRL/Charger/Modules/chg_lib/Src/chg_lib_maxwell.c:355:13:apply_response	40	static
D:/Projects/Charger_CTRL/Charger/Modules/chg_lib/Src/chg_lib_maxwell.c:444:13:process_module	24	static
D:/Projects/Charger_CTRL/Charger/Modules/chg_lib/Src/chg_lib_maxwell.c:553:13:mx_init	8	static
D:/Projects/Charger_CTRL/Charger/Modules/chg_lib/Src/chg_lib_maxwell.c:560:15:mx_add_module	24	static
D:/Projects/Charger_CTRL/Charger/Modules/chg_lib/Src/chg_lib_maxwell.c:583:13:mx_set_config	16	static
D:/Projects/Charger_CTRL/Charger/Modules/chg_lib/Src/chg_lib_maxwell.c:591:13:mx_remove_module	24	static
D:/Projects/Charger_CTRL/Charger/Modules/chg_lib/Src/chg_lib_maxwell.c:602:13:mx_set_voltage	16	static
D:/Projects/Charger_CTRL/Charger/Modules/chg_lib/Src/chg_lib_maxwell.c:614:13:mx_set_current_limit	16	static
D:/Projects/Charger_CTRL/Charger/Modules/chg_lib/Src/chg_lib_maxwell.c:627:13:mx_start	24	static
D:/Projects/Charger_CTRL/Charger/Modules/chg_lib/Src/chg_lib_maxwell.c:638:13:mx_stop	24	static
D:/Projects/Charger_CTRL/Charger/Modules/chg_lib/Src/chg_lib_maxwell.c:651:13:mx_set_voltage_all	32	static
D:/Projects/Charger_CTRL/Charger/Modules/chg_lib/Src/chg_lib_maxwell.c:656:13:mx_set_current_limit_all	32	static
D:/Projects/Charger_CTRL/Charger/Modules/chg_lib/Src/chg_lib_maxwell.c:661:13:mx_start_all	16	static
D:/Projects/Charger_CTRL/Charger/Modules/chg_lib/Src/chg_lib_maxwell.c:666:13:mx_stop_all	16	static
D:/Projects/Charger_CTRL/Charger/Modules/chg_lib/Src/chg_lib_maxwell.c:671:13:mx_emergency_stop	24	static
D:/Projects/Charger_CTRL/Charger/Modules/chg_lib/Src/chg_lib_maxwell.c:683:13:mx_process	24	static
D:/Projects/Charger_CTRL/Charger/Modules/chg_lib/Src/chg_lib_maxwell.c:693:13:mx_feed_frame	56	static
D:/Projects/Charger_CTRL/Charger/Modules/chg_lib/Src/chg_lib_maxwell.c:713:13:mx_get_system_summary	32	static
D:/Projects/Charger_CTRL/Charger/Modules/chg_lib/Src/chg_lib_maxwell.c:739:16:mx_get_module_count	8	static
D:/Projects/Charger_CTRL/Charger/Modules/chg_lib/Src/chg_lib_maxwell.c:744:13:mx_get_module_view	16	static
D:/Projects/Charger_CTRL/Charger/Modules/chg_lib/Src/chg_lib_maxwell.c:775:28:CHG_LIB_MaxwellDriverOps	8	static
