D:/Projects/Charger_CTRL/Charger/Modules/chg_lib/Inc/priv/chg_lib_core_priv.h:34:24:CHG_LIB_NowTick	8	static
D:/Projects/Charger_CTRL/Charger/Modules/chg_lib/Inc/priv/chg_lib_protocol.h:129:24:CHG_LIB_ProtocolBEToU16	16	static
D:/Projects/Charger_CTRL/Charger/Modules/chg_lib/Src/chg_lib_lianming.c:95:17:lm_build_can_id	24	static
D:/Projects/Charger_CTRL/Charger/Modules/chg_lib/Src/chg_lib_lianming.c:106:16:lm_parse_response_addr	16	static
D:/Projects/Charger_CTRL/Charger/Modules/chg_lib/Src/chg_lib_lianming.c:115:14:lm_payload_to_voltage	32	static
D:/Projects/Charger_CTRL/Charger/Modules/chg_lib/Src/chg_lib_lianming.c:126:14:lm_payload_to_current	32	static
D:/Projects/Charger_CTRL/Charger/Modules/chg_lib/Src/chg_lib_lianming.c:158:28:parse_lianming_alarm	24	static
D:/Projects/Charger_CTRL/Charger/Modules/chg_lib/Src/chg_lib_lianming.c:178:24:lm_state_from_flags	16	static
D:/Projects/Charger_CTRL/Charger/Modules/chg_lib/Src/chg_lib_lianming.c:195:13:clear_view	16	static
D:/Projects/Charger_CTRL/Charger/Modules/chg_lib/Src/chg_lib_lianming.c:203:13:set_state	24	static
D:/Projects/Charger_CTRL/Charger/Modules/chg_lib/Src/chg_lib_lianming.c:250:13:check_offline_timeout	24	static
D:/Projects/Charger_CTRL/Charger/Modules/chg_lib/Src/chg_lib_lianming.c:280:13:lm_send_read	40	static
D:/Projects/Charger_CTRL/Charger/Modules/chg_lib/Src/chg_lib_lianming.c:293:13:lm_set_output	56	static
D:/Projects/Charger_CTRL/Charger/Modules/chg_lib/Src/chg_lib_lianming.c:324:13:lm_start_module	40	static
D:/Projects/Charger_CTRL/Charger/Modules/chg_lib/Src/chg_lib_lianming.c:337:13:lm_stop_module	40	static
D:/Projects/Charger_CTRL/Charger/Modules/chg_lib/Src/chg_lib_lianming.c:351:13:lm_send_ac_read	40	static
D:/Projects/Charger_CTRL/Charger/Modules/chg_lib/Src/chg_lib_lianming.c:364:13:lm_send_temp_read	40	static
D:/Projects/Charger_CTRL/Charger/Modules/chg_lib/Src/chg_lib_lianming.c:378:13:lm_read_status	24	static
D:/Projects/Charger_CTRL/Charger/Modules/chg_lib/Src/chg_lib_lianming.c:404:16:find_by_addr	24	static
D:/Projects/Charger_CTRL/Charger/Modules/chg_lib/Src/chg_lib_lianming.c:414:13:sync_state_from_flags	40	static
D:/Projects/Charger_CTRL/Charger/Modules/chg_lib/Src/chg_lib_lianming.c:436:13:apply_status	40	static
D:/Projects/Charger_CTRL/Charger/Modules/chg_lib/Src/chg_lib_lianming.c:470:13:process_module	24	static
D:/Projects/Charger_CTRL/Charger/Modules/chg_lib/Src/chg_lib_lianming.c:565:6:CHG_Lianming_Init	8	static
D:/Projects/Charger_CTRL/Charger/Modules/chg_lib/Src/chg_lib_lianming.c:572:13:lm_init	8	static
D:/Projects/Charger_CTRL/Charger/Modules/chg_lib/Src/chg_lib_lianming.c:577:15:lm_add_module	24	static
D:/Projects/Charger_CTRL/Charger/Modules/chg_lib/Src/chg_lib_lianming.c:606:13:lm_set_config	16	static
D:/Projects/Charger_CTRL/Charger/Modules/chg_lib/Src/chg_lib_lianming.c:614:13:lm_remove_module	16	static
D:/Projects/Charger_CTRL/Charger/Modules/chg_lib/Src/chg_lib_lianming.c:624:13:lm_set_voltage	16	static
D:/Projects/Charger_CTRL/Charger/Modules/chg_lib/Src/chg_lib_lianming.c:635:13:lm_set_current_limit	16	static
D:/Projects/Charger_CTRL/Charger/Modules/chg_lib/Src/chg_lib_lianming.c:651:13:lm_start	24	static
D:/Projects/Charger_CTRL/Charger/Modules/chg_lib/Src/chg_lib_lianming.c:662:13:lm_stop	24	static
D:/Projects/Charger_CTRL/Charger/Modules/chg_lib/Src/chg_lib_lianming.c:672:13:lm_set_voltage_all	32	static
D:/Projects/Charger_CTRL/Charger/Modules/chg_lib/Src/chg_lib_lianming.c:679:13:lm_set_current_limit_all	32	static
D:/Projects/Charger_CTRL/Charger/Modules/chg_lib/Src/chg_lib_lianming.c:686:13:lm_start_all	16	static
D:/Projects/Charger_CTRL/Charger/Modules/chg_lib/Src/chg_lib_lianming.c:693:13:lm_stop_all	16	static
D:/Projects/Charger_CTRL/Charger/Modules/chg_lib/Src/chg_lib_lianming.c:700:13:lm_emergency_stop	16	static
D:/Projects/Charger_CTRL/Charger/Modules/chg_lib/Src/chg_lib_lianming.c:711:13:lm_process	16	static
D:/Projects/Charger_CTRL/Charger/Modules/chg_lib/Src/chg_lib_lianming.c:718:13:lm_process_rx	72	static
D:/Projects/Charger_CTRL/Charger/Modules/chg_lib/Src/chg_lib_lianming.c:777:13:lm_feed_frame	40	static
D:/Projects/Charger_CTRL/Charger/Modules/chg_lib/Src/chg_lib_lianming.c:784:13:lm_get_system_summary	32	static
D:/Projects/Charger_CTRL/Charger/Modules/chg_lib/Src/chg_lib_lianming.c:807:16:lm_get_module_count	8	static
D:/Projects/Charger_CTRL/Charger/Modules/chg_lib/Src/chg_lib_lianming.c:812:13:lm_get_module_view	16	static
D:/Projects/Charger_CTRL/Charger/Modules/chg_lib/Src/chg_lib_lianming.c:841:28:CHG_LIB_LianmingDriverOps	8	static
