Archive member included to satisfy reference by file (symbol)

C:/ST/STM32CubeCLT_1.16.0/GNU-tools-for-STM32/bin/../lib/gcc/arm-none-eabi/12.3.1/../../../../arm-none-eabi/lib/thumb/v6-m/nofp\libm.a(libm_a-wf_log.o)
                              CMakeFiles/Charger.dir/BSP/bsp_adc.c.obj (logf)
C:/ST/STM32CubeCLT_1.16.0/GNU-tools-for-STM32/bin/../lib/gcc/arm-none-eabi/12.3.1/../../../../arm-none-eabi/lib/thumb/v6-m/nofp\libm.a(libm_a-sf_nan.o)
                              C:/ST/STM32CubeCLT_1.16.0/GNU-tools-for-STM32/bin/../lib/gcc/arm-none-eabi/12.3.1/../../../../arm-none-eabi/lib/thumb/v6-m/nofp\libm.a(libm_a-wf_log.o) (nanf)
C:/ST/STM32CubeCLT_1.16.0/GNU-tools-for-STM32/bin/../lib/gcc/arm-none-eabi/12.3.1/../../../../arm-none-eabi/lib/thumb/v6-m/nofp\libm.a(libm_a-ef_log.o)
                              C:/ST/STM32CubeCLT_1.16.0/GNU-tools-for-STM32/bin/../lib/gcc/arm-none-eabi/12.3.1/../../../../arm-none-eabi/lib/thumb/v6-m/nofp\libm.a(libm_a-wf_log.o) (__ieee754_logf)
C:/ST/STM32CubeCLT_1.16.0/GNU-tools-for-STM32/bin/../lib/gcc/arm-none-eabi/12.3.1/thumb/v6-m/nofp\libgcc.a(_thumb1_case_sqi.o)
                              cmake/stm32cubemx/CMakeFiles/USB_Device_Library.dir/__/__/Middlewares/ST/STM32_USB_Device_Library/Class/CDC/Src/usbd_cdc.c.obj (__gnu_thumb1_case_sqi)
C:/ST/STM32CubeCLT_1.16.0/GNU-tools-for-STM32/bin/../lib/gcc/arm-none-eabi/12.3.1/thumb/v6-m/nofp\libgcc.a(_thumb1_case_uqi.o)
                              cmake/stm32cubemx/CMakeFiles/STM32_Drivers.dir/__/__/Drivers/STM32G0xx_HAL_Driver/Src/stm32g0xx_ll_usb.c.obj (__gnu_thumb1_case_uqi)
C:/ST/STM32CubeCLT_1.16.0/GNU-tools-for-STM32/bin/../lib/gcc/arm-none-eabi/12.3.1/thumb/v6-m/nofp\libgcc.a(_thumb1_case_shi.o)
                              cmake/stm32cubemx/CMakeFiles/STM32_Drivers.dir/__/__/Drivers/STM32G0xx_HAL_Driver/Src/stm32g0xx_hal_uart.c.obj (__gnu_thumb1_case_shi)
C:/ST/STM32CubeCLT_1.16.0/GNU-tools-for-STM32/bin/../lib/gcc/arm-none-eabi/12.3.1/thumb/v6-m/nofp\libgcc.a(_thumb1_case_uhi.o)
                              cmake/stm32cubemx/CMakeFiles/STM32_Drivers.dir/__/__/Drivers/STM32G0xx_HAL_Driver/Src/stm32g0xx_hal_uart.c.obj (__gnu_thumb1_case_uhi)
C:/ST/STM32CubeCLT_1.16.0/GNU-tools-for-STM32/bin/../lib/gcc/arm-none-eabi/12.3.1/thumb/v6-m/nofp\libgcc.a(_udivsi3.o)
                              cmake/stm32cubemx/CMakeFiles/STM32_Drivers.dir/__/__/Core/Src/system_stm32g0xx.c.obj (__aeabi_uidiv)
C:/ST/STM32CubeCLT_1.16.0/GNU-tools-for-STM32/bin/../lib/gcc/arm-none-eabi/12.3.1/thumb/v6-m/nofp\libgcc.a(_divsi3.o)
                              cmake/stm32cubemx/CMakeFiles/STM32_Drivers.dir/__/__/Core/Src/system_stm32g0xx.c.obj (__aeabi_idiv)
C:/ST/STM32CubeCLT_1.16.0/GNU-tools-for-STM32/bin/../lib/gcc/arm-none-eabi/12.3.1/thumb/v6-m/nofp\libgcc.a(_dvmd_tls.o)
                              C:/ST/STM32CubeCLT_1.16.0/GNU-tools-for-STM32/bin/../lib/gcc/arm-none-eabi/12.3.1/thumb/v6-m/nofp\libgcc.a(_udivsi3.o) (__aeabi_idiv0)
C:/ST/STM32CubeCLT_1.16.0/GNU-tools-for-STM32/bin/../lib/gcc/arm-none-eabi/12.3.1/thumb/v6-m/nofp\libgcc.a(_arm_cmpsf2.o)
                              CMakeFiles/Charger.dir/Modules/chg_lib/chg_lib_fsm.c.obj (__aeabi_fcmpeq)
C:/ST/STM32CubeCLT_1.16.0/GNU-tools-for-STM32/bin/../lib/gcc/arm-none-eabi/12.3.1/thumb/v6-m/nofp\libgcc.a(_aeabi_ldivmod.o)
                              cmake/stm32cubemx/CMakeFiles/STM32_Drivers.dir/__/__/Drivers/STM32G0xx_HAL_Driver/Src/stm32g0xx_hal_uart.c.obj (__aeabi_ldivmod)
C:/ST/STM32CubeCLT_1.16.0/GNU-tools-for-STM32/bin/../lib/gcc/arm-none-eabi/12.3.1/thumb/v6-m/nofp\libgcc.a(_aeabi_uldivmod.o)
                              cmake/stm32cubemx/CMakeFiles/STM32_Drivers.dir/__/__/Drivers/STM32G0xx_HAL_Driver/Src/stm32g0xx_hal_uart.c.obj (__aeabi_uldivmod)
C:/ST/STM32CubeCLT_1.16.0/GNU-tools-for-STM32/bin/../lib/gcc/arm-none-eabi/12.3.1/thumb/v6-m/nofp\libgcc.a(_fixunssfsi.o)
                              CMakeFiles/Charger.dir/Modules/chg_lib/chg_lib_lianming.c.obj (__aeabi_f2uiz)
C:/ST/STM32CubeCLT_1.16.0/GNU-tools-for-STM32/bin/../lib/gcc/arm-none-eabi/12.3.1/thumb/v6-m/nofp\libgcc.a(_udivmoddi4.o)
                              C:/ST/STM32CubeCLT_1.16.0/GNU-tools-for-STM32/bin/../lib/gcc/arm-none-eabi/12.3.1/thumb/v6-m/nofp\libgcc.a(_aeabi_uldivmod.o) (__udivmoddi4)
C:/ST/STM32CubeCLT_1.16.0/GNU-tools-for-STM32/bin/../lib/gcc/arm-none-eabi/12.3.1/thumb/v6-m/nofp\libgcc.a(bpabi.o)
                              C:/ST/STM32CubeCLT_1.16.0/GNU-tools-for-STM32/bin/../lib/gcc/arm-none-eabi/12.3.1/thumb/v6-m/nofp\libgcc.a(_aeabi_ldivmod.o) (__gnu_ldivmod_helper)
C:/ST/STM32CubeCLT_1.16.0/GNU-tools-for-STM32/bin/../lib/gcc/arm-none-eabi/12.3.1/thumb/v6-m/nofp\libgcc.a(addsf3.o)
                              CMakeFiles/Charger.dir/BSP/bsp_adc.c.obj (__aeabi_fadd)
C:/ST/STM32CubeCLT_1.16.0/GNU-tools-for-STM32/bin/../lib/gcc/arm-none-eabi/12.3.1/thumb/v6-m/nofp\libgcc.a(divsf3.o)
                              CMakeFiles/Charger.dir/BSP/bsp_adc.c.obj (__aeabi_fdiv)
[...]
Memory Configuration

Name             Origin             Length             Attributes
RAM              0x20000000         0x00024000         xrw
FLASH            0x08000000         0x00020000         xr
*default*        0x00000000         0xffffffff

Linker script and memory map

LOAD C:/ST/STM32CubeCLT_1.16.0/GNU-tools-for-STM32/bin/../lib/gcc/arm-none-eabi/12.3.1/thumb/v6-m/nofp/crti.o
LOAD C:/ST/STM32CubeCLT_1.16.0/GNU-tools-for-STM32/bin/../lib/gcc/arm-none-eabi/12.3.1/thumb/v6-m/nofp/crtbegin.o
LOAD C:/ST/STM32CubeCLT_1.16.0/GNU-tools-for-STM32/bin/../lib/gcc/arm-none-eabi/12.3.1/../../../../arm-none-eabi/lib/thumb/v6-m/nofp/crt0.o
LOAD cmake/stm32cubemx/CMakeFiles/STM32_Drivers.dir/__/__/Core/Src/system_stm32g0xx.c.obj
LOAD cmake/stm32cubemx/CMakeFiles/STM32_Drivers.dir/__/__/Drivers/STM32G0xx_HAL_Driver/Src/stm32g0xx_hal_pcd.c.obj
LOAD cmake/stm32cubemx/CMakeFiles/STM32_Drivers.dir/__/__/Drivers/STM32G0xx_HAL_Driver/Src/stm32g0xx_hal_pcd_ex.c.obj
LOAD cmake/stm32cubemx/CMakeFiles/STM32_Drivers.dir/__/__/Drivers/STM32G0xx_HAL_Driver/Src/stm32g0xx_ll_usb.c.obj
LOAD cmake/stm32cubemx/CMakeFiles/STM32_Drivers.dir/__/__/Drivers/STM32G0xx_HAL_Driver/Src/stm32g0xx_hal_rcc.c.obj
LOAD cmake/stm32cubemx/CMakeFiles/STM32_Drivers.dir/__/__/Drivers/STM32G0xx_HAL_Driver/Src/stm32g0xx_hal_rcc_ex.c.obj
LOAD cmake/stm32cubemx/CMakeFiles/STM32_Drivers.dir/__/__/Drivers/STM32G0xx_HAL_Driver/Src/stm32g0xx_ll_rcc.c.obj
LOAD cmake/stm32cubemx/CMakeFiles/STM32_Drivers.dir/__/__/Drivers/STM32G0xx_HAL_Driver/Src/stm32g0xx_hal_flash.c.obj
LOAD cmake/stm32cubemx/CMakeFiles/STM32_Drivers.dir/__/__/Drivers/STM32G0xx_HAL_Driver/Src/stm32g0xx_hal_flash_ex.c.obj
LOAD cmake/stm32cubemx/CMakeFiles/STM32_Drivers.dir/__/__/Drivers/STM32G0xx_HAL_Driver/Src/stm32g0xx_hal_gpio.c.obj
LOAD cmake/stm32cubemx/CMakeFiles/STM32_Drivers.dir/__/__/Drivers/STM32G0xx_HAL_Driver/Src/stm32g0xx_hal_dma.c.obj
LOAD cmake/stm32cubemx/CMakeFiles/STM32_Drivers.dir/__/__/Drivers/STM32G0xx_HAL_Driver/Src/stm32g0xx_hal_dma_ex.c.obj
LOAD cmake/stm32cubemx/CMakeFiles/STM32_Drivers.dir/__/__/Drivers/STM32G0xx_HAL_Driver/Src/stm32g0xx_hal_pwr.c.obj
LOAD cmake/stm32cubemx/CMakeFiles/STM32_Drivers.dir/__/__/Drivers/STM32G0xx_HAL_Driver/Src/stm32g0xx_hal_pwr_ex.c.obj
LOAD cmake/stm32cubemx/CMakeFiles/STM32_Drivers.dir/__/__/Drivers/STM32G0xx_HAL_Driver/Src/stm32g0xx_hal_cortex.c.obj
LOAD cmake/stm32cubemx/CMakeFiles/STM32_Drivers.dir/__/__/Drivers/STM32G0xx_HAL_Driver/Src/stm32g0xx_hal.c.obj
LOAD cmake/stm32cubemx/CMakeFiles/STM32_Drivers.dir/__/__/Drivers/STM32G0xx_HAL_Driver/Src/stm32g0xx_hal_exti.c.obj
LOAD cmake/stm32cubemx/CMakeFiles/STM32_Drivers.dir/__/__/Drivers/STM32G0xx_HAL_Driver/Src/stm32g0xx_hal_adc.c.obj
LOAD cmake/stm32cubemx/CMakeFiles/STM32_Drivers.dir/__/__/Drivers/STM32G0xx_HAL_Driver/Src/stm32g0xx_hal_adc_ex.c.obj
LOAD cmake/stm32cubemx/CMakeFiles/STM32_Drivers.dir/__/__/Drivers/STM32G0xx_HAL_Driver/Src/stm32g0xx_ll_adc.c.obj
LOAD cmake/stm32cubemx/CMakeFiles/STM32_Drivers.dir/__/__/Drivers/STM32G0xx_HAL_Driver/Src/stm32g0xx_hal_fdcan.c.obj
LOAD cmake/stm32cubemx/CMakeFiles/STM32_Drivers.dir/__/__/Drivers/STM32G0xx_HAL_Driver/Src/stm32g0xx_hal_spi.c.obj
LOAD cmake/stm32cubemx/CMakeFiles/STM32_Drivers.dir/__/__/Drivers/STM32G0xx_HAL_Driver/Src/stm32g0xx_hal_spi_ex.c.obj
LOAD cmake/stm32cubemx/CMakeFiles/STM32_Drivers.dir/__/__/Drivers/STM32G0xx_HAL_Driver/Src/stm32g0xx_hal_tim.c.obj
LOAD cmake/stm32cubemx/CMakeFiles/STM32_Drivers.dir/__/__/Drivers/STM32G0xx_HAL_Driver/Src/stm32g0xx_hal_tim_ex.c.obj
LOAD cmake/stm32cubemx/CMakeFiles/STM32_Drivers.dir/__/__/Drivers/STM32G0xx_HAL_Driver/Src/stm32g0xx_hal_uart.c.obj
LOAD cmake/stm32cubemx/CMakeFiles/STM32_Drivers.dir/__/__/Drivers/STM32G0xx_HAL_Driver/Src/stm32g0xx_hal_uart_ex.c.obj
LOAD cmake/stm32cubemx/CMakeFiles/USB_Device_Library.dir/__/__/Middlewares/ST/STM32_USB_Device_Library/Core/Src/usbd_core.c.obj
LOAD cmake/stm32cubemx/CMakeFiles/USB_Device_Library.dir/__/__/Middlewares/ST/STM32_USB_Device_Library/Core/Src/usbd_ctlreq.c.obj
LOAD cmake/stm32cubemx/CMakeFiles/USB_Device_Library.dir/__/__/Middlewares/ST/STM32_USB_Device_Library/Core/Src/usbd_ioreq.c.obj
LOAD cmake/stm32cubemx/CMakeFiles/USB_Device_Library.dir/__/__/Middlewares/ST/STM32_USB_Device_Library/Class/CDC/Src/usbd_cdc.c.obj
LOAD CMakeFiles/Charger.dir/USB_Device/App/usb_device.c.obj
LOAD CMakeFiles/Charger.dir/USB_Device/App/usbd_desc.c.obj
LOAD CMakeFiles/Charger.dir/USB_Device/App/usbd_cdc_if.c.obj
LOAD CMakeFiles/Charger.dir/USB_Device/Target/usbd_conf.c.obj
LOAD CMakeFiles/Charger.dir/Core/Src/main.c.obj
LOAD CMakeFiles/Charger.dir/Core/Src/gpio.c.obj
LOAD CMakeFiles/Charger.dir/Core/Src/adc.c.obj
LOAD CMakeFiles/Charger.dir/Core/Src/dma.c.obj
LOAD CMakeFiles/Charger.dir/Core/Src/fdcan.c.obj
LOAD CMakeFiles/Charger.dir/Core/Src/iwdg.c.obj
LOAD CMakeFiles/Charger.dir/Core/Src/spi.c.obj
LOAD CMakeFiles/Charger.dir/Core/Src/tim.c.obj
LOAD CMakeFiles/Charger.dir/Core/Src/usart.c.obj
LOAD CMakeFiles/Charger.dir/Core/Src/stm32g0xx_it.c.obj
LOAD CMakeFiles/Charger.dir/Core/Src/stm32g0xx_hal_msp.c.obj
LOAD CMakeFiles/Charger.dir/Core/Src/sysmem.c.obj
LOAD CMakeFiles/Charger.dir/Core/Src/syscalls.c.obj
LOAD CMakeFiles/Charger.dir/startup_stm32g0b1xx.s.obj
LOAD CMakeFiles/Charger.dir/BSP/bsp_rs485.c.obj
LOAD CMakeFiles/Charger.dir/BSP/bsp_can.c.obj
LOAD CMakeFiles/Charger.dir/BSP/bsp_flash.c.obj
LOAD CMakeFiles/Charger.dir/BSP/bsp_gpio.c.obj
LOAD CMakeFiles/Charger.dir/BSP/bsp_sys.c.obj
LOAD CMakeFiles/Charger.dir/BSP/bsp_failsafe.c.obj
LOAD CMakeFiles/Charger.dir/BSP/bsp_adc.c.obj
LOAD CMakeFiles/Charger.dir/Modules/bms/bms_can.c.obj
LOAD CMakeFiles/Charger.dir/Modules/bms/bms_core.c.obj
LOAD CMakeFiles/Charger.dir/Modules/bms/bms_protocol.c.obj
LOAD CMakeFiles/Charger.dir/Modules/hmi/dwin_protocol.c.obj
LOAD CMakeFiles/Charger.dir/Modules/chg_lib/chg_lib_core.c.obj
LOAD CMakeFiles/Charger.dir/Modules/chg_lib/chg_lib_can_backend.c.obj
LOAD CMakeFiles/Charger.dir/Modules/chg_lib/chg_lib_fsm.c.obj
LOAD CMakeFiles/Charger.dir/Modules/chg_lib/chg_lib_lianming.c.obj
LOAD CMakeFiles/Charger.dir/Modules/chg_lib/chg_lib_maxwell.c.obj
LOAD CMakeFiles/Charger.dir/Modules/chg_lib/chg_lib_tonhe.c.obj
LOAD CMakeFiles/Charger.dir/App/Charge/charge_controller.c.obj
LOAD CMakeFiles/Charger.dir/App/Charge/charge_cycle_config.c.obj
LOAD CMakeFiles/Charger.dir/App/Charge/charge_cycle_storage.c.obj
LOAD CMakeFiles/Charger.dir/App/Protocol/pc_protocol.c.obj
LOAD CMakeFiles/Charger.dir/App/Protocol/pc_debug_protocol.c.obj
LOAD CMakeFiles/Charger.dir/App/System/app_main.c.obj
LOAD CMakeFiles/Charger.dir/App/System/app_it_callbacks.c.obj
LOAD CMakeFiles/Charger.dir/Utils/Log/debug_log.c.obj
LOAD C:/ST/STM32CubeCLT_1.16.0/GNU-tools-for-STM32/bin/../lib/gcc/arm-none-eabi/12.3.1/../../../../arm-none-eabi/lib/thumb/v6-m/nofp\libm.a
START GROUP
LOAD C:/ST/STM32CubeCLT_1.16.0/GNU-tools-for-STM32/bin/../lib/gcc/arm-none-eabi/12.3.1/thumb/v6-m/nofp\libgcc.a
LOAD C:/ST/STM32CubeCLT_1.16.0/GNU-tools-for-STM32/bin/../lib/gcc/arm-none-eabi/12.3.1/../../../../arm-none-eabi/lib/thumb/v6-m/nofp\libg_nano.a
LOAD C:/ST/STM32CubeCLT_1.16.0/GNU-tools-for-STM32/bin/../lib/gcc/arm-none-eabi/12.3.1/../../../../arm-none-eabi/lib/thumb/v6-m/nofp\libc_nano.a
END GROUP
START GROUP
LOAD C:/ST/STM32CubeCLT_1.16.0/GNU-tools-for-STM32/bin/../lib/gcc/arm-none-eabi/12.3.1/thumb/v6-m/nofp\libgcc.a
LOAD C:/ST/STM32CubeCLT_1.16.0/GNU-tools-for-STM32/bin/../lib/gcc/arm-none-eabi/12.3.1/../../../../arm-none-eabi/lib/thumb/v6-m/nofp\libc_nano.a
END GROUP
LOAD C:/ST/STM32CubeCLT_1.16.0/GNU-tools-for-STM32/bin/../lib/gcc/arm-none-eabi/12.3.1/thumb/v6-m/nofp/crtend.o
LOAD C:/ST/STM32CubeCLT_1.16.0/GNU-tools-for-STM32/bin/../lib/gcc/arm-none-eabi/12.3.1/thumb/v6-m/nofp/crtn.o
                0x20024000                        _estack = (ORIGIN (RAM) + LENGTH (RAM))
                0x20023800                        _sstack = (_estack - _Min_Stack_Size)
                0x00000200                        _Min_Heap_Size = 0x200
                0x00000800                        _Min_Stack_Size = 0x800

.isr_vector     0x08000000       0xbc
                0x08000000                        . = ALIGN (0x4)
 *(.isr_vector)
 .isr_vector    0x08000000       0xbc CMakeFiles/Charger.dir/startup_stm32g0b1xx.s.obj
                0x08000000                g_pfnVectors
                0x080000bc                        . = ALIGN (0x4)

.text           0x080000c0     0xf8b8
                0x080000c0                        . = ALIGN (0x4)
 *(.text)
 .text          0x080000c0       0x48 C:/ST/STM32CubeCLT_1.16.0/GNU-tools-for-STM32/bin/../lib/gcc/arm-none-eabi/12.3.1/thumb/v6-m/nofp/crtbegin.o
 .text          0x08000108       0x14 C:/ST/STM32CubeCLT_1.16.0/GNU-tools-for-STM32/bin/../lib/gcc/arm-none-eabi/12.3.1/thumb/v6-m/nofp\libgcc.a(_thumb1_case_sqi.o)
                0x08000108                __gnu_thumb1_case_sqi
 .text          0x0800011c       0x14 C:/ST/STM32CubeCLT_1.16.0/GNU-tools-for-STM32/bin/../lib/gcc/arm-none-eabi/12.3.1/thumb/v6-m/nofp\libgcc.a(_thumb1_case_uqi.o)
                0x0800011c                __gnu_thumb1_case_uqi
 .text          0x08000130       0x14 C:/ST/STM32CubeCLT_1.16.0/GNU-tools-for-STM32/bin/../lib/gcc/arm-none-eabi/12.3.1/thumb/v6-m/nofp\libgcc.a(_thumb1_case_shi.o)
                0x08000130                __gnu_thumb1_case_shi
 .text          0x08000144       0x14 C:/ST/STM32CubeCLT_1.16.0/GNU-tools-for-STM32/bin/../lib/gcc/arm-none-eabi/12.3.1/thumb/v6-m/nofp\libgcc.a(_thumb1_case_uhi.o)
                0x08000144                __gnu_thumb1_case_uhi
 .text          0x08000158      0x114 C:/ST/STM32CubeCLT_1.16.0/GNU-tools-for-STM32/bin/../lib/gcc/arm-none-eabi/12.3.1/thumb/v6-m/nofp\libgcc.a(_udivsi3.o)
                0x08000158                __aeabi_uidiv
                0x08000158                __udivsi3
                0x08000264                __aeabi_uidivmod
 .text          0x0800026c      0x1d4 C:/ST/STM32CubeCLT_1.16.0/GNU-tools-for-STM32/bin/../lib/gcc/arm-none-eabi/12.3.1/thumb/v6-m/nofp\libgcc.a(_divsi3.o)
                0x0800026c                __divsi3
                0x0800026c                __aeabi_idiv
                0x08000438                __aeabi_idivmod
 .text          0x08000440        0x4 C:/ST/STM32CubeCLT_1.16.0/GNU-tools-for-STM32/bin/../lib/gcc/arm-none-eabi/12.3.1/thumb/v6-m/nofp\libgcc.a(_dvmd_tls.o)
                0x08000440                __aeabi_idiv0
                0x08000440                __aeabi_ldiv0
 .text          0x08000444       0x74 C:/ST/STM32CubeCLT_1.16.0/GNU-tools-for-STM32/bin/../lib/gcc/arm-none-eabi/12.3.1/thumb/v6-m/nofp\libgcc.a(_arm_cmpsf2.o)
                0x08000444                __aeabi_cfrcmple
                0x0800044c                __aeabi_cfcmpeq
                0x0800044c                __aeabi_cfcmple
                0x0800045c                __aeabi_fcmpeq
                0x08000468                __aeabi_fcmplt
                0x0800047c                __aeabi_fcmple
                0x08000490                __aeabi_fcmpgt
                0x080004a4                __aeabi_fcmpge
 .text          0x080004b8       0x40 C:/ST/STM32CubeCLT_1.16.0/GNU-tools-for-STM32/bin/../lib/gcc/arm-none-eabi/12.3.1/thumb/v6-m/nofp\libgcc.a(_aeabi_uldivmod.o)
                0x080004b8                __aeabi_uldivmod
 .text          0x080004f8       0x30 C:/ST/STM32CubeCLT_1.16.0/GNU-tools-for-STM32/bin/../lib/gcc/arm-none-eabi/12.3.1/thumb/v6-m/nofp\libgcc.a(_fixunssfsi.o)
                0x080004f8                __fixunssfsi
                0x080004f8                __aeabi_f2uiz
 .text          0x08000528      0x198 C:/ST/STM32CubeCLT_1.16.0/GNU-tools-for-STM32/bin/../lib/gcc/arm-none-eabi/12.3.1/thumb/v6-m/nofp\libgcc.a(_udivmoddi4.o)
                0x08000528                __udivmoddi4
 .text          0x080006c0      0x314 C:/ST/STM32CubeCLT_1.16.0/GNU-tools-for-STM32/bin/../lib/gcc/arm-none-eabi/12.3.1/thumb/v6-m/nofp\libgcc.a(addsf3.o)
                0x080006c0                __aeabi_fadd
 .text          0x080009d4      0x240 C:/ST/STM32CubeCLT_1.16.0/GNU-tools-for-STM32/bin/../lib/gcc/arm-none-eabi/12.3.1/thumb/v6-m/nofp\libgcc.a(divsf3.o)
                0x080009d4                __aeabi_fdiv
 .text          0x08000c14       0x50 C:/ST/STM32CubeCLT_1.16.0/GNU-tools-for-STM32/bin/../lib/gcc/arm-none-eabi/12.3.1/thumb/v6-m/nofp\libgcc.a(eqsf2.o)
                0x08000c14                __eqsf2
                0x08000c14                __nesf2
 .text          0x08000c64       0xa0 C:/ST/STM32CubeCLT_1.16.0/GNU-tools-for-STM32/bin/../lib/gcc/arm-none-eabi/12.3.1/thumb/v6-m/nofp\libgcc.a(gesf2.o)
                0x08000c64                __gesf2
                0x08000c64                __gtsf2
 .text          0x08000d04       0x9c C:/ST/STM32CubeCLT_1.16.0/GNU-tools-for-STM32/bin/../lib/gcc/arm-none-eabi/12.3.1/thumb/v6-m/nofp\libgcc.a(lesf2.o)
                0x08000d04                __ltsf2
                0x08000d04                __lesf2
 .text          0x08000da0      0x27c C:/ST/STM32CubeCLT_1.16.0/GNU-tools-for-STM32/bin/../lib/gcc/arm-none-eabi/12.3.1/thumb/v6-m/nofp\libgcc.a(mulsf3.o)
                0x08000da0                __aeabi_fmul
 .text          0x0800101c      0x348 C:/ST/STM32CubeCLT_1.16.0/GNU-tools-for-STM32/bin/../lib/gcc/arm-none-eabi/12.3.1/thumb/v6-m/nofp\libgcc.a(subsf3.o)
                0x0800101c                __aeabi_fsub
 .text          0x08001364       0x2c C:/ST/STM32CubeCLT_1.16.0/GNU-tools-for-STM32/bin/../lib/gcc/arm-none-eabi/12.3.1/thumb/v6-m/nofp\libgcc.a(unordsf2.o)
                0x08001364                __aeabi_fcmpun
 .text          0x08001390       0x40 C:/ST/STM32CubeCLT_1.16.0/GNU-tools-for-STM32/bin/../lib/gcc/arm-none-eabi/12.3.1/thumb/v6-m/nofp\libgcc.a(fixsfsi.o)
                0x08001390                __aeabi_f2iz
 .text          0x080013d0       0x98 C:/ST/STM32CubeCLT_1.16.0/GNU-tools-for-STM32/bin/../lib/gcc/arm-none-eabi/12.3.1/thumb/v6-m/nofp\libgcc.a(floatsisf.o)
                0x080013d0                __aeabi_i2f
 .text          0x08001468       0x84 C:/ST/STM32CubeCLT_1.16.0/GNU-tools-for-STM32/bin/../lib/gcc/arm-none-eabi/12.3.1/thumb/v6-m/nofp\libgcc.a(floatunsisf.o)
                0x08001468                __aeabi_ui2f
 .text          0x080014ec       0x3c C:/ST/STM32CubeCLT_1.16.0/GNU-tools-for-STM32/bin/../lib/gcc/arm-none-eabi/12.3.1/thumb/v6-m/nofp\libgcc.a(_clzsi2.o)
                0x080014ec                __clzsi2
 .text          0x08001528       0x18 C:/ST/STM32CubeCLT_1.16.0/GNU-tools-for-STM32/bin/../lib/gcc/arm-none-eabi/12.3.1/thumb/v6-m/nofp\libgcc.a(_clzdi2.o)
                0x08001528                __clzdi2
 .text          0x08001540        0xe C:/ST/STM32CubeCLT_1.16.0/GNU-tools-for-STM32/bin/../lib/gcc/arm-none-eabi/12.3.1/../../../../arm-none-eabi/lib/thumb/v6-m/nofp\libg_nano.a(libc_a-strlen.o)
                0x08001540                strlen
 *(.text*)
 .text.SystemInit
                0x0800154e        0x2 cmake/stm32cubemx/CMakeFiles/STM32_Drivers.dir/__/__/Core/Src/system_stm32g0xx.c.obj
                0x0800154e                SystemInit
 .text.PCD_GET_EP_DBUF0_CNT.constprop.0
                0x08001550       0x28 cmake/stm32cubemx/CMakeFiles/STM32_Drivers.dir/__/__/Drivers/STM32G0xx_HAL_Driver/Src/stm32g0xx_hal_pcd.c.obj
 .text.PCD_GET_EP_RX_CNT.constprop.0
                0x08001578       0x28 cmake/stm32cubemx/CMakeFiles/STM32_Drivers.dir/__/__/Drivers/STM32G0xx_HAL_Driver/Src/stm32g0xx_hal_pcd.c.obj
 .text.HAL_PCD_Init
                0x080015a0       0xa0 cmake/stm32cubemx/CMakeFiles/STM32_Drivers.dir/__/__/Drivers/STM32G0xx_HAL_Driver/Src/stm32g0xx_hal_pcd.c.obj
                0x080015a0                HAL_PCD_Init
 .text.HAL_PCD_Start
                0x08001640       0x26 cmake/stm32cubemx/CMakeFiles/STM32_Drivers.dir/__/__/Drivers/STM32G0xx_HAL_Driver/Src/stm32g0xx_hal_pcd.c.obj
                0x08001640                HAL_PCD_Start
 .text.HAL_PCD_SetAddress
                0x08001666       0x22 cmake/stm32cubemx/CMakeFiles/STM32_Drivers.dir/__/__/Drivers/STM32G0xx_HAL_Driver/Src/stm32g0xx_hal_pcd.c.obj
                0x08001666                HAL_PCD_SetAddress
 .text.HAL_PCD_IRQHandler
                0x08001688      0x8e0 cmake/stm32cubemx/CMakeFiles/STM32_Drivers.dir/__/__/Drivers/STM32G0xx_HAL_Driver/Src/stm32g0xx_hal_pcd.c.obj
                0x08001688                HAL_PCD_IRQHandler
 .text.HAL_PCD_EP_Open
                0x08001f68       0x5c cmake/stm32cubemx/CMakeFiles/STM32_Drivers.dir/__/__/Drivers/STM32G0xx_HAL_Driver/Src/stm32g0xx_hal_pcd.c.obj
                0x08001f68                HAL_PCD_EP_Open
 .text.HAL_PCD_EP_Close
                0x08001fc4       0x4c cmake/stm32cubemx/CMakeFiles/STM32_Drivers.dir/__/__/Drivers/STM32G0xx_HAL_Driver/Src/stm32g0xx_hal_pcd.c.obj
                0x08001fc4                HAL_PCD_EP_Close
 .text.HAL_PCD_EP_Receive
                0x08002010       0x36 cmake/stm32cubemx/CMakeFiles/STM32_Drivers.dir/__/__/Drivers/STM32G0xx_HAL_Driver/Src/stm32g0xx_hal_pcd.c.obj
                0x08002010                HAL_PCD_EP_Receive
 .text.HAL_PCD_EP_GetRxCount
                0x08002046       0x10 cmake/stm32cubemx/CMakeFiles/STM32_Drivers.dir/__/__/Drivers/STM32G0xx_HAL_Driver/Src/stm32g0xx_hal_pcd.c.obj
                0x08002046                HAL_PCD_EP_GetRxCount
 .text.HAL_PCD_EP_Transmit
                0x08002056       0x30 cmake/stm32cubemx/CMakeFiles/STM32_Drivers.dir/__/__/Drivers/STM32G0xx_HAL_Driver/Src/stm32g0xx_hal_pcd.c.obj
                0x08002056                HAL_PCD_EP_Transmit
 .text.HAL_PCD_EP_SetStall
                0x08002086       0x5c cmake/stm32cubemx/CMakeFiles/STM32_Drivers.dir/__/__/Drivers/STM32G0xx_HAL_Driver/Src/stm32g0xx_hal_pcd.c.obj
                0x08002086                HAL_PCD_EP_SetStall
 .text.HAL_PCD_EP_ClrStall
                0x080020e2       0x5c cmake/stm32cubemx/CMakeFiles/STM32_Drivers.dir/__/__/Drivers/STM32G0xx_HAL_Driver/Src/stm32g0xx_hal_pcd.c.obj
                0x080020e2                HAL_PCD_EP_ClrStall
 .text.HAL_PCDEx_PMAConfig
                0x0800213e       0x30 cmake/stm32cubemx/CMakeFiles/STM32_Drivers.dir/__/__/Drivers/STM32G0xx_HAL_Driver/Src/stm32g0xx_hal_pcd_ex.c.obj
                0x0800213e                HAL_PCDEx_PMAConfig
 .text.HAL_PCDEx_ActivateLPM
                0x0800216e       0x26 cmake/stm32cubemx/CMakeFiles/STM32_Drivers.dir/__/__/Drivers/STM32G0xx_HAL_Driver/Src/stm32g0xx_hal_pcd_ex.c.obj
                0x0800216e                HAL_PCDEx_ActivateLPM
 .text.USB_EnableGlobalInt
                0x08002194       0x10 cmake/stm32cubemx/CMakeFiles/STM32_Drivers.dir/__/__/Drivers/STM32G0xx_HAL_Driver/Src/stm32g0xx_ll_usb.c.obj
                0x08002194                USB_EnableGlobalInt
 .text.USB_DisableGlobalInt
                0x080021a4       0x10 cmake/stm32cubemx/CMakeFiles/STM32_Drivers.dir/__/__/Drivers/STM32G0xx_HAL_Driver/Src/stm32g0xx_ll_usb.c.obj
                0x080021a4                USB_DisableGlobalInt
 .text.USB_DevInit
                0x080021b4       0x2a cmake/stm32cubemx/CMakeFiles/STM32_Drivers.dir/__/__/Drivers/STM32G0xx_HAL_Driver/Src/stm32g0xx_ll_usb.c.obj
                0x080021b4                USB_DevInit
 *fill*         0x080021de        0x2 
 .text.USB_ActivateEndpoint
                0x080021e0      0x290 cmake/stm32cubemx/CMakeFiles/STM32_Drivers.dir/__/__/Drivers/STM32G0xx_HAL_Driver/Src/stm32g0xx_ll_usb.c.obj
                0x080021e0                USB_ActivateEndpoint
 .text.USB_DeactivateEndpoint
                0x08002470       0xe0 cmake/stm32cubemx/CMakeFiles/STM32_Drivers.dir/__/__/Drivers/STM32G0xx_HAL_Driver/Src/stm32g0xx_ll_usb.c.obj
                0x08002470                USB_DeactivateEndpoint
 .text.USB_EPSetStall
                0x08002550       0x3c cmake/stm32cubemx/CMakeFiles/STM32_Drivers.dir/__/__/Drivers/STM32G0xx_HAL_Driver/Src/stm32g0xx_ll_usb.c.obj
                0x08002550                USB_EPSetStall
 .text.USB_EPClearStall
                0x0800258c       0x70 cmake/stm32cubemx/CMakeFiles/STM32_Drivers.dir/__/__/Drivers/STM32G0xx_HAL_Driver/Src/stm32g0xx_ll_usb.c.obj
                0x0800258c                USB_EPClearStall
 .text.USB_SetDevAddress
                0x080025fc        0xc cmake/stm32cubemx/CMakeFiles/STM32_Drivers.dir/__/__/Drivers/STM32G0xx_HAL_Driver/Src/stm32g0xx_ll_usb.c.obj
                0x080025fc                USB_SetDevAddress
 .text.USB_DevConnect
                0x08002608        0xe cmake/stm32cubemx/CMakeFiles/STM32_Drivers.dir/__/__/Drivers/STM32G0xx_HAL_Driver/Src/stm32g0xx_ll_usb.c.obj
                0x08002608                USB_DevConnect
 .text.USB_ReadInterrupts
                0x08002616        0x4 cmake/stm32cubemx/CMakeFiles/STM32_Drivers.dir/__/__/Drivers/STM32G0xx_HAL_Driver/Src/stm32g0xx_ll_usb.c.obj
                0x08002616                USB_ReadInterrupts
 *fill*         0x0800261a        0x2 
 .text.USB_WritePMA
                0x0800261c       0x68 cmake/stm32cubemx/CMakeFiles/STM32_Drivers.dir/__/__/Drivers/STM32G0xx_HAL_Driver/Src/stm32g0xx_ll_usb.c.obj
                0x0800261c                USB_WritePMA
 .text.USB_EPStartXfer
                0x08002684      0x2e0 cmake/stm32cubemx/CMakeFiles/STM32_Drivers.dir/__/__/Drivers/STM32G0xx_HAL_Driver/Src/stm32g0xx_ll_usb.c.obj
                0x08002684                USB_EPStartXfer
 .text.USB_ReadPMA
                0x08002964       0x5c cmake/stm32cubemx/CMakeFiles/STM32_Drivers.dir/__/__/Drivers/STM32G0xx_HAL_Driver/Src/stm32g0xx_ll_usb.c.obj
                0x08002964                USB_ReadPMA
 .text.HAL_RCC_OscConfig
                0x080029c0      0x4a8 cmake/stm32cubemx/CMakeFiles/STM32_Drivers.dir/__/__/Drivers/STM32G0xx_HAL_Driver/Src/stm32g0xx_hal_rcc.c.obj
                0x080029c0                HAL_RCC_OscConfig
 .text.HAL_RCC_GetSysClockFreq
                0x08002e68       0x88 cmake/stm32cubemx/CMakeFiles/STM32_Drivers.dir/__/__/Drivers/STM32G0xx_HAL_Driver/Src/stm32g0xx_hal_rcc.c.obj
                0x08002e68                HAL_RCC_GetSysClockFreq
 .text.HAL_RCC_ClockConfig
                0x08002ef0      0x15c cmake/stm32cubemx/CMakeFiles/STM32_Drivers.dir/__/__/Drivers/STM32G0xx_HAL_Driver/Src/stm32g0xx_hal_rcc.c.obj
                0x08002ef0                HAL_RCC_ClockConfig
 .text.HAL_RCC_GetPCLK1Freq
                0x0800304c       0x28 cmake/stm32cubemx/CMakeFiles/STM32_Drivers.dir/__/__/Drivers/STM32G0xx_HAL_Driver/Src/stm32g0xx_hal_rcc.c.obj
                0x0800304c                HAL_RCC_GetPCLK1Freq
 .text.HAL_RCCEx_PeriphCLKConfig
                0x08003074      0x2a4 cmake/stm32cubemx/CMakeFiles/STM32_Drivers.dir/__/__/Drivers/STM32G0xx_HAL_Driver/Src/stm32g0xx_hal_rcc_ex.c.obj
                0x08003074                HAL_RCCEx_PeriphCLKConfig
 .text.HAL_FLASH_Unlock
                0x08003318       0x24 cmake/stm32cubemx/CMakeFiles/STM32_Drivers.dir/__/__/Drivers/STM32G0xx_HAL_Driver/Src/stm32g0xx_hal_flash.c.obj
                0x08003318                HAL_FLASH_Unlock
 .text.HAL_FLASH_GetError
                0x0800333c        0xc cmake/stm32cubemx/CMakeFiles/STM32_Drivers.dir/__/__/Drivers/STM32G0xx_HAL_Driver/Src/stm32g0xx_hal_flash.c.obj
                0x0800333c                HAL_FLASH_GetError
 .text.FLASH_WaitForLastOperation
                0x08003348       0x70 cmake/stm32cubemx/CMakeFiles/STM32_Drivers.dir/__/__/Drivers/STM32G0xx_HAL_Driver/Src/stm32g0xx_hal_flash.c.obj
                0x08003348                FLASH_WaitForLastOperation
 .text.HAL_FLASH_Program
                0x080033b8       0x68 cmake/stm32cubemx/CMakeFiles/STM32_Drivers.dir/__/__/Drivers/STM32G0xx_HAL_Driver/Src/stm32g0xx_hal_flash.c.obj
                0x080033b8                HAL_FLASH_Program
 .text.HAL_FLASH_Lock
                0x08003420       0x24 cmake/stm32cubemx/CMakeFiles/STM32_Drivers.dir/__/__/Drivers/STM32G0xx_HAL_Driver/Src/stm32g0xx_hal_flash.c.obj
                0x08003420                HAL_FLASH_Lock
 .text.FLASH_PageErase
                0x08003444       0x34 cmake/stm32cubemx/CMakeFiles/STM32_Drivers.dir/__/__/Drivers/STM32G0xx_HAL_Driver/Src/stm32g0xx_hal_flash_ex.c.obj
                0x08003444                FLASH_PageErase
 .text.HAL_FLASHEx_Erase
                0x08003478       0x94 cmake/stm32cubemx/CMakeFiles/STM32_Drivers.dir/__/__/Drivers/STM32G0xx_HAL_Driver/Src/stm32g0xx_hal_flash_ex.c.obj
                0x08003478                HAL_FLASHEx_Erase
 .text.HAL_GPIO_Init
                0x0800350c      0x170 cmake/stm32cubemx/CMakeFiles/STM32_Drivers.dir/__/__/Drivers/STM32G0xx_HAL_Driver/Src/stm32g0xx_hal_gpio.c.obj
                0x0800350c                HAL_GPIO_Init
 .text.HAL_GPIO_ReadPin
                0x0800367c        0xc cmake/stm32cubemx/CMakeFiles/STM32_Drivers.dir/__/__/Drivers/STM32G0xx_HAL_Driver/Src/stm32g0xx_hal_gpio.c.obj
                0x0800367c                HAL_GPIO_ReadPin
 .text.HAL_GPIO_WritePin
                0x08003688        0xc cmake/stm32cubemx/CMakeFiles/STM32_Drivers.dir/__/__/Drivers/STM32G0xx_HAL_Driver/Src/stm32g0xx_hal_gpio.c.obj
                0x08003688                HAL_GPIO_WritePin
 .text.DMA_SetConfig
                0x08003694       0x38 cmake/stm32cubemx/CMakeFiles/STM32_Drivers.dir/__/__/Drivers/STM32G0xx_HAL_Driver/Src/stm32g0xx_hal_dma.c.obj
 .text.DMA_CalcDMAMUXChannelBaseAndMask
                0x080036cc       0x4c cmake/stm32cubemx/CMakeFiles/STM32_Drivers.dir/__/__/Drivers/STM32G0xx_HAL_Driver/Src/stm32g0xx_hal_dma.c.obj
 .text.HAL_DMA_Init
                0x08003718       0xdc cmake/stm32cubemx/CMakeFiles/STM32_Drivers.dir/__/__/Drivers/STM32G0xx_HAL_Driver/Src/stm32g0xx_hal_dma.c.obj
                0x08003718                HAL_DMA_Init
 .text.HAL_DMA_Start_IT
                0x080037f4       0x90 cmake/stm32cubemx/CMakeFiles/STM32_Drivers.dir/__/__/Drivers/STM32G0xx_HAL_Driver/Src/stm32g0xx_hal_dma.c.obj
                0x080037f4                HAL_DMA_Start_IT
 .text.HAL_DMA_Abort
                0x08003884       0x6c cmake/stm32cubemx/CMakeFiles/STM32_Drivers.dir/__/__/Drivers/STM32G0xx_HAL_Driver/Src/stm32g0xx_hal_dma.c.obj
                0x08003884                HAL_DMA_Abort
 .text.HAL_DMA_Abort_IT
                0x080038f0       0x6c cmake/stm32cubemx/CMakeFiles/STM32_Drivers.dir/__/__/Drivers/STM32G0xx_HAL_Driver/Src/stm32g0xx_hal_dma.c.obj
                0x080038f0                HAL_DMA_Abort_IT
 .text.HAL_DMA_IRQHandler
                0x0800395c       0xb0 cmake/stm32cubemx/CMakeFiles/STM32_Drivers.dir/__/__/Drivers/STM32G0xx_HAL_Driver/Src/stm32g0xx_hal_dma.c.obj
                0x0800395c                HAL_DMA_IRQHandler
 .text.HAL_PWREx_EnableVddUSB
                0x08003a0c       0x14 cmake/stm32cubemx/CMakeFiles/STM32_Drivers.dir/__/__/Drivers/STM32G0xx_HAL_Driver/Src/stm32g0xx_hal_pwr_ex.c.obj
                0x08003a0c                HAL_PWREx_EnableVddUSB
 .text.HAL_PWREx_ControlVoltageScaling
                0x08003a20       0x58 cmake/stm32cubemx/CMakeFiles/STM32_Drivers.dir/__/__/Drivers/STM32G0xx_HAL_Driver/Src/stm32g0xx_hal_pwr_ex.c.obj
                0x08003a20                HAL_PWREx_ControlVoltageScaling
 .text.HAL_NVIC_SetPriority
                0x08003a78       0x54 cmake/stm32cubemx/CMakeFiles/STM32_Drivers.dir/__/__/Drivers/STM32G0xx_HAL_Driver/Src/stm32g0xx_hal_cortex.c.obj
                0x08003a78                HAL_NVIC_SetPriority
 .text.HAL_NVIC_EnableIRQ
                0x08003acc       0x18 cmake/stm32cubemx/CMakeFiles/STM32_Drivers.dir/__/__/Drivers/STM32G0xx_HAL_Driver/Src/stm32g0xx_hal_cortex.c.obj
                0x08003acc                HAL_NVIC_EnableIRQ
 .text.HAL_SYSTICK_Config
                0x08003ae4       0x34 cmake/stm32cubemx/CMakeFiles/STM32_Drivers.dir/__/__/Drivers/STM32G0xx_HAL_Driver/Src/stm32g0xx_hal_cortex.c.obj
                0x08003ae4                HAL_SYSTICK_Config
 .text.HAL_InitTick
                0x08003b18       0x50 cmake/stm32cubemx/CMakeFiles/STM32_Drivers.dir/__/__/Drivers/STM32G0xx_HAL_Driver/Src/stm32g0xx_hal.c.obj
                0x08003b18                HAL_InitTick
 .text.HAL_Init
                0x08003b68       0x28 cmake/stm32cubemx/CMakeFiles/STM32_Drivers.dir/__/__/Drivers/STM32G0xx_HAL_Driver/Src/stm32g0xx_hal.c.obj
                0x08003b68                HAL_Init
 .text.HAL_IncTick
                0x08003b90       0x18 cmake/stm32cubemx/CMakeFiles/STM32_Drivers.dir/__/__/Drivers/STM32G0xx_HAL_Driver/Src/stm32g0xx_hal.c.obj
                0x08003b90                HAL_IncTick
 .text.HAL_GetTick
                0x08003ba8        0xc cmake/stm32cubemx/CMakeFiles/STM32_Drivers.dir/__/__/Drivers/STM32G0xx_HAL_Driver/Src/stm32g0xx_hal.c.obj
                0x08003ba8                HAL_GetTick
 .text.HAL_Delay
                0x08003bb4       0x24 cmake/stm32cubemx/CMakeFiles/STM32_Drivers.dir/__/__/Drivers/STM32G0xx_HAL_Driver/Src/stm32g0xx_hal.c.obj
                0x08003bb4                HAL_Delay
 .text.HAL_SYSCFG_StrobeDBattpinsConfig
                0x08003bd8       0x18 cmake/stm32cubemx/CMakeFiles/STM32_Drivers.dir/__/__/Drivers/STM32G0xx_HAL_Driver/Src/stm32g0xx_hal.c.obj
                0x08003bd8                HAL_SYSCFG_StrobeDBattpinsConfig
 .text.LL_ADC_REG_IsConversionOngoing
                0x08003bf0        0x8 cmake/stm32cubemx/CMakeFiles/STM32_Drivers.dir/__/__/Drivers/STM32G0xx_HAL_Driver/Src/stm32g0xx_hal_adc.c.obj
 .text.HAL_ADC_Init
                0x08003bf8      0x220 cmake/stm32cubemx/CMakeFiles/STM32_Drivers.dir/__/__/Drivers/STM32G0xx_HAL_Driver/Src/stm32g0xx_hal_adc.c.obj
                0x08003bf8                HAL_ADC_Init
 .text.HAL_ADC_ConvCpltCallback
                0x08003e18        0x2 cmake/stm32cubemx/CMakeFiles/STM32_Drivers.dir/__/__/Drivers/STM32G0xx_HAL_Driver/Src/stm32g0xx_hal_adc.c.obj
                0x08003e18                HAL_ADC_ConvCpltCallback
 .text.HAL_ADC_ConvHalfCpltCallback
                0x08003e1a        0x2 cmake/stm32cubemx/CMakeFiles/STM32_Drivers.dir/__/__/Drivers/STM32G0xx_HAL_Driver/Src/stm32g0xx_hal_adc.c.obj
                0x08003e1a                HAL_ADC_ConvHalfCpltCallback
 .text.ADC_DMAHalfConvCplt
                0x08003e1c        0xa cmake/stm32cubemx/CMakeFiles/STM32_Drivers.dir/__/__/Drivers/STM32G0xx_HAL_Driver/Src/stm32g0xx_hal_adc.c.obj
 .text.HAL_ADC_LevelOutOfWindowCallback
                0x08003e26        0x2 cmake/stm32cubemx/CMakeFiles/STM32_Drivers.dir/__/__/Drivers/STM32G0xx_HAL_Driver/Src/stm32g0xx_hal_adc.c.obj
                0x08003e26                HAL_ADC_LevelOutOfWindowCallback
 .text.HAL_ADC_ErrorCallback
                0x08003e28        0x2 cmake/stm32cubemx/CMakeFiles/STM32_Drivers.dir/__/__/Drivers/STM32G0xx_HAL_Driver/Src/stm32g0xx_hal_adc.c.obj
                0x08003e28                HAL_ADC_ErrorCallback
 .text.ADC_DMAError
                0x08003e2a       0x1a cmake/stm32cubemx/CMakeFiles/STM32_Drivers.dir/__/__/Drivers/STM32G0xx_HAL_Driver/Src/stm32g0xx_hal_adc.c.obj
 .text.ADC_DMAConvCplt
                0x08003e44       0x84 cmake/stm32cubemx/CMakeFiles/STM32_Drivers.dir/__/__/Drivers/STM32G0xx_HAL_Driver/Src/stm32g0xx_hal_adc.c.obj
 .text.HAL_ADC_IRQHandler
                0x08003ec8      0x15c cmake/stm32cubemx/CMakeFiles/STM32_Drivers.dir/__/__/Drivers/STM32G0xx_HAL_Driver/Src/stm32g0xx_hal_adc.c.obj
                0x08003ec8                HAL_ADC_IRQHandler
 .text.HAL_ADC_ConfigChannel
                0x08004024      0x22c cmake/stm32cubemx/CMakeFiles/STM32_Drivers.dir/__/__/Drivers/STM32G0xx_HAL_Driver/Src/stm32g0xx_hal_adc.c.obj
                0x08004024                HAL_ADC_ConfigChannel
 .text.ADC_Enable
                0x08004250       0xb8 cmake/stm32cubemx/CMakeFiles/STM32_Drivers.dir/__/__/Drivers/STM32G0xx_HAL_Driver/Src/stm32g0xx_hal_adc.c.obj
                0x08004250                ADC_Enable
 .text.HAL_ADC_Start_DMA
                0x08004308       0xb0 cmake/stm32cubemx/CMakeFiles/STM32_Drivers.dir/__/__/Drivers/STM32G0xx_HAL_Driver/Src/stm32g0xx_hal_adc.c.obj
                0x08004308                HAL_ADC_Start_DMA
 .text.HAL_ADCEx_LevelOutOfWindow2Callback
                0x080043b8        0x2 cmake/stm32cubemx/CMakeFiles/STM32_Drivers.dir/__/__/Drivers/STM32G0xx_HAL_Driver/Src/stm32g0xx_hal_adc_ex.c.obj
                0x080043b8                HAL_ADCEx_LevelOutOfWindow2Callback
 .text.HAL_ADCEx_LevelOutOfWindow3Callback
                0x080043ba        0x2 cmake/stm32cubemx/CMakeFiles/STM32_Drivers.dir/__/__/Drivers/STM32G0xx_HAL_Driver/Src/stm32g0xx_hal_adc_ex.c.obj
                0x080043ba                HAL_ADCEx_LevelOutOfWindow3Callback
 .text.HAL_ADCEx_EndOfSamplingCallback
                0x080043bc        0x2 cmake/stm32cubemx/CMakeFiles/STM32_Drivers.dir/__/__/Drivers/STM32G0xx_HAL_Driver/Src/stm32g0xx_hal_adc_ex.c.obj
                0x080043bc                HAL_ADCEx_EndOfSamplingCallback
 .text.HAL_ADCEx_ChannelConfigReadyCallback
                0x080043be        0x2 cmake/stm32cubemx/CMakeFiles/STM32_Drivers.dir/__/__/Drivers/STM32G0xx_HAL_Driver/Src/stm32g0xx_hal_adc_ex.c.obj
                0x080043be                HAL_ADCEx_ChannelConfigReadyCallback
 .text.HAL_FDCAN_Init
                0x080043c0      0x220 cmake/stm32cubemx/CMakeFiles/STM32_Drivers.dir/__/__/Drivers/STM32G0xx_HAL_Driver/Src/stm32g0xx_hal_fdcan.c.obj
                0x080043c0                HAL_FDCAN_Init
 .text.HAL_FDCAN_ConfigFilter
                0x080045e0       0x50 cmake/stm32cubemx/CMakeFiles/STM32_Drivers.dir/__/__/Drivers/STM32G0xx_HAL_Driver/Src/stm32g0xx_hal_fdcan.c.obj
                0x080045e0                HAL_FDCAN_ConfigFilter
 .text.HAL_FDCAN_ConfigGlobalFilter
                0x08004630       0x38 cmake/stm32cubemx/CMakeFiles/STM32_Drivers.dir/__/__/Drivers/STM32G0xx_HAL_Driver/Src/stm32g0xx_hal_fdcan.c.obj
                0x08004630                HAL_FDCAN_ConfigGlobalFilter
 .text.HAL_FDCAN_Start
                0x08004668       0x2c cmake/stm32cubemx/CMakeFiles/STM32_Drivers.dir/__/__/Drivers/STM32G0xx_HAL_Driver/Src/stm32g0xx_hal_fdcan.c.obj
                0x08004668                HAL_FDCAN_Start
 .text.HAL_FDCAN_Stop
                0x08004694       0x86 cmake/stm32cubemx/CMakeFiles/STM32_Drivers.dir/__/__/Drivers/STM32G0xx_HAL_Driver/Src/stm32g0xx_hal_fdcan.c.obj
                0x08004694                HAL_FDCAN_Stop
 *fill*         0x0800471a        0x2 
 .text.HAL_FDCAN_AddMessageToTxFifoQ
                0x0800471c       0xc8 cmake/stm32cubemx/CMakeFiles/STM32_Drivers.dir/__/__/Drivers/STM32G0xx_HAL_Driver/Src/stm32g0xx_hal_fdcan.c.obj
                0x0800471c                HAL_FDCAN_AddMessageToTxFifoQ
 .text.HAL_FDCAN_GetRxMessage
                0x080047e4      0x11c cmake/stm32cubemx/CMakeFiles/STM32_Drivers.dir/__/__/Drivers/STM32G0xx_HAL_Driver/Src/stm32g0xx_hal_fdcan.c.obj
                0x080047e4                HAL_FDCAN_GetRxMessage
 .text.HAL_FDCAN_GetProtocolStatus
                0x08004900       0x4e cmake/stm32cubemx/CMakeFiles/STM32_Drivers.dir/__/__/Drivers/STM32G0xx_HAL_Driver/Src/stm32g0xx_hal_fdcan.c.obj
                0x08004900                HAL_FDCAN_GetProtocolStatus
 .text.HAL_FDCAN_ActivateNotification
                0x0800494e       0xf8 cmake/stm32cubemx/CMakeFiles/STM32_Drivers.dir/__/__/Drivers/STM32G0xx_HAL_Driver/Src/stm32g0xx_hal_fdcan.c.obj
                0x0800494e                HAL_FDCAN_ActivateNotification
 .text.HAL_FDCAN_TxEventFifoCallback
                0x08004a46        0x2 cmake/stm32cubemx/CMakeFiles/STM32_Drivers.dir/__/__/Drivers/STM32G0xx_HAL_Driver/Src/stm32g0xx_hal_fdcan.c.obj
                0x08004a46                HAL_FDCAN_TxEventFifoCallback
 .text.HAL_FDCAN_RxFifo1Callback
                0x08004a48        0x2 cmake/stm32cubemx/CMakeFiles/STM32_Drivers.dir/__/__/Drivers/STM32G0xx_HAL_Driver/Src/stm32g0xx_hal_fdcan.c.obj
                0x08004a48                HAL_FDCAN_RxFifo1Callback
 .text.HAL_FDCAN_TxFifoEmptyCallback
                0x08004a4a        0x2 cmake/stm32cubemx/CMakeFiles/STM32_Drivers.dir/__/__/Drivers/STM32G0xx_HAL_Driver/Src/stm32g0xx_hal_fdcan.c.obj
                0x08004a4a                HAL_FDCAN_TxFifoEmptyCallback
 .text.HAL_FDCAN_TxBufferCompleteCallback
                0x08004a4c        0x2 cmake/stm32cubemx/CMakeFiles/STM32_Drivers.dir/__/__/Drivers/STM32G0xx_HAL_Driver/Src/stm32g0xx_hal_fdcan.c.obj
                0x08004a4c                HAL_FDCAN_TxBufferCompleteCallback
 .text.HAL_FDCAN_TxBufferAbortCallback
                0x08004a4e        0x2 cmake/stm32cubemx/CMakeFiles/STM32_Drivers.dir/__/__/Drivers/STM32G0xx_HAL_Driver/Src/stm32g0xx_hal_fdcan.c.obj
                0x08004a4e                HAL_FDCAN_TxBufferAbortCallback
 .text.HAL_FDCAN_TimestampWraparoundCallback
                0x08004a50        0x2 cmake/stm32cubemx/CMakeFiles/STM32_Drivers.dir/__/__/Drivers/STM32G0xx_HAL_Driver/Src/stm32g0xx_hal_fdcan.c.obj
                0x08004a50                HAL_FDCAN_TimestampWraparoundCallback
 .text.HAL_FDCAN_TimeoutOccurredCallback
                0x08004a52        0x2 cmake/stm32cubemx/CMakeFiles/STM32_Drivers.dir/__/__/Drivers/STM32G0xx_HAL_Driver/Src/stm32g0xx_hal_fdcan.c.obj
                0x08004a52                HAL_FDCAN_TimeoutOccurredCallback
 .text.HAL_FDCAN_HighPriorityMessageCallback
                0x08004a54        0x2 cmake/stm32cubemx/CMakeFiles/STM32_Drivers.dir/__/__/Drivers/STM32G0xx_HAL_Driver/Src/stm32g0xx_hal_fdcan.c.obj
                0x08004a54                HAL_FDCAN_HighPriorityMessageCallback
 .text.HAL_FDCAN_ErrorCallback
                0x08004a56        0x2 cmake/stm32cubemx/CMakeFiles/STM32_Drivers.dir/__/__/Drivers/STM32G0xx_HAL_Driver/Src/stm32g0xx_hal_fdcan.c.obj
                0x08004a56                HAL_FDCAN_ErrorCallback
 .text.HAL_FDCAN_ErrorStatusCallback
                0x08004a58        0x2 cmake/stm32cubemx/CMakeFiles/STM32_Drivers.dir/__/__/Drivers/STM32G0xx_HAL_Driver/Src/stm32g0xx_hal_fdcan.c.obj
                0x08004a58                HAL_FDCAN_ErrorStatusCallback
 .text.HAL_FDCAN_IRQHandler
                0x08004a5a      0x166 cmake/stm32cubemx/CMakeFiles/STM32_Drivers.dir/__/__/Drivers/STM32G0xx_HAL_Driver/Src/stm32g0xx_hal_fdcan.c.obj
                0x08004a5a                HAL_FDCAN_IRQHandler
 .text.HAL_SPI_Init
                0x08004bc0       0xf0 cmake/stm32cubemx/CMakeFiles/STM32_Drivers.dir/__/__/Drivers/STM32G0xx_HAL_Driver/Src/stm32g0xx_hal_spi.c.obj
                0x08004bc0                HAL_SPI_Init
 .text.HAL_TIM_PeriodElapsedCallback
                0x08004cb0        0x2 cmake/stm32cubemx/CMakeFiles/STM32_Drivers.dir/__/__/Drivers/STM32G0xx_HAL_Driver/Src/stm32g0xx_hal_tim.c.obj
                0x08004cb0                HAL_TIM_PeriodElapsedCallback
 .text.HAL_TIM_OC_DelayElapsedCallback
                0x08004cb2        0x2 cmake/stm32cubemx/CMakeFiles/STM32_Drivers.dir/__/__/Drivers/STM32G0xx_HAL_Driver/Src/stm32g0xx_hal_tim.c.obj
                0x08004cb2                HAL_TIM_OC_DelayElapsedCallback
 .text.HAL_TIM_IC_CaptureCallback
                0x08004cb4        0x2 cmake/stm32cubemx/CMakeFiles/STM32_Drivers.dir/__/__/Drivers/STM32G0xx_HAL_Driver/Src/stm32g0xx_hal_tim.c.obj
                0x08004cb4                HAL_TIM_IC_CaptureCallback
 .text.HAL_TIM_PWM_PulseFinishedCallback
                0x08004cb6        0x2 cmake/stm32cubemx/CMakeFiles/STM32_Drivers.dir/__/__/Drivers/STM32G0xx_HAL_Driver/Src/stm32g0xx_hal_tim.c.obj
                0x08004cb6                HAL_TIM_PWM_PulseFinishedCallback
 .text.HAL_TIM_TriggerCallback
                0x08004cb8        0x2 cmake/stm32cubemx/CMakeFiles/STM32_Drivers.dir/__/__/Drivers/STM32G0xx_HAL_Driver/Src/stm32g0xx_hal_tim.c.obj
                0x08004cb8                HAL_TIM_TriggerCallback
 *fill*         0x08004cba        0x2 
 .text.HAL_TIM_IRQHandler
                0x08004cbc      0x158 cmake/stm32cubemx/CMakeFiles/STM32_Drivers.dir/__/__/Drivers/STM32G0xx_HAL_Driver/Src/stm32g0xx_hal_tim.c.obj
                0x08004cbc                HAL_TIM_IRQHandler
 .text.TIM_Base_SetConfig
                0x08004e14       0xbc cmake/stm32cubemx/CMakeFiles/STM32_Drivers.dir/__/__/Drivers/STM32G0xx_HAL_Driver/Src/stm32g0xx_hal_tim.c.obj
                0x08004e14                TIM_Base_SetConfig
 .text.HAL_TIM_Base_Init
                0x08004ed0       0x54 cmake/stm32cubemx/CMakeFiles/STM32_Drivers.dir/__/__/Drivers/STM32G0xx_HAL_Driver/Src/stm32g0xx_hal_tim.c.obj
                0x08004ed0                HAL_TIM_Base_Init
 .text.HAL_TIMEx_MasterConfigSynchronization
                0x08004f24       0x7c cmake/stm32cubemx/CMakeFiles/STM32_Drivers.dir/__/__/Drivers/STM32G0xx_HAL_Driver/Src/stm32g0xx_hal_tim_ex.c.obj
                0x08004f24                HAL_TIMEx_MasterConfigSynchronization
 .text.HAL_TIMEx_CommutCallback
                0x08004fa0        0x2 cmake/stm32cubemx/CMakeFiles/STM32_Drivers.dir/__/__/Drivers/STM32G0xx_HAL_Driver/Src/stm32g0xx_hal_tim_ex.c.obj
                0x08004fa0                HAL_TIMEx_CommutCallback
 .text.HAL_TIMEx_BreakCallback
                0x08004fa2        0x2 cmake/stm32cubemx/CMakeFiles/STM32_Drivers.dir/__/__/Drivers/STM32G0xx_HAL_Driver/Src/stm32g0xx_hal_tim_ex.c.obj
                0x08004fa2                HAL_TIMEx_BreakCallback
 .text.HAL_TIMEx_Break2Callback
                0x08004fa4        0x2 cmake/stm32cubemx/CMakeFiles/STM32_Drivers.dir/__/__/Drivers/STM32G0xx_HAL_Driver/Src/stm32g0xx_hal_tim_ex.c.obj
                0x08004fa4                HAL_TIMEx_Break2Callback
 *fill*         0x08004fa6        0x2 
 .text.UART_EndRxTransfer
                0x08004fa8       0x64 cmake/stm32cubemx/CMakeFiles/STM32_Drivers.dir/__/__/Drivers/STM32G0xx_HAL_Driver/Src/stm32g0xx_hal_uart.c.obj
 .text.UART_DMAAbortOnError
                0x0800500c        0xa cmake/stm32cubemx/CMakeFiles/STM32_Drivers.dir/__/__/Drivers/STM32G0xx_HAL_Driver/Src/stm32g0xx_hal_uart.c.obj
 .text.HAL_UARTEx_RxEventCallback
                0x08005016        0x2 cmake/stm32cubemx/CMakeFiles/STM32_Drivers.dir/__/__/Drivers/STM32G0xx_HAL_Driver/Src/stm32g0xx_hal_uart.c.obj
                0x08005016                HAL_UARTEx_RxEventCallback
 .text.HAL_UART_IRQHandler
                0x08005018      0x344 cmake/stm32cubemx/CMakeFiles/STM32_Drivers.dir/__/__/Drivers/STM32G0xx_HAL_Driver/Src/stm32g0xx_hal_uart.c.obj
                0x08005018                HAL_UART_IRQHandler
 .text.UART_RxISR_8BIT
                0x0800535c       0xec cmake/stm32cubemx/CMakeFiles/STM32_Drivers.dir/__/__/Drivers/STM32G0xx_HAL_Driver/Src/stm32g0xx_hal_uart.c.obj
 .text.UART_RxISR_16BIT
                0x08005448       0xe8 cmake/stm32cubemx/CMakeFiles/STM32_Drivers.dir/__/__/Drivers/STM32G0xx_HAL_Driver/Src/stm32g0xx_hal_uart.c.obj
 .text.UART_RxISR_8BIT_FIFOEN
                0x08005530      0x1e0 cmake/stm32cubemx/CMakeFiles/STM32_Drivers.dir/__/__/Drivers/STM32G0xx_HAL_Driver/Src/stm32g0xx_hal_uart.c.obj
 .text.UART_RxISR_16BIT_FIFOEN
                0x08005710      0x1dc cmake/stm32cubemx/CMakeFiles/STM32_Drivers.dir/__/__/Drivers/STM32G0xx_HAL_Driver/Src/stm32g0xx_hal_uart.c.obj
 .text.UART_SetConfig
                0x080058ec      0x2d0 cmake/stm32cubemx/CMakeFiles/STM32_Drivers.dir/__/__/Drivers/STM32G0xx_HAL_Driver/Src/stm32g0xx_hal_uart.c.obj
                0x080058ec                UART_SetConfig
 .text.UART_AdvFeatureConfig
                0x08005bbc       0xd0 cmake/stm32cubemx/CMakeFiles/STM32_Drivers.dir/__/__/Drivers/STM32G0xx_HAL_Driver/Src/stm32g0xx_hal_uart.c.obj
                0x08005bbc                UART_AdvFeatureConfig
 .text.UART_WaitOnFlagUntilTimeout
                0x08005c8c       0x92 cmake/stm32cubemx/CMakeFiles/STM32_Drivers.dir/__/__/Drivers/STM32G0xx_HAL_Driver/Src/stm32g0xx_hal_uart.c.obj
                0x08005c8c                UART_WaitOnFlagUntilTimeout
 .text.HAL_UART_Transmit
                0x08005d1e       0xe2 cmake/stm32cubemx/CMakeFiles/STM32_Drivers.dir/__/__/Drivers/STM32G0xx_HAL_Driver/Src/stm32g0xx_hal_uart.c.obj
                0x08005d1e                HAL_UART_Transmit
 .text.UART_CheckIdleState
                0x08005e00       0xc8 cmake/stm32cubemx/CMakeFiles/STM32_Drivers.dir/__/__/Drivers/STM32G0xx_HAL_Driver/Src/stm32g0xx_hal_uart.c.obj
                0x08005e00                UART_CheckIdleState
 .text.HAL_UART_Init
                0x08005ec8       0x68 cmake/stm32cubemx/CMakeFiles/STM32_Drivers.dir/__/__/Drivers/STM32G0xx_HAL_Driver/Src/stm32g0xx_hal_uart.c.obj
                0x08005ec8                HAL_UART_Init
 .text.UART_Start_Receive_IT
                0x08005f30      0x12c cmake/stm32cubemx/CMakeFiles/STM32_Drivers.dir/__/__/Drivers/STM32G0xx_HAL_Driver/Src/stm32g0xx_hal_uart.c.obj
                0x08005f30                UART_Start_Receive_IT
 .text.HAL_UART_Receive_IT
                0x0800605c       0x70 cmake/stm32cubemx/CMakeFiles/STM32_Drivers.dir/__/__/Drivers/STM32G0xx_HAL_Driver/Src/stm32g0xx_hal_uart.c.obj
                0x0800605c                HAL_UART_Receive_IT
 .text.UARTEx_SetNbDataToProcess
                0x080060cc       0x50 cmake/stm32cubemx/CMakeFiles/STM32_Drivers.dir/__/__/Drivers/STM32G0xx_HAL_Driver/Src/stm32g0xx_hal_uart_ex.c.obj
 .text.HAL_UARTEx_WakeupCallback
                0x0800611c        0x2 cmake/stm32cubemx/CMakeFiles/STM32_Drivers.dir/__/__/Drivers/STM32G0xx_HAL_Driver/Src/stm32g0xx_hal_uart_ex.c.obj
                0x0800611c                HAL_UARTEx_WakeupCallback
 .text.HAL_UARTEx_RxFifoFullCallback
                0x0800611e        0x2 cmake/stm32cubemx/CMakeFiles/STM32_Drivers.dir/__/__/Drivers/STM32G0xx_HAL_Driver/Src/stm32g0xx_hal_uart_ex.c.obj
                0x0800611e                HAL_UARTEx_RxFifoFullCallback
 .text.HAL_UARTEx_TxFifoEmptyCallback
                0x08006120        0x2 cmake/stm32cubemx/CMakeFiles/STM32_Drivers.dir/__/__/Drivers/STM32G0xx_HAL_Driver/Src/stm32g0xx_hal_uart_ex.c.obj
                0x08006120                HAL_UARTEx_TxFifoEmptyCallback
 *fill*         0x08006122        0x2 
 .text.HAL_UARTEx_DisableFifoMode
                0x08006124       0x3c cmake/stm32cubemx/CMakeFiles/STM32_Drivers.dir/__/__/Drivers/STM32G0xx_HAL_Driver/Src/stm32g0xx_hal_uart_ex.c.obj
                0x08006124                HAL_UARTEx_DisableFifoMode
 .text.HAL_UARTEx_SetTxFifoThreshold
                0x08006160       0x40 cmake/stm32cubemx/CMakeFiles/STM32_Drivers.dir/__/__/Drivers/STM32G0xx_HAL_Driver/Src/stm32g0xx_hal_uart_ex.c.obj
                0x08006160                HAL_UARTEx_SetTxFifoThreshold
 .text.HAL_UARTEx_SetRxFifoThreshold
                0x080061a0       0x44 cmake/stm32cubemx/CMakeFiles/STM32_Drivers.dir/__/__/Drivers/STM32G0xx_HAL_Driver/Src/stm32g0xx_hal_uart_ex.c.obj
                0x080061a0                HAL_UARTEx_SetRxFifoThreshold
 .text.USBD_Init
                0x080061e4       0x36 cmake/stm32cubemx/CMakeFiles/USB_Device_Library.dir/__/__/Middlewares/ST/STM32_USB_Device_Library/Core/Src/usbd_core.c.obj
                0x080061e4                USBD_Init
 .text.USBD_RegisterClass
                0x0800621a       0x36 cmake/stm32cubemx/CMakeFiles/USB_Device_Library.dir/__/__/Middlewares/ST/STM32_USB_Device_Library/Core/Src/usbd_core.c.obj
                0x0800621a                USBD_RegisterClass
 .text.USBD_Start
                0x08006250        0x8 cmake/stm32cubemx/CMakeFiles/USB_Device_Library.dir/__/__/Middlewares/ST/STM32_USB_Device_Library/Core/Src/usbd_core.c.obj
                0x08006250                USBD_Start
 .text.USBD_SetClassConfig
                0x08006258       0x16 cmake/stm32cubemx/CMakeFiles/USB_Device_Library.dir/__/__/Middlewares/ST/STM32_USB_Device_Library/Core/Src/usbd_core.c.obj
                0x08006258                USBD_SetClassConfig
 .text.USBD_ClrClassConfig
                0x0800626e       0x14 cmake/stm32cubemx/CMakeFiles/USB_Device_Library.dir/__/__/Middlewares/ST/STM32_USB_Device_Library/Core/Src/usbd_core.c.obj
                0x0800626e                USBD_ClrClassConfig
 *fill*         0x08006282        0x2 
 .text.USBD_LL_SetupStage
                0x08006284       0x60 cmake/stm32cubemx/CMakeFiles/USB_Device_Library.dir/__/__/Middlewares/ST/STM32_USB_Device_Library/Core/Src/usbd_core.c.obj
                0x08006284                USBD_LL_SetupStage
 .text.USBD_LL_DataOutStage
                0x080062e4       0x84 cmake/stm32cubemx/CMakeFiles/USB_Device_Library.dir/__/__/Middlewares/ST/STM32_USB_Device_Library/Core/Src/usbd_core.c.obj
                0x080062e4                USBD_LL_DataOutStage
 .text.USBD_LL_DataInStage
                0x08006368       0xba cmake/stm32cubemx/CMakeFiles/USB_Device_Library.dir/__/__/Middlewares/ST/STM32_USB_Device_Library/Core/Src/usbd_core.c.obj
                0x08006368                USBD_LL_DataInStage
 .text.USBD_LL_Reset
                0x08006422       0x66 cmake/stm32cubemx/CMakeFiles/USB_Device_Library.dir/__/__/Middlewares/ST/STM32_USB_Device_Library/Core/Src/usbd_core.c.obj
                0x08006422                USBD_LL_Reset
 .text.USBD_LL_SetSpeed
                0x08006488        0x6 cmake/stm32cubemx/CMakeFiles/USB_Device_Library.dir/__/__/Middlewares/ST/STM32_USB_Device_Library/Core/Src/usbd_core.c.obj
                0x08006488                USBD_LL_SetSpeed
 *fill*         0x0800648e        0x2 
 .text.USBD_LL_Suspend
                0x08006490       0x20 cmake/stm32cubemx/CMakeFiles/USB_Device_Library.dir/__/__/Middlewares/ST/STM32_USB_Device_Library/Core/Src/usbd_core.c.obj
                0x08006490                USBD_LL_Suspend
 .text.USBD_LL_Resume
                0x080064b0       0x1c cmake/stm32cubemx/CMakeFiles/USB_Device_Library.dir/__/__/Middlewares/ST/STM32_USB_Device_Library/Core/Src/usbd_core.c.obj
                0x080064b0                USBD_LL_Resume
 .text.USBD_LL_SOF
                0x080064cc       0x22 cmake/stm32cubemx/CMakeFiles/USB_Device_Library.dir/__/__/Middlewares/ST/STM32_USB_Device_Library/Core/Src/usbd_core.c.obj
                0x080064cc                USBD_LL_SOF
 .text.USBD_CoreFindIF
                0x080064ee        0x4 cmake/stm32cubemx/CMakeFiles/USB_Device_Library.dir/__/__/Middlewares/ST/STM32_USB_Device_Library/Core/Src/usbd_core.c.obj
                0x080064ee                USBD_CoreFindIF
 .text.USBD_CoreFindEP
                0x080064f2        0x4 cmake/stm32cubemx/CMakeFiles/USB_Device_Library.dir/__/__/Middlewares/ST/STM32_USB_Device_Library/Core/Src/usbd_core.c.obj
                0x080064f2                USBD_CoreFindEP
 .text.USBD_GetEpDesc
                0x080064f6       0x2a cmake/stm32cubemx/CMakeFiles/USB_Device_Library.dir/__/__/Middlewares/ST/STM32_USB_Device_Library/Core/Src/usbd_core.c.obj
                0x080064f6                USBD_GetEpDesc
 .text.USBD_CtlError.constprop.0
                0x08006520       0x14 cmake/stm32cubemx/CMakeFiles/USB_Device_Library.dir/__/__/Middlewares/ST/STM32_USB_Device_Library/Core/Src/usbd_ctlreq.c.obj
 .text.USBD_StdDevReq
                0x08006534      0x2c4 cmake/stm32cubemx/CMakeFiles/USB_Device_Library.dir/__/__/Middlewares/ST/STM32_USB_Device_Library/Core/Src/usbd_ctlreq.c.obj
                0x08006534                USBD_StdDevReq
 .text.USBD_StdItfReq
                0x080067f8       0x68 cmake/stm32cubemx/CMakeFiles/USB_Device_Library.dir/__/__/Middlewares/ST/STM32_USB_Device_Library/Core/Src/usbd_ctlreq.c.obj
                0x080067f8                USBD_StdItfReq
 .text.USBD_StdEPReq
                0x08006860      0x154 cmake/stm32cubemx/CMakeFiles/USB_Device_Library.dir/__/__/Middlewares/ST/STM32_USB_Device_Library/Core/Src/usbd_ctlreq.c.obj
                0x08006860                USBD_StdEPReq
 .text.USBD_ParseSetupRequest
                0x080069b4       0x28 cmake/stm32cubemx/CMakeFiles/USB_Device_Library.dir/__/__/Middlewares/ST/STM32_USB_Device_Library/Core/Src/usbd_ctlreq.c.obj
                0x080069b4                USBD_ParseSetupRequest
 .text.USBD_CtlError
                0x080069dc       0x14 cmake/stm32cubemx/CMakeFiles/USB_Device_Library.dir/__/__/Middlewares/ST/STM32_USB_Device_Library/Core/Src/usbd_ctlreq.c.obj
                0x080069dc                USBD_CtlError
 .text.USBD_GetString
                0x080069f0       0x3a cmake/stm32cubemx/CMakeFiles/USB_Device_Library.dir/__/__/Middlewares/ST/STM32_USB_Device_Library/Core/Src/usbd_ctlreq.c.obj
                0x080069f0                USBD_GetString
 .text.USBD_CtlSendData
                0x08006a2a       0x1c cmake/stm32cubemx/CMakeFiles/USB_Device_Library.dir/__/__/Middlewares/ST/STM32_USB_Device_Library/Core/Src/usbd_ioreq.c.obj
                0x08006a2a                USBD_CtlSendData
 .text.USBD_CtlContinueSendData
                0x08006a46       0x10 cmake/stm32cubemx/CMakeFiles/USB_Device_Library.dir/__/__/Middlewares/ST/STM32_USB_Device_Library/Core/Src/usbd_ioreq.c.obj
                0x08006a46                USBD_CtlContinueSendData
 .text.USBD_CtlPrepareRx
                0x08006a56       0x20 cmake/stm32cubemx/CMakeFiles/USB_Device_Library.dir/__/__/Middlewares/ST/STM32_USB_Device_Library/Core/Src/usbd_ioreq.c.obj
                0x08006a56                USBD_CtlPrepareRx
 .text.USBD_CtlContinueRx
                0x08006a76       0x10 cmake/stm32cubemx/CMakeFiles/USB_Device_Library.dir/__/__/Middlewares/ST/STM32_USB_Device_Library/Core/Src/usbd_ioreq.c.obj
                0x08006a76                USBD_CtlContinueRx
 .text.USBD_CtlSendStatus
                0x08006a86       0x18 cmake/stm32cubemx/CMakeFiles/USB_Device_Library.dir/__/__/Middlewares/ST/STM32_USB_Device_Library/Core/Src/usbd_ioreq.c.obj
                0x08006a86                USBD_CtlSendStatus
 .text.USBD_CtlReceiveStatus
                0x08006a9e       0x18 cmake/stm32cubemx/CMakeFiles/USB_Device_Library.dir/__/__/Middlewares/ST/STM32_USB_Device_Library/Core/Src/usbd_ioreq.c.obj
                0x08006a9e                USBD_CtlReceiveStatus
 *fill*         0x08006ab6        0x2 
 .text.USBD_CDC_EP0_RxReady
                0x08006ab8       0x44 cmake/stm32cubemx/CMakeFiles/USB_Device_Library.dir/__/__/Middlewares/ST/STM32_USB_Device_Library/Class/CDC/Src/usbd_cdc.c.obj
 .text.USBD_CDC_GetDeviceQualifierDescriptor
                0x08006afc        0xc cmake/stm32cubemx/CMakeFiles/USB_Device_Library.dir/__/__/Middlewares/ST/STM32_USB_Device_Library/Class/CDC/Src/usbd_cdc.c.obj
                0x08006afc                USBD_CDC_GetDeviceQualifierDescriptor
 .text.USBD_CDC_GetFSCfgDesc
                0x08006b08       0x50 cmake/stm32cubemx/CMakeFiles/USB_Device_Library.dir/__/__/Middlewares/ST/STM32_USB_Device_Library/Class/CDC/Src/usbd_cdc.c.obj
 .text.USBD_CDC_GetOtherSpeedCfgDesc
                0x08006b58        0x8 cmake/stm32cubemx/CMakeFiles/USB_Device_Library.dir/__/__/Middlewares/ST/STM32_USB_Device_Library/Class/CDC/Src/usbd_cdc.c.obj
 .text.USBD_CDC_GetHSCfgDesc
                0x08006b60       0x50 cmake/stm32cubemx/CMakeFiles/USB_Device_Library.dir/__/__/Middlewares/ST/STM32_USB_Device_Library/Class/CDC/Src/usbd_cdc.c.obj
 .text.USBD_CDC_DataOut
                0x08006bb0       0x3c cmake/stm32cubemx/CMakeFiles/USB_Device_Library.dir/__/__/Middlewares/ST/STM32_USB_Device_Library/Class/CDC/Src/usbd_cdc.c.obj
 .text.USBD_CDC_DataIn
                0x08006bec       0x7a cmake/stm32cubemx/CMakeFiles/USB_Device_Library.dir/__/__/Middlewares/ST/STM32_USB_Device_Library/Class/CDC/Src/usbd_cdc.c.obj
 *fill*         0x08006c66        0x2 
 .text.USBD_CDC_Setup
                0x08006c68       0xf4 cmake/stm32cubemx/CMakeFiles/USB_Device_Library.dir/__/__/Middlewares/ST/STM32_USB_Device_Library/Class/CDC/Src/usbd_cdc.c.obj
 .text.USBD_CDC_DeInit
                0x08006d5c       0x62 cmake/stm32cubemx/CMakeFiles/USB_Device_Library.dir/__/__/Middlewares/ST/STM32_USB_Device_Library/Class/CDC/Src/usbd_cdc.c.obj
 .text.USBD_CDC_Init
                0x08006dbe       0xd8 cmake/stm32cubemx/CMakeFiles/USB_Device_Library.dir/__/__/Middlewares/ST/STM32_USB_Device_Library/Class/CDC/Src/usbd_cdc.c.obj
 .text.USBD_CDC_RegisterInterface
                0x08006e96       0x1a cmake/stm32cubemx/CMakeFiles/USB_Device_Library.dir/__/__/Middlewares/ST/STM32_USB_Device_Library/Class/CDC/Src/usbd_cdc.c.obj
                0x08006e96                USBD_CDC_RegisterInterface
 .text.USBD_CDC_SetTxBuffer
                0x08006eb0       0x22 cmake/stm32cubemx/CMakeFiles/USB_Device_Library.dir/__/__/Middlewares/ST/STM32_USB_Device_Library/Class/CDC/Src/usbd_cdc.c.obj
                0x08006eb0                USBD_CDC_SetTxBuffer
 .text.USBD_CDC_SetRxBuffer
                0x08006ed2       0x1c cmake/stm32cubemx/CMakeFiles/USB_Device_Library.dir/__/__/Middlewares/ST/STM32_USB_Device_Library/Class/CDC/Src/usbd_cdc.c.obj
                0x08006ed2                USBD_CDC_SetRxBuffer
 .text.USBD_CDC_TransmitPacket
                0x08006eee       0x3c cmake/stm32cubemx/CMakeFiles/USB_Device_Library.dir/__/__/Middlewares/ST/STM32_USB_Device_Library/Class/CDC/Src/usbd_cdc.c.obj
                0x08006eee                USBD_CDC_TransmitPacket
 .text.USBD_CDC_ReceivePacket
                0x08006f2a       0x34 cmake/stm32cubemx/CMakeFiles/USB_Device_Library.dir/__/__/Middlewares/ST/STM32_USB_Device_Library/Class/CDC/Src/usbd_cdc.c.obj
                0x08006f2a                USBD_CDC_ReceivePacket
 *fill*         0x08006f5e        0x2 
 .text.MX_USB_Device_Init
                0x08006f60       0x68 CMakeFiles/Charger.dir/USB_Device/App/usb_device.c.obj
                0x08006f60                MX_USB_Device_Init
 .text.USBD_CDC_DeviceDescriptor
                0x08006fc8        0xc CMakeFiles/Charger.dir/USB_Device/App/usbd_desc.c.obj
                0x08006fc8                USBD_CDC_DeviceDescriptor
 .text.USBD_CDC_LangIDStrDescriptor
                0x08006fd4        0xc CMakeFiles/Charger.dir/USB_Device/App/usbd_desc.c.obj
                0x08006fd4                USBD_CDC_LangIDStrDescriptor
 .text.IntToUnicode
                0x08006fe0       0x26 CMakeFiles/Charger.dir/USB_Device/App/usbd_desc.c.obj
 *fill*         0x08007006        0x2 
 .text.USBD_CDC_SerialStrDescriptor
                0x08007008       0x48 CMakeFiles/Charger.dir/USB_Device/App/usbd_desc.c.obj
                0x08007008                USBD_CDC_SerialStrDescriptor
 .text.USBD_CDC_ManufacturerStrDescriptor
                0x08007050       0x1c CMakeFiles/Charger.dir/USB_Device/App/usbd_desc.c.obj
                0x08007050                USBD_CDC_ManufacturerStrDescriptor
 .text.USBD_CDC_ProductStrDescriptor
                0x0800706c       0x1c CMakeFiles/Charger.dir/USB_Device/App/usbd_desc.c.obj
                0x0800706c                USBD_CDC_ProductStrDescriptor
 .text.USBD_CDC_ConfigStrDescriptor
                0x08007088       0x1c CMakeFiles/Charger.dir/USB_Device/App/usbd_desc.c.obj
                0x08007088                USBD_CDC_ConfigStrDescriptor
 .text.USBD_CDC_InterfaceStrDescriptor
                0x080070a4       0x1c CMakeFiles/Charger.dir/USB_Device/App/usbd_desc.c.obj
                0x080070a4                USBD_CDC_InterfaceStrDescriptor
 .text.CDC_DeInit_FS
                0x080070c0        0x4 CMakeFiles/Charger.dir/USB_Device/App/usbd_cdc_if.c.obj
 .text.CDC_Control_FS
                0x080070c4        0x4 CMakeFiles/Charger.dir/USB_Device/App/usbd_cdc_if.c.obj
 .text.CDC_TransmitCplt_FS
                0x080070c8        0xa CMakeFiles/Charger.dir/USB_Device/App/usbd_cdc_if.c.obj
 *fill*         0x080070d2        0x2 
 .text.CDC_Receive_FS
                0x080070d4       0x30 CMakeFiles/Charger.dir/USB_Device/App/usbd_cdc_if.c.obj
 .text.CDC_Init_FS
                0x08007104       0x28 CMakeFiles/Charger.dir/USB_Device/App/usbd_cdc_if.c.obj
 .text.CDC_Transmit_FS
                0x0800712c       0x3c CMakeFiles/Charger.dir/USB_Device/App/usbd_cdc_if.c.obj
                0x0800712c                CDC_Transmit_FS
 .text.USBD_Get_USB_Status
                0x08007168       0x10 CMakeFiles/Charger.dir/USB_Device/Target/usbd_conf.c.obj
 .text.HAL_PCD_MspInit
                0x08007178       0x8c CMakeFiles/Charger.dir/USB_Device/Target/usbd_conf.c.obj
                0x08007178                HAL_PCD_MspInit
 .text.HAL_PCD_SetupStageCallback
                0x08007204       0x12 CMakeFiles/Charger.dir/USB_Device/Target/usbd_conf.c.obj
                0x08007204                HAL_PCD_SetupStageCallback
 .text.HAL_PCD_DataOutStageCallback
                0x08007216       0x18 CMakeFiles/Charger.dir/USB_Device/Target/usbd_conf.c.obj
                0x08007216                HAL_PCD_DataOutStageCallback
 .text.HAL_PCD_DataInStageCallback
                0x0800722e       0x16 CMakeFiles/Charger.dir/USB_Device/Target/usbd_conf.c.obj
                0x0800722e                HAL_PCD_DataInStageCallback
 .text.HAL_PCD_SOFCallback
                0x08007244        0xe CMakeFiles/Charger.dir/USB_Device/Target/usbd_conf.c.obj
                0x08007244                HAL_PCD_SOFCallback
 .text.HAL_PCD_ResetCallback
                0x08007252       0x22 CMakeFiles/Charger.dir/USB_Device/Target/usbd_conf.c.obj
                0x08007252                HAL_PCD_ResetCallback
 .text.HAL_PCD_SuspendCallback
                0x08007274       0x24 CMakeFiles/Charger.dir/USB_Device/Target/usbd_conf.c.obj
                0x08007274                HAL_PCD_SuspendCallback
 .text.HAL_PCD_ResumeCallback
                0x08007298       0x28 CMakeFiles/Charger.dir/USB_Device/Target/usbd_conf.c.obj
                0x08007298                HAL_PCD_ResumeCallback
 .text.USBD_LL_Init
                0x080072c0       0x84 CMakeFiles/Charger.dir/USB_Device/Target/usbd_conf.c.obj
                0x080072c0                USBD_LL_Init
 .text.USBD_LL_Start
                0x08007344       0x12 CMakeFiles/Charger.dir/USB_Device/Target/usbd_conf.c.obj
                0x08007344                USBD_LL_Start
 .text.USBD_LL_OpenEP
                0x08007356       0x18 CMakeFiles/Charger.dir/USB_Device/Target/usbd_conf.c.obj
                0x08007356                USBD_LL_OpenEP
 .text.USBD_LL_CloseEP
                0x0800736e       0x12 CMakeFiles/Charger.dir/USB_Device/Target/usbd_conf.c.obj
                0x0800736e                USBD_LL_CloseEP
 .text.USBD_LL_StallEP
                0x08007380       0x12 CMakeFiles/Charger.dir/USB_Device/Target/usbd_conf.c.obj
                0x08007380                USBD_LL_StallEP
 .text.USBD_LL_ClearStallEP
                0x08007392       0x12 CMakeFiles/Charger.dir/USB_Device/Target/usbd_conf.c.obj
                0x08007392                USBD_LL_ClearStallEP
 .text.USBD_LL_IsStallEP
                0x080073a4       0x26 CMakeFiles/Charger.dir/USB_Device/Target/usbd_conf.c.obj
                0x080073a4                USBD_LL_IsStallEP
 .text.USBD_LL_SetUSBAddress
                0x080073ca       0x12 CMakeFiles/Charger.dir/USB_Device/Target/usbd_conf.c.obj
                0x080073ca                USBD_LL_SetUSBAddress
 .text.USBD_LL_Transmit
                0x080073dc       0x12 CMakeFiles/Charger.dir/USB_Device/Target/usbd_conf.c.obj
                0x080073dc                USBD_LL_Transmit
 .text.USBD_LL_PrepareReceive
                0x080073ee       0x12 CMakeFiles/Charger.dir/USB_Device/Target/usbd_conf.c.obj
                0x080073ee                USBD_LL_PrepareReceive
 .text.USBD_LL_GetRxDataSize
                0x08007400        0xe CMakeFiles/Charger.dir/USB_Device/Target/usbd_conf.c.obj
                0x08007400                USBD_LL_GetRxDataSize
 *fill*         0x0800740e        0x2 
 .text.HAL_PCDEx_LPM_Callback
                0x08007410       0x50 CMakeFiles/Charger.dir/USB_Device/Target/usbd_conf.c.obj
                0x08007410                HAL_PCDEx_LPM_Callback
 .text.USBD_static_malloc
                0x08007460        0x8 CMakeFiles/Charger.dir/USB_Device/Target/usbd_conf.c.obj
                0x08007460                USBD_static_malloc
 .text.USBD_static_free
                0x08007468        0x2 CMakeFiles/Charger.dir/USB_Device/Target/usbd_conf.c.obj
                0x08007468                USBD_static_free
 *fill*         0x0800746a        0x2 
 .text.Error_Handler
                0x0800746c       0x8c CMakeFiles/Charger.dir/Core/Src/main.c.obj
                0x0800746c                Error_Handler
 .text.SystemClock_Config
                0x080074f8       0x7c CMakeFiles/Charger.dir/Core/Src/main.c.obj
                0x080074f8                SystemClock_Config
 .text.startup.main
                0x08007574       0xf8 CMakeFiles/Charger.dir/Core/Src/main.c.obj
                0x08007574                main
 .text.MX_GPIO_Init
                0x0800766c      0x130 CMakeFiles/Charger.dir/Core/Src/gpio.c.obj
                0x0800766c                MX_GPIO_Init
 .text.MX_ADC1_Init
                0x0800779c       0xdc CMakeFiles/Charger.dir/Core/Src/adc.c.obj
                0x0800779c                MX_ADC1_Init
 .text.HAL_ADC_MspInit
                0x08007878       0xa8 CMakeFiles/Charger.dir/Core/Src/adc.c.obj
                0x08007878                HAL_ADC_MspInit
 .text.MX_DMA_Init
                0x08007920       0x4c CMakeFiles/Charger.dir/Core/Src/dma.c.obj
                0x08007920                MX_DMA_Init
 .text.MX_FDCAN1_Init
                0x0800796c       0x48 CMakeFiles/Charger.dir/Core/Src/fdcan.c.obj
                0x0800796c                MX_FDCAN1_Init
 .text.MX_FDCAN2_Init
                0x080079b4       0x48 CMakeFiles/Charger.dir/Core/Src/fdcan.c.obj
                0x080079b4                MX_FDCAN2_Init
 .text.HAL_FDCAN_MspInit
                0x080079fc      0x11c CMakeFiles/Charger.dir/Core/Src/fdcan.c.obj
                0x080079fc                HAL_FDCAN_MspInit
 .text.MX_IWDG_Init
                0x08007b18       0x64 CMakeFiles/Charger.dir/Core/Src/iwdg.c.obj
                0x08007b18                MX_IWDG_Init
 .text.MX_IWDG_Refresh
                0x08007b7c       0x10 CMakeFiles/Charger.dir/Core/Src/iwdg.c.obj
                0x08007b7c                MX_IWDG_Refresh
 .text.MX_SPI1_Init
                0x08007b8c       0x4c CMakeFiles/Charger.dir/Core/Src/spi.c.obj
                0x08007b8c                MX_SPI1_Init
 .text.MX_SPI2_Init
                0x08007bd8       0x4c CMakeFiles/Charger.dir/Core/Src/spi.c.obj
                0x08007bd8                MX_SPI2_Init
 .text.HAL_SPI_MspInit
                0x08007c24       0xb8 CMakeFiles/Charger.dir/Core/Src/spi.c.obj
                0x08007c24                HAL_SPI_MspInit
 .text.MX_TIM6_Init
                0x08007cdc       0x54 CMakeFiles/Charger.dir/Core/Src/tim.c.obj
                0x08007cdc                MX_TIM6_Init
 .text.MX_TIM7_Init
                0x08007d30       0x54 CMakeFiles/Charger.dir/Core/Src/tim.c.obj
                0x08007d30                MX_TIM7_Init
 .text.HAL_TIM_Base_MspInit
                0x08007d84       0xa0 CMakeFiles/Charger.dir/Core/Src/tim.c.obj
                0x08007d84                HAL_TIM_Base_MspInit
 .text.MX_USART1_UART_Init
                0x08007e24       0x6c CMakeFiles/Charger.dir/Core/Src/usart.c.obj
                0x08007e24                MX_USART1_UART_Init
 .text.MX_USART3_UART_Init
                0x08007e90       0x74 CMakeFiles/Charger.dir/Core/Src/usart.c.obj
                0x08007e90                MX_USART3_UART_Init
 .text.MX_USART5_UART_Init
                0x08007f04       0x3c CMakeFiles/Charger.dir/Core/Src/usart.c.obj
                0x08007f04                MX_USART5_UART_Init
 .text.HAL_UART_MspInit
                0x08007f40      0x1d8 CMakeFiles/Charger.dir/Core/Src/usart.c.obj
                0x08007f40                HAL_UART_MspInit
 .text.NMI_Handler
                0x08008118        0x2 CMakeFiles/Charger.dir/Core/Src/stm32g0xx_it.c.obj
                0x08008118                NMI_Handler
 *fill*         0x0800811a        0x2 
 .text.HardFault_Handler
                0x0800811c       0x84 CMakeFiles/Charger.dir/Core/Src/stm32g0xx_it.c.obj
                0x0800811c                HardFault_Handler
 .text.SVC_Handler
                0x080081a0        0x2 CMakeFiles/Charger.dir/Core/Src/stm32g0xx_it.c.obj
                0x080081a0                SVC_Handler
 .text.PendSV_Handler
                0x080081a2        0x2 CMakeFiles/Charger.dir/Core/Src/stm32g0xx_it.c.obj
                0x080081a2                PendSV_Handler
 .text.SysTick_Handler
                0x080081a4        0x8 CMakeFiles/Charger.dir/Core/Src/stm32g0xx_it.c.obj
                0x080081a4                SysTick_Handler
 .text.USB_UCPD1_2_IRQHandler
                0x080081ac       0x10 CMakeFiles/Charger.dir/Core/Src/stm32g0xx_it.c.obj
                0x080081ac                USB_UCPD1_2_IRQHandler
 .text.DMA1_Channel1_IRQHandler
                0x080081bc       0x10 CMakeFiles/Charger.dir/Core/Src/stm32g0xx_it.c.obj
                0x080081bc                DMA1_Channel1_IRQHandler
 .text.DMA1_Channel2_3_IRQHandler
                0x080081cc       0x18 CMakeFiles/Charger.dir/Core/Src/stm32g0xx_it.c.obj
                0x080081cc                DMA1_Channel2_3_IRQHandler
 .text.DMA1_Ch4_7_DMA2_Ch1_5_DMAMUX1_OVR_IRQHandler
                0x080081e4       0x18 CMakeFiles/Charger.dir/Core/Src/stm32g0xx_it.c.obj
                0x080081e4                DMA1_Ch4_7_DMA2_Ch1_5_DMAMUX1_OVR_IRQHandler
 .text.ADC1_COMP_IRQHandler
                0x080081fc       0x10 CMakeFiles/Charger.dir/Core/Src/stm32g0xx_it.c.obj
                0x080081fc                ADC1_COMP_IRQHandler
 .text.TIM6_DAC_LPTIM1_IRQHandler
                0x0800820c       0x10 CMakeFiles/Charger.dir/Core/Src/stm32g0xx_it.c.obj
                0x0800820c                TIM6_DAC_LPTIM1_IRQHandler
 .text.TIM7_LPTIM2_IRQHandler
                0x0800821c       0x10 CMakeFiles/Charger.dir/Core/Src/stm32g0xx_it.c.obj
                0x0800821c                TIM7_LPTIM2_IRQHandler
 .text.TIM16_FDCAN_IT0_IRQHandler
                0x0800822c       0x18 CMakeFiles/Charger.dir/Core/Src/stm32g0xx_it.c.obj
                0x0800822c                TIM16_FDCAN_IT0_IRQHandler
 .text.TIM17_FDCAN_IT1_IRQHandler
                0x08008244        0x8 CMakeFiles/Charger.dir/Core/Src/stm32g0xx_it.c.obj
                0x08008244                TIM17_FDCAN_IT1_IRQHandler
 .text.USART1_IRQHandler
                0x0800824c       0x10 CMakeFiles/Charger.dir/Core/Src/stm32g0xx_it.c.obj
                0x0800824c                USART1_IRQHandler
 .text.USART3_4_5_6_LPUART1_IRQHandler
                0x0800825c       0x18 CMakeFiles/Charger.dir/Core/Src/stm32g0xx_it.c.obj
                0x0800825c                USART3_4_5_6_LPUART1_IRQHandler
 .text.HAL_MspInit
                0x08008274       0x34 CMakeFiles/Charger.dir/Core/Src/stm32g0xx_hal_msp.c.obj
                0x08008274                HAL_MspInit
 .text._sbrk    0x080082a8       0x40 CMakeFiles/Charger.dir/Core/Src/sysmem.c.obj
                0x080082a8                _sbrk
 .text.Reset_Handler
                0x080082e8       0x50 CMakeFiles/Charger.dir/startup_stm32g0b1xx.s.obj
                0x080082e8                Reset_Handler
 .text.Default_Handler
                0x08008338        0x2 CMakeFiles/Charger.dir/startup_stm32g0b1xx.s.obj
                0x08008338                I2C2_3_IRQHandler
                0x08008338                TIM1_CC_IRQHandler
                0x08008338                I2C1_IRQHandler
                0x08008338                RCC_CRS_IRQHandler
                0x08008338                RTC_TAMP_IRQHandler
                0x08008338                SPI1_IRQHandler
                0x08008338                EXTI2_3_IRQHandler
                0x08008338                USART2_LPUART2_IRQHandler
                0x08008338                PVD_VDDIO2_IRQHandler
                0x08008338                EXTI4_15_IRQHandler
                0x08008338                Default_Handler
                0x08008338                CEC_IRQHandler
                0x08008338                TIM14_IRQHandler
                0x08008338                TIM15_IRQHandler
                0x08008338                TIM3_TIM4_IRQHandler
                0x08008338                EXTI0_1_IRQHandler
                0x08008338                SPI2_3_IRQHandler
                0x08008338                WWDG_IRQHandler
                0x08008338                TIM2_IRQHandler
                0x08008338                FLASH_IRQHandler
                0x08008338                TIM1_BRK_UP_TRG_COM_IRQHandler
 *fill*         0x0800833a        0x2 
 .text.BSP_RS485_Init
                0x0800833c       0x24 CMakeFiles/Charger.dir/BSP/bsp_rs485.c.obj
                0x0800833c                BSP_RS485_Init
 .text.UART_Transmit_To_DWIN
                0x08008360       0x3c CMakeFiles/Charger.dir/BSP/bsp_rs485.c.obj
                0x08008360                UART_Transmit_To_DWIN
 .text.HAL_UART_RxCpltCallback
                0x0800839c       0x4c CMakeFiles/Charger.dir/BSP/bsp_rs485.c.obj
                0x0800839c                HAL_UART_RxCpltCallback
 .text.HAL_UART_ErrorCallback
                0x080083e8       0x28 CMakeFiles/Charger.dir/BSP/bsp_rs485.c.obj
                0x080083e8                HAL_UART_ErrorCallback
 .text.BSP_RS485_Read
                0x08008410       0x44 CMakeFiles/Charger.dir/BSP/bsp_rs485.c.obj
                0x08008410                BSP_RS485_Read
 .text.BSP_CAN_Start
                0x08008454       0xb8 CMakeFiles/Charger.dir/BSP/bsp_can.c.obj
                0x08008454                BSP_CAN_Start
 .text.BSP_CAN_Transmit
                0x0800850c       0xa8 CMakeFiles/Charger.dir/BSP/bsp_can.c.obj
                0x0800850c                BSP_CAN_Transmit
 .text.HAL_FDCAN_RxFifo0Callback
                0x080085b4       0x98 CMakeFiles/Charger.dir/BSP/bsp_can.c.obj
                0x080085b4                HAL_FDCAN_RxFifo0Callback
 .text.BSP_CAN_Process
                0x0800864c       0x90 CMakeFiles/Charger.dir/BSP/bsp_can.c.obj
                0x0800864c                BSP_CAN_Process
 .text.BSP_Flash_ErasePage
                0x080086dc       0x60 CMakeFiles/Charger.dir/BSP/bsp_flash.c.obj
                0x080086dc                BSP_Flash_ErasePage
 .text.BSP_Flash_WriteBlock
                0x0800873c       0x8c CMakeFiles/Charger.dir/BSP/bsp_flash.c.obj
                0x0800873c                BSP_Flash_WriteBlock
 .text.BSP_LED_On
                0x080087c8       0x20 CMakeFiles/Charger.dir/BSP/bsp_gpio.c.obj
                0x080087c8                BSP_LED_On
 .text.BSP_LED_Off
                0x080087e8       0x20 CMakeFiles/Charger.dir/BSP/bsp_gpio.c.obj
                0x080087e8                BSP_LED_Off
 .text.BSP_BTN_IsPressed
                0x08008808       0x30 CMakeFiles/Charger.dir/BSP/bsp_gpio.c.obj
                0x08008808                BSP_BTN_IsPressed
 .text.BSP_GetTick
                0x08008838        0x8 CMakeFiles/Charger.dir/BSP/bsp_sys.c.obj
                0x08008838                BSP_GetTick
 .text.Safety_Shutdown
                0x08008840       0x4c CMakeFiles/Charger.dir/BSP/bsp_failsafe.c.obj
                0x08008840                Safety_Shutdown
 .text.BSP_ADC_Init
                0x0800888c       0x18 CMakeFiles/Charger.dir/BSP/bsp_adc.c.obj
                0x0800888c                BSP_ADC_Init
 .text.BSP_ADC_GetTempC
                0x080088a4       0x80 CMakeFiles/Charger.dir/BSP/bsp_adc.c.obj
                0x080088a4                BSP_ADC_GetTempC
 .text.BMS_CAN_Transmit
                0x08008924       0x2a CMakeFiles/Charger.dir/Modules/bms/bms_can.c.obj
                0x08008924                BMS_CAN_Transmit
 *fill*         0x0800894e        0x2 
 .text.transmit_ctrl_info
                0x08008950       0x4c CMakeFiles/Charger.dir/Modules/bms/bms_core.c.obj
 .text.BMS_Init
                0x0800899c       0x68 CMakeFiles/Charger.dir/Modules/bms/bms_core.c.obj
                0x0800899c                BMS_Init
 .text.BMS_FeedFrame
                0x08008a04      0x25c CMakeFiles/Charger.dir/Modules/bms/bms_core.c.obj
                0x08008a04                BMS_FeedFrame
 .text.BMS_Process
                0x08008c60      0x42c CMakeFiles/Charger.dir/Modules/bms/bms_core.c.obj
                0x08008c60                BMS_Process
 .text.BMS_HasCriticalAlarm
                0x0800908c       0x18 CMakeFiles/Charger.dir/Modules/bms/bms_core.c.obj
                0x0800908c                BMS_HasCriticalAlarm
 .text.BMS_GetView
                0x080090a4       0x18 CMakeFiles/Charger.dir/Modules/bms/bms_core.c.obj
                0x080090a4                BMS_GetView
 .text.BMS_ShouldCloseChargeRelay
                0x080090bc       0x2c CMakeFiles/Charger.dir/Modules/bms/bms_core.c.obj
                0x080090bc                BMS_ShouldCloseChargeRelay
 .text.get_u16_le
                0x080090e8        0xc CMakeFiles/Charger.dir/Modules/bms/bms_protocol.c.obj
 .text.parse_batt_st1
                0x080090f4       0x22 CMakeFiles/Charger.dir/Modules/bms/bms_protocol.c.obj
 .text.parse_cell_volt
                0x08009116       0x26 CMakeFiles/Charger.dir/Modules/bms/bms_protocol.c.obj
 .text.parse_cell_temp
                0x0800913c       0x1a CMakeFiles/Charger.dir/Modules/bms/bms_protocol.c.obj
 .text.parse_batt_st2
                0x08009156       0x2e CMakeFiles/Charger.dir/Modules/bms/bms_protocol.c.obj
 .text.parse_bms_sw_sta
                0x08009184       0x1c CMakeFiles/Charger.dir/Modules/bms/bms_protocol.c.obj
 .text.parse_cell_volt_full
                0x080091a0       0x2a CMakeFiles/Charger.dir/Modules/bms/bms_protocol.c.obj
 .text.parse_cell_temp_full
                0x080091ca       0x28 CMakeFiles/Charger.dir/Modules/bms/bms_protocol.c.obj
 .text.parse_alm_info
                0x080091f2       0x78 CMakeFiles/Charger.dir/Modules/bms/bms_protocol.c.obj
 .text.parse_chg_request
                0x0800926a       0x20 CMakeFiles/Charger.dir/Modules/bms/bms_protocol.c.obj
 *fill*         0x0800928a        0x2 
 .text.BMS_ParseFrame
                0x0800928c       0x8c CMakeFiles/Charger.dir/Modules/bms/bms_protocol.c.obj
                0x0800928c                BMS_ParseFrame
 .text.BMS_BuildCtrlInfo
                0x08009318       0x1c CMakeFiles/Charger.dir/Modules/bms/bms_protocol.c.obj
                0x08009318                BMS_BuildCtrlInfo
 .text.DWIN_SendInt
                0x08009334       0x20 CMakeFiles/Charger.dir/Modules/hmi/dwin_protocol.c.obj
                0x08009334                DWIN_SendInt
 .text.DWIN_UpdateData
                0x08009354       0x98 CMakeFiles/Charger.dir/Modules/hmi/dwin_protocol.c.obj
                0x08009354                DWIN_UpdateData
 .text.DWIN_ParseRX
                0x080093ec       0xb8 CMakeFiles/Charger.dir/Modules/hmi/dwin_protocol.c.obj
                0x080093ec                DWIN_ParseRX
 .text.CHG_LIB_RegisterDriver
                0x080094a4       0x1c CMakeFiles/Charger.dir/Modules/chg_lib/chg_lib_core.c.obj
                0x080094a4                CHG_LIB_RegisterDriver
 .text.CHG_LIB_SelectDriver
                0x080094c0       0x50 CMakeFiles/Charger.dir/Modules/chg_lib/chg_lib_core.c.obj
                0x080094c0                CHG_LIB_SelectDriver
 .text.CHG_LIB_GetActiveDriverId
                0x08009510        0xc CMakeFiles/Charger.dir/Modules/chg_lib/chg_lib_core.c.obj
                0x08009510                CHG_LIB_GetActiveDriverId
 .text.CHG_LIB_Init
                0x0800951c       0x18 CMakeFiles/Charger.dir/Modules/chg_lib/chg_lib_core.c.obj
                0x0800951c                CHG_LIB_Init
 .text.CHG_LIB_AddModule
                0x08009534       0x20 CMakeFiles/Charger.dir/Modules/chg_lib/chg_lib_core.c.obj
                0x08009534                CHG_LIB_AddModule
 .text.CHG_LIB_SetVoltage
                0x08009554       0x1c CMakeFiles/Charger.dir/Modules/chg_lib/chg_lib_core.c.obj
                0x08009554                CHG_LIB_SetVoltage
 .text.CHG_LIB_SetCurrentLimit
                0x08009570       0x1c CMakeFiles/Charger.dir/Modules/chg_lib/chg_lib_core.c.obj
                0x08009570                CHG_LIB_SetCurrentLimit
 .text.CHG_LIB_Start
                0x0800958c       0x1c CMakeFiles/Charger.dir/Modules/chg_lib/chg_lib_core.c.obj
                0x0800958c                CHG_LIB_Start
 .text.CHG_LIB_Stop
                0x080095a8       0x1c CMakeFiles/Charger.dir/Modules/chg_lib/chg_lib_core.c.obj
                0x080095a8                CHG_LIB_Stop
 .text.CHG_LIB_SetVoltageAll
                0x080095c4       0x18 CMakeFiles/Charger.dir/Modules/chg_lib/chg_lib_core.c.obj
                0x080095c4                CHG_LIB_SetVoltageAll
 .text.CHG_LIB_SetCurrentLimitAll
                0x080095dc       0x18 CMakeFiles/Charger.dir/Modules/chg_lib/chg_lib_core.c.obj
                0x080095dc                CHG_LIB_SetCurrentLimitAll
 .text.CHG_LIB_StartAll
                0x080095f4       0x18 CMakeFiles/Charger.dir/Modules/chg_lib/chg_lib_core.c.obj
                0x080095f4                CHG_LIB_StartAll
 .text.CHG_LIB_StopAll
                0x0800960c       0x18 CMakeFiles/Charger.dir/Modules/chg_lib/chg_lib_core.c.obj
                0x0800960c                CHG_LIB_StopAll
 .text.CHG_LIB_EmergencyStop
                0x08009624       0x18 CMakeFiles/Charger.dir/Modules/chg_lib/chg_lib_core.c.obj
                0x08009624                CHG_LIB_EmergencyStop
 .text.CHG_LIB_Process
                0x0800963c       0x1c CMakeFiles/Charger.dir/Modules/chg_lib/chg_lib_core.c.obj
                0x0800963c                CHG_LIB_Process
 .text.CHG_LIB_FeedCanFrame
                0x08009658       0x1c CMakeFiles/Charger.dir/Modules/chg_lib/chg_lib_core.c.obj
                0x08009658                CHG_LIB_FeedCanFrame
 .text.CHG_LIB_GetSystemSummary
                0x08009674       0x28 CMakeFiles/Charger.dir/Modules/chg_lib/chg_lib_core.c.obj
                0x08009674                CHG_LIB_GetSystemSummary
 .text.CHG_LIB_GetModuleCount
                0x0800969c       0x18 CMakeFiles/Charger.dir/Modules/chg_lib/chg_lib_core.c.obj
                0x0800969c                CHG_LIB_GetModuleCount
 .text.CHG_LIB_GetModuleView
                0x080096b4       0x20 CMakeFiles/Charger.dir/Modules/chg_lib/chg_lib_core.c.obj
                0x080096b4                CHG_LIB_GetModuleView
 .text.backend_now_tick
                0x080096d4        0x8 CMakeFiles/Charger.dir/Modules/chg_lib/chg_lib_can_backend.c.obj
 .text.backend_transmit
                0x080096dc       0x2c CMakeFiles/Charger.dir/Modules/chg_lib/chg_lib_can_backend.c.obj
 .text.CHG_LIB_CanBackend_Set
                0x08009708       0x1c CMakeFiles/Charger.dir/Modules/chg_lib/chg_lib_can_backend.c.obj
                0x08009708                CHG_LIB_CanBackend_Set
 .text.CHG_LIB_CanBackend_Init
                0x08009724       0x10 CMakeFiles/Charger.dir/Modules/chg_lib/chg_lib_can_backend.c.obj
                0x08009724                CHG_LIB_CanBackend_Init
 .text.CHG_LIB_CanBackend_NowTick
                0x08009734       0x20 CMakeFiles/Charger.dir/Modules/chg_lib/chg_lib_can_backend.c.obj
                0x08009734                CHG_LIB_CanBackend_NowTick
 .text.CHG_LIB_CanBackend_Transmit
                0x08009754       0x20 CMakeFiles/Charger.dir/Modules/chg_lib/chg_lib_can_backend.c.obj
                0x08009754                CHG_LIB_CanBackend_Transmit
 .text.CHG_LIB_Summary_Accumulate
                0x08009774       0x80 CMakeFiles/Charger.dir/Modules/chg_lib/chg_lib_fsm.c.obj
                0x08009774                CHG_LIB_Summary_Accumulate
 .text.CHG_LIB_FSM_CheckOfflineTimeout
                0x080097f4       0x46 CMakeFiles/Charger.dir/Modules/chg_lib/chg_lib_fsm.c.obj
                0x080097f4                CHG_LIB_FSM_CheckOfflineTimeout
 *fill*         0x0800983a        0x2 
 .text.set_state
                0x0800983c       0x8c CMakeFiles/Charger.dir/Modules/chg_lib/chg_lib_lianming.c.obj
 .text.find_by_addr
                0x080098c8       0x38 CMakeFiles/Charger.dir/Modules/chg_lib/chg_lib_lianming.c.obj
 .text.lm_set_config
                0x08009900       0x3c CMakeFiles/Charger.dir/Modules/chg_lib/chg_lib_lianming.c.obj
 .text.lm_get_module_count
                0x0800993c        0xc CMakeFiles/Charger.dir/Modules/chg_lib/chg_lib_lianming.c.obj
 .text.lm_add_module
                0x08009948       0x80 CMakeFiles/Charger.dir/Modules/chg_lib/chg_lib_lianming.c.obj
 .text.lm_start
                0x080099c8       0x40 CMakeFiles/Charger.dir/Modules/chg_lib/chg_lib_lianming.c.obj
 .text.lm_start_all
                0x08009a08       0x20 CMakeFiles/Charger.dir/Modules/chg_lib/chg_lib_lianming.c.obj
 .text.lm_set_output
                0x08009a28       0x64 CMakeFiles/Charger.dir/Modules/chg_lib/chg_lib_lianming.c.obj
 .text.lm_set_current_limit
                0x08009a8c       0x74 CMakeFiles/Charger.dir/Modules/chg_lib/chg_lib_lianming.c.obj
 .text.lm_set_current_limit_all
                0x08009b00       0x24 CMakeFiles/Charger.dir/Modules/chg_lib/chg_lib_lianming.c.obj
 .text.lm_set_voltage
                0x08009b24       0x34 CMakeFiles/Charger.dir/Modules/chg_lib/chg_lib_lianming.c.obj
 .text.lm_set_voltage_all
                0x08009b58       0x24 CMakeFiles/Charger.dir/Modules/chg_lib/chg_lib_lianming.c.obj
 .text.lm_stop_module
                0x08009b7c       0x40 CMakeFiles/Charger.dir/Modules/chg_lib/chg_lib_lianming.c.obj
 .text.lm_emergency_stop
                0x08009bbc       0x4c CMakeFiles/Charger.dir/Modules/chg_lib/chg_lib_lianming.c.obj
 .text.lm_stop  0x08009c08       0x48 CMakeFiles/Charger.dir/Modules/chg_lib/chg_lib_lianming.c.obj
 .text.lm_stop_all
                0x08009c50       0x20 CMakeFiles/Charger.dir/Modules/chg_lib/chg_lib_lianming.c.obj
 .text.lm_get_module_view
                0x08009c70       0x44 CMakeFiles/Charger.dir/Modules/chg_lib/chg_lib_lianming.c.obj
 .text.lm_remove_module
                0x08009cb4       0x78 CMakeFiles/Charger.dir/Modules/chg_lib/chg_lib_lianming.c.obj
 .text.lm_get_system_summary
                0x08009d2c       0x3c CMakeFiles/Charger.dir/Modules/chg_lib/chg_lib_lianming.c.obj
 .text.lm_feed_frame
                0x08009d68      0x220 CMakeFiles/Charger.dir/Modules/chg_lib/chg_lib_lianming.c.obj
 .text.lm_send_read
                0x08009f88       0x34 CMakeFiles/Charger.dir/Modules/chg_lib/chg_lib_lianming.c.obj
 .text.lm_read_status
                0x08009fbc       0x88 CMakeFiles/Charger.dir/Modules/chg_lib/chg_lib_lianming.c.obj
 .text.lm_process
                0x0800a044      0x254 CMakeFiles/Charger.dir/Modules/chg_lib/chg_lib_lianming.c.obj
 .text.CHG_Lianming_Init
                0x0800a298       0x28 CMakeFiles/Charger.dir/Modules/chg_lib/chg_lib_lianming.c.obj
                0x0800a298                CHG_Lianming_Init
 .text.lm_init  0x0800a2c0        0x8 CMakeFiles/Charger.dir/Modules/chg_lib/chg_lib_lianming.c.obj
 .text.CHG_LIB_LianmingDriverOps
                0x0800a2c8        0x8 CMakeFiles/Charger.dir/Modules/chg_lib/chg_lib_lianming.c.obj
                0x0800a2c8                CHG_LIB_LianmingDriverOps
 .text.CHG_LIB_ProtocolBEToFloat
                0x0800a2d0       0x18 CMakeFiles/Charger.dir/Modules/chg_lib/chg_lib_maxwell.c.obj
 .text.set_state
                0x0800a2e8       0x8c CMakeFiles/Charger.dir/Modules/chg_lib/chg_lib_maxwell.c.obj
 .text.find_by_addr
                0x0800a374       0x38 CMakeFiles/Charger.dir/Modules/chg_lib/chg_lib_maxwell.c.obj
 .text.mx_set_config
                0x0800a3ac       0x3c CMakeFiles/Charger.dir/Modules/chg_lib/chg_lib_maxwell.c.obj
 .text.mx_get_module_count
                0x0800a3e8        0xc CMakeFiles/Charger.dir/Modules/chg_lib/chg_lib_maxwell.c.obj
 .text.mx_add_module
                0x0800a3f4       0x74 CMakeFiles/Charger.dir/Modules/chg_lib/chg_lib_maxwell.c.obj
 .text.mx_init  0x0800a468       0x28 CMakeFiles/Charger.dir/Modules/chg_lib/chg_lib_maxwell.c.obj
 .text.mx_start
                0x0800a490       0x40 CMakeFiles/Charger.dir/Modules/chg_lib/chg_lib_maxwell.c.obj
 .text.mx_start_all
                0x0800a4d0       0x20 CMakeFiles/Charger.dir/Modules/chg_lib/chg_lib_maxwell.c.obj
 .text.send_frame
                0x0800a4f0       0x50 CMakeFiles/Charger.dir/Modules/chg_lib/chg_lib_maxwell.c.obj
 .text.send_set_float
                0x0800a540       0x12 CMakeFiles/Charger.dir/Modules/chg_lib/chg_lib_maxwell.c.obj
 *fill*         0x0800a552        0x2 
 .text.mx_set_voltage
                0x0800a554       0x38 CMakeFiles/Charger.dir/Modules/chg_lib/chg_lib_maxwell.c.obj
 .text.mx_set_voltage_all
                0x0800a58c       0x24 CMakeFiles/Charger.dir/Modules/chg_lib/chg_lib_maxwell.c.obj
 .text.mx_get_module_view
                0x0800a5b0       0x44 CMakeFiles/Charger.dir/Modules/chg_lib/chg_lib_maxwell.c.obj
 .text.mx_get_system_summary
                0x0800a5f4       0x3c CMakeFiles/Charger.dir/Modules/chg_lib/chg_lib_maxwell.c.obj
 .text.send_set_u32.constprop.0.isra.0
                0x0800a630       0x18 CMakeFiles/Charger.dir/Modules/chg_lib/chg_lib_maxwell.c.obj
 .text.mx_emergency_stop
                0x0800a648       0x50 CMakeFiles/Charger.dir/Modules/chg_lib/chg_lib_maxwell.c.obj
 .text.mx_stop  0x0800a698       0x54 CMakeFiles/Charger.dir/Modules/chg_lib/chg_lib_maxwell.c.obj
 .text.mx_stop_all
                0x0800a6ec       0x20 CMakeFiles/Charger.dir/Modules/chg_lib/chg_lib_maxwell.c.obj
 .text.mx_remove_module
                0x0800a70c       0x8c CMakeFiles/Charger.dir/Modules/chg_lib/chg_lib_maxwell.c.obj
 .text.send_read.isra.0
                0x0800a798       0x12 CMakeFiles/Charger.dir/Modules/chg_lib/chg_lib_maxwell.c.obj
 *fill*         0x0800a7aa        0x2 
 .text.send_set_current_limit
                0x0800a7ac       0x64 CMakeFiles/Charger.dir/Modules/chg_lib/chg_lib_maxwell.c.obj
 .text.mx_set_current_limit
                0x0800a810       0x50 CMakeFiles/Charger.dir/Modules/chg_lib/chg_lib_maxwell.c.obj
 .text.mx_set_current_limit_all
                0x0800a860       0x24 CMakeFiles/Charger.dir/Modules/chg_lib/chg_lib_maxwell.c.obj
 .text.mx_process
                0x0800a884      0x2a0 CMakeFiles/Charger.dir/Modules/chg_lib/chg_lib_maxwell.c.obj
 .text.mx_feed_frame
                0x0800ab24      0x2e8 CMakeFiles/Charger.dir/Modules/chg_lib/chg_lib_maxwell.c.obj
 .text.CHG_LIB_MaxwellDriverOps
                0x0800ae0c        0x8 CMakeFiles/Charger.dir/Modules/chg_lib/chg_lib_maxwell.c.obj
                0x0800ae0c                CHG_LIB_MaxwellDriverOps
 .text.tonhe_parse_fault
                0x0800ae14       0xc6 CMakeFiles/Charger.dir/Modules/chg_lib/chg_lib_tonhe.c.obj
 *fill*         0x0800aeda        0x2 
 .text.set_state
                0x0800aedc       0x6c CMakeFiles/Charger.dir/Modules/chg_lib/chg_lib_tonhe.c.obj
 .text.tonhe_set_config
                0x0800af48       0x20 CMakeFiles/Charger.dir/Modules/chg_lib/chg_lib_tonhe.c.obj
 .text.tonhe_start
                0x0800af68       0x2c CMakeFiles/Charger.dir/Modules/chg_lib/chg_lib_tonhe.c.obj
 .text.tonhe_start_all
                0x0800af94       0x20 CMakeFiles/Charger.dir/Modules/chg_lib/chg_lib_tonhe.c.obj
 .text.tonhe_get_module_count
                0x0800afb4        0xc CMakeFiles/Charger.dir/Modules/chg_lib/chg_lib_tonhe.c.obj
 .text.tonhe_init
                0x0800afc0       0x30 CMakeFiles/Charger.dir/Modules/chg_lib/chg_lib_tonhe.c.obj
 .text.send_specific_start_stop
                0x0800aff0       0x80 CMakeFiles/Charger.dir/Modules/chg_lib/chg_lib_tonhe.c.obj
 .text.tonhe_emergency_stop
                0x0800b070       0x54 CMakeFiles/Charger.dir/Modules/chg_lib/chg_lib_tonhe.c.obj
 .text.tonhe_stop
                0x0800b0c4       0x58 CMakeFiles/Charger.dir/Modules/chg_lib/chg_lib_tonhe.c.obj
 .text.tonhe_stop_all
                0x0800b11c       0x20 CMakeFiles/Charger.dir/Modules/chg_lib/chg_lib_tonhe.c.obj
 .text.send_param_set
                0x0800b13c       0xa0 CMakeFiles/Charger.dir/Modules/chg_lib/chg_lib_tonhe.c.obj
 .text.tonhe_set_current_limit
                0x0800b1dc       0x7c CMakeFiles/Charger.dir/Modules/chg_lib/chg_lib_tonhe.c.obj
 .text.tonhe_set_current_limit_all
                0x0800b258       0x24 CMakeFiles/Charger.dir/Modules/chg_lib/chg_lib_tonhe.c.obj
 .text.tonhe_set_voltage
                0x0800b27c       0x78 CMakeFiles/Charger.dir/Modules/chg_lib/chg_lib_tonhe.c.obj
 .text.tonhe_set_voltage_all
                0x0800b2f4       0x24 CMakeFiles/Charger.dir/Modules/chg_lib/chg_lib_tonhe.c.obj
 .text.tonhe_get_module_view
                0x0800b318       0x44 CMakeFiles/Charger.dir/Modules/chg_lib/chg_lib_tonhe.c.obj
 .text.tonhe_remove_module
                0x0800b35c       0x70 CMakeFiles/Charger.dir/Modules/chg_lib/chg_lib_tonhe.c.obj
 .text.tonhe_add_module
                0x0800b3cc       0xa4 CMakeFiles/Charger.dir/Modules/chg_lib/chg_lib_tonhe.c.obj
 .text.tonhe_get_system_summary
                0x0800b470       0x44 CMakeFiles/Charger.dir/Modules/chg_lib/chg_lib_tonhe.c.obj
 .text.tonhe_feed_frame
                0x0800b4b4      0x310 CMakeFiles/Charger.dir/Modules/chg_lib/chg_lib_tonhe.c.obj
 .text.tonhe_process
                0x0800b7c4      0x300 CMakeFiles/Charger.dir/Modules/chg_lib/chg_lib_tonhe.c.obj
 .text.CHG_LIB_TonheDriverOps
                0x0800bac4        0x8 CMakeFiles/Charger.dir/Modules/chg_lib/chg_lib_tonhe.c.obj
                0x0800bac4                CHG_LIB_TonheDriverOps
 .text.get_active_module_count
                0x0800bacc       0x7c CMakeFiles/Charger.dir/App/Charge/charge_controller.c.obj
 .text.check_preconditions_faults
                0x0800bb48       0x74 CMakeFiles/Charger.dir/App/Charge/charge_controller.c.obj
 .text.apply_charge_targets
                0x0800bbbc      0x100 CMakeFiles/Charger.dir/App/Charge/charge_controller.c.obj
 .text.stop_charging
                0x0800bcbc       0x24 CMakeFiles/Charger.dir/App/Charge/charge_controller.c.obj
 .text.apply_jack_temp_derating
                0x0800bce0      0x1e4 CMakeFiles/Charger.dir/App/Charge/charge_controller.c.obj
 .text.transition_to
                0x0800bec4       0x28 CMakeFiles/Charger.dir/App/Charge/charge_controller.c.obj
 .text.set_fault
                0x0800beec       0x6c CMakeFiles/Charger.dir/App/Charge/charge_controller.c.obj
 .text.ChargeController_Init
                0x0800bf58       0x28 CMakeFiles/Charger.dir/App/Charge/charge_controller.c.obj
                0x0800bf58                ChargeController_Init
 .text.ChargeController_Process
                0x0800bf80      0xa80 CMakeFiles/Charger.dir/App/Charge/charge_controller.c.obj
                0x0800bf80                ChargeController_Process
 .text.ChargeController_CheckPreconditions
                0x0800ca00       0x16 CMakeFiles/Charger.dir/App/Charge/charge_controller.c.obj