D:/Projects/Charger_CTRL/Charger/Drivers/STM32G0xx_HAL_Driver/Src/stm32g0xx_ll_usb.c:97:19:USB_CoreInit	8	static
D:/Projects/Charger_CTRL/Charger/Drivers/STM32G0xx_HAL_Driver/Src/stm32g0xx_ll_usb.c:122:19:USB_EnableGlobalInt	0	static
D:/Projects/Charger_CTRL/Charger/Drivers/STM32G0xx_HAL_Driver/Src/stm32g0xx_ll_usb.c:147:19:USB_DisableGlobalInt	0	static
D:/Projects/Charger_CTRL/Charger/Drivers/STM32G0xx_HAL_Driver/Src/stm32g0xx_ll_usb.c:171:19:USB_SetCurrentMode	0	static
D:/Projects/Charger_CTRL/Charger/Drivers/STM32G0xx_HAL_Driver/Src/stm32g0xx_ll_usb.c:197:19:USB_DevInit	8	static
D:/Projects/Charger_CTRL/Charger/Drivers/STM32G0xx_HAL_Driver/Src/stm32g0xx_ll_usb.c:227:19:USB_FlushTxFifo	0	static
D:/Projects/Charger_CTRL/Charger/Drivers/STM32G0xx_HAL_Driver/Src/stm32g0xx_ll_usb.c:246:19:USB_FlushRxFifo	0	static
D:/Projects/Charger_CTRL/Charger/Drivers/STM32G0xx_HAL_Driver/Src/stm32g0xx_ll_usb.c:267:19:USB_ActivateEndpoint	32	static
D:/Projects/Charger_CTRL/Charger/Drivers/STM32G0xx_HAL_Driver/Src/stm32g0xx_ll_usb.c:404:19:USB_DeactivateEndpoint	20	static
D:/Projects/Charger_CTRL/Charger/Drivers/STM32G0xx_HAL_Driver/Src/stm32g0xx_ll_usb.c:677:19:USB_EPSetStall	0	static
D:/Projects/Charger_CTRL/Charger/Drivers/STM32G0xx_HAL_Driver/Src/stm32g0xx_ll_usb.c:697:19:USB_EPClearStall	0	static
D:/Projects/Charger_CTRL/Charger/Drivers/STM32G0xx_HAL_Driver/Src/stm32g0xx_ll_usb.c:726:19:USB_EPStopXfer	8	static
D:/Projects/Charger_CTRL/Charger/Drivers/STM32G0xx_HAL_Driver/Src/stm32g0xx_ll_usb.c:771:19:USB_StopDevice	0	static
D:/Projects/Charger_CTRL/Charger/Drivers/STM32G0xx_HAL_Driver/Src/stm32g0xx_ll_usb.c:792:20:USB_SetDevAddress	0	static
D:/Projects/Charger_CTRL/Charger/Drivers/STM32G0xx_HAL_Driver/Src/stm32g0xx_ll_usb.c:808:20:USB_DevConnect	0	static
D:/Projects/Charger_CTRL/Charger/Drivers/STM32G0xx_HAL_Driver/Src/stm32g0xx_ll_usb.c:821:20:USB_DevDisconnect	0	static
D:/Projects/Charger_CTRL/Charger/Drivers/STM32G0xx_HAL_Driver/Src/stm32g0xx_ll_usb.c:834:10:USB_ReadInterrupts	0	static
D:/Projects/Charger_CTRL/Charger/Drivers/STM32G0xx_HAL_Driver/Src/stm32g0xx_ll_usb.c:847:19:USB_ActivateRemoteWakeup	0	static
D:/Projects/Charger_CTRL/Charger/Drivers/STM32G0xx_HAL_Driver/Src/stm32g0xx_ll_usb.c:859:19:USB_DeActivateRemoteWakeup	0	static
D:/Projects/Charger_CTRL/Charger/Drivers/STM32G0xx_HAL_Driver/Src/stm32g0xx_ll_usb.c:874:6:USB_WritePMA	32	static
D:/Projects/Charger_CTRL/Charger/Drivers/STM32G0xx_HAL_Driver/Src/stm32g0xx_ll_usb.c:463:19:USB_EPStartXfer	40	static
D:/Projects/Charger_CTRL/Charger/Drivers/STM32G0xx_HAL_Driver/Src/stm32g0xx_ll_usb.c:931:6:USB_ReadPMA	32	static
D:/Projects/Charger_CTRL/Charger/Drivers/STM32G0xx_HAL_Driver/Src/stm32g0xx_ll_usb.c:991:19:USB_HostInit	8	static
D:/Projects/Charger_CTRL/Charger/Drivers/STM32G0xx_HAL_Driver/Src/stm32g0xx_ll_usb.c:1025:19:USB_ResetPort	16	static
D:/Projects/Charger_CTRL/Charger/Drivers/STM32G0xx_HAL_Driver/Src/stm32g0xx_ll_usb.c:1045:10:USB_GetHostSpeed	0	static
D:/Projects/Charger_CTRL/Charger/Drivers/STM32G0xx_HAL_Driver/Src/stm32g0xx_ll_usb.c:1062:10:USB_GetCurrentFrame	0	static
D:/Projects/Charger_CTRL/Charger/Drivers/STM32G0xx_HAL_Driver/Src/stm32g0xx_ll_usb.c:1478:19:USB_StopHost	0	static
