D:/Projects/Charger_CTRL/Charger/cmake/stm32cubemx/../../Drivers/STM32G0xx_HAL_Driver/Inc/stm32g0xx_hal_pcd.h:586:26:PCD_GET_EP_DBUF0_CNT.constprop	8	static
D:/Projects/Charger_CTRL/Charger/cmake/stm32cubemx/../../Drivers/STM32G0xx_HAL_Driver/Inc/stm32g0xx_hal_pcd.h:543:26:PCD_GET_EP_RX_CNT.constprop	8	static
D:/Projects/Charger_CTRL/Charger/Drivers/STM32G0xx_HAL_Driver/Src/stm32g0xx_hal_pcd.c:261:13:HAL_PCD_MspInit	0	static
D:/Projects/Charger_CTRL/Charger/Drivers/STM32G0xx_HAL_Driver/Src/stm32g0xx_hal_pcd.c:127:19:HAL_PCD_Init	24	static
D:/Projects/Charger_CTRL/Charger/Drivers/STM32G0xx_HAL_Driver/Src/stm32g0xx_hal_pcd.c:276:13:HAL_PCD_MspDeInit	0	static
D:/Projects/Charger_CTRL/Charger/Drivers/STM32G0xx_HAL_Driver/Src/stm32g0xx_hal_pcd.c:222:19:HAL_PCD_DeInit	16	static
D:/Projects/Charger_CTRL/Charger/Drivers/STM32G0xx_HAL_Driver/Src/stm32g0xx_hal_pcd.c:898:19:HAL_PCD_Start	16	static
D:/Projects/Charger_CTRL/Charger/Drivers/STM32G0xx_HAL_Driver/Src/stm32g0xx_hal_pcd.c:913:19:HAL_PCD_Stop	16	static
D:/Projects/Charger_CTRL/Charger/Drivers/STM32G0xx_HAL_Driver/Src/stm32g0xx_hal_pcd.c:1081:13:HAL_PCD_DataOutStageCallback	0	static
D:/Projects/Charger_CTRL/Charger/Drivers/STM32G0xx_HAL_Driver/Src/stm32g0xx_hal_pcd.c:1098:13:HAL_PCD_DataInStageCallback	0	static
D:/Projects/Charger_CTRL/Charger/Drivers/STM32G0xx_HAL_Driver/Src/stm32g0xx_hal_pcd.c:1113:13:HAL_PCD_SetupStageCallback	0	static
D:/Projects/Charger_CTRL/Charger/Drivers/STM32G0xx_HAL_Driver/Src/stm32g0xx_hal_pcd.c:1128:13:HAL_PCD_SOFCallback	0	static
D:/Projects/Charger_CTRL/Charger/Drivers/STM32G0xx_HAL_Driver/Src/stm32g0xx_hal_pcd.c:1143:13:HAL_PCD_ResetCallback	0	static
D:/Projects/Charger_CTRL/Charger/Drivers/STM32G0xx_HAL_Driver/Src/stm32g0xx_hal_pcd.c:1158:13:HAL_PCD_SuspendCallback	0	static
D:/Projects/Charger_CTRL/Charger/Drivers/STM32G0xx_HAL_Driver/Src/stm32g0xx_hal_pcd.c:1173:13:HAL_PCD_ResumeCallback	0	static
D:/Projects/Charger_CTRL/Charger/Drivers/STM32G0xx_HAL_Driver/Src/stm32g0xx_hal_pcd.c:1189:13:HAL_PCD_ISOOUTIncompleteCallback	0	static
D:/Projects/Charger_CTRL/Charger/Drivers/STM32G0xx_HAL_Driver/Src/stm32g0xx_hal_pcd.c:1206:13:HAL_PCD_ISOINIncompleteCallback	0	static
D:/Projects/Charger_CTRL/Charger/Drivers/STM32G0xx_HAL_Driver/Src/stm32g0xx_hal_pcd.c:1222:13:HAL_PCD_ConnectCallback	0	static
D:/Projects/Charger_CTRL/Charger/Drivers/STM32G0xx_HAL_Driver/Src/stm32g0xx_hal_pcd.c:1237:13:HAL_PCD_DisconnectCallback	0	static
D:/Projects/Charger_CTRL/Charger/Drivers/STM32G0xx_HAL_Driver/Src/stm32g0xx_hal_pcd.c:1271:19:HAL_PCD_DevConnect	16	static
D:/Projects/Charger_CTRL/Charger/Drivers/STM32G0xx_HAL_Driver/Src/stm32g0xx_hal_pcd.c:1285:19:HAL_PCD_DevDisconnect	16	static
D:/Projects/Charger_CTRL/Charger/Drivers/STM32G0xx_HAL_Driver/Src/stm32g0xx_hal_pcd.c:1300:19:HAL_PCD_SetAddress	16	static
D:/Projects/Charger_CTRL/Charger/Drivers/STM32G0xx_HAL_Driver/Src/stm32g0xx_hal_pcd.c:929:6:HAL_PCD_IRQHandler	56	static
D:/Projects/Charger_CTRL/Charger/Drivers/STM32G0xx_HAL_Driver/Src/stm32g0xx_hal_pcd.c:1317:19:HAL_PCD_EP_Open	16	static
D:/Projects/Charger_CTRL/Charger/Drivers/STM32G0xx_HAL_Driver/Src/stm32g0xx_hal_pcd.c:1357:19:HAL_PCD_EP_Close	16	static
D:/Projects/Charger_CTRL/Charger/Drivers/STM32G0xx_HAL_Driver/Src/stm32g0xx_hal_pcd.c:1388:19:HAL_PCD_EP_Receive	24	static
D:/Projects/Charger_CTRL/Charger/Drivers/STM32G0xx_HAL_Driver/Src/stm32g0xx_hal_pcd.c:1412:10:HAL_PCD_EP_GetRxCount	0	static
D:/Projects/Charger_CTRL/Charger/Drivers/STM32G0xx_HAL_Driver/Src/stm32g0xx_hal_pcd.c:1424:19:HAL_PCD_EP_Transmit	16	static
D:/Projects/Charger_CTRL/Charger/Drivers/STM32G0xx_HAL_Driver/Src/stm32g0xx_hal_pcd.c:1450:19:HAL_PCD_EP_SetStall	16	static
D:/Projects/Charger_CTRL/Charger/Drivers/STM32G0xx_HAL_Driver/Src/stm32g0xx_hal_pcd.c:1488:19:HAL_PCD_EP_ClrStall	16	static
D:/Projects/Charger_CTRL/Charger/Drivers/STM32G0xx_HAL_Driver/Src/stm32g0xx_hal_pcd.c:1524:19:HAL_PCD_EP_Abort	8	static
D:/Projects/Charger_CTRL/Charger/Drivers/STM32G0xx_HAL_Driver/Src/stm32g0xx_hal_pcd.c:1550:19:HAL_PCD_EP_Flush	8	static
D:/Projects/Charger_CTRL/Charger/Drivers/STM32G0xx_HAL_Driver/Src/stm32g0xx_hal_pcd.c:1573:19:HAL_PCD_ActivateRemoteWakeup	8	static
D:/Projects/Charger_CTRL/Charger/Drivers/STM32G0xx_HAL_Driver/Src/stm32g0xx_hal_pcd.c:1583:19:HAL_PCD_DeActivateRemoteWakeup	8	static
D:/Projects/Charger_CTRL/Charger/Drivers/STM32G0xx_HAL_Driver/Src/stm32g0xx_hal_pcd.c:1612:18:HAL_PCD_GetState	0	static
