D:/Projects/Charger_CTRL/Charger/Drivers/STM32G0xx_HAL_Driver/Src/stm32g0xx_hal_pwr_ex.c:136:6:HAL_PWREx_EnableBatteryCharging	0	static
D:/Projects/Charger_CTRL/Charger/Drivers/STM32G0xx_HAL_Driver/Src/stm32g0xx_hal_pwr_ex.c:151:6:HAL_PWREx_DisableBatteryCharging	0	static
D:/Projects/Charger_CTRL/Charger/Drivers/STM32G0xx_HAL_Driver/Src/stm32g0xx_hal_pwr_ex.c:164:6:HAL_PWREx_EnablePORMonitorSampling	0	static
D:/Projects/Charger_CTRL/Charger/Drivers/STM32G0xx_HAL_Driver/Src/stm32g0xx_hal_pwr_ex.c:174:6:HAL_PWREx_DisablePORMonitorSampling	0	static
D:/Projects/Charger_CTRL/Charger/Drivers/STM32G0xx_HAL_Driver/Src/stm32g0xx_hal_pwr_ex.c:192:19:HAL_PWREx_ConfigPVD	12	static
D:/Projects/Charger_CTRL/Charger/Drivers/STM32G0xx_HAL_Driver/Src/stm32g0xx_hal_pwr_ex.c:238:6:HAL_PWREx_EnablePVD	0	static
D:/Projects/Charger_CTRL/Charger/Drivers/STM32G0xx_HAL_Driver/Src/stm32g0xx_hal_pwr_ex.c:248:6:HAL_PWREx_DisablePVD	0	static
D:/Projects/Charger_CTRL/Charger/Drivers/STM32G0xx_HAL_Driver/Src/stm32g0xx_hal_pwr_ex.c:264:6:HAL_PWREx_EnableVddUSB	0	static
D:/Projects/Charger_CTRL/Charger/Drivers/STM32G0xx_HAL_Driver/Src/stm32g0xx_hal_pwr_ex.c:277:6:HAL_PWREx_DisableVddUSB	0	static
D:/Projects/Charger_CTRL/Charger/Drivers/STM32G0xx_HAL_Driver/Src/stm32g0xx_hal_pwr_ex.c:293:6:HAL_PWREx_EnableVddIO2	0	static
D:/Projects/Charger_CTRL/Charger/Drivers/STM32G0xx_HAL_Driver/Src/stm32g0xx_hal_pwr_ex.c:307:6:HAL_PWREx_DisableVddIO2	0	static
D:/Projects/Charger_CTRL/Charger/Drivers/STM32G0xx_HAL_Driver/Src/stm32g0xx_hal_pwr_ex.c:322:6:HAL_PWREx_EnablePVMUSB	0	static
D:/Projects/Charger_CTRL/Charger/Drivers/STM32G0xx_HAL_Driver/Src/stm32g0xx_hal_pwr_ex.c:335:6:HAL_PWREx_DisablePVMUSB	0	static
D:/Projects/Charger_CTRL/Charger/Drivers/STM32G0xx_HAL_Driver/Src/stm32g0xx_hal_pwr_ex.c:356:19:HAL_PWREx_ConfigPVM	12	static
D:/Projects/Charger_CTRL/Charger/Drivers/STM32G0xx_HAL_Driver/Src/stm32g0xx_hal_pwr_ex.c:425:6:HAL_PWREx_EnableInternalWakeUpLine	0	static
D:/Projects/Charger_CTRL/Charger/Drivers/STM32G0xx_HAL_Driver/Src/stm32g0xx_hal_pwr_ex.c:434:6:HAL_PWREx_DisableInternalWakeUpLine	0	static
D:/Projects/Charger_CTRL/Charger/Drivers/STM32G0xx_HAL_Driver/Src/stm32g0xx_hal_pwr_ex.c:458:19:HAL_PWREx_EnableGPIOPullUp	4	static
D:/Projects/Charger_CTRL/Charger/Drivers/STM32G0xx_HAL_Driver/Src/stm32g0xx_hal_pwr_ex.c:520:19:HAL_PWREx_DisableGPIOPullUp	4	static
D:/Projects/Charger_CTRL/Charger/Drivers/STM32G0xx_HAL_Driver/Src/stm32g0xx_hal_pwr_ex.c:582:19:HAL_PWREx_EnableGPIOPullDown	4	static
D:/Projects/Charger_CTRL/Charger/Drivers/STM32G0xx_HAL_Driver/Src/stm32g0xx_hal_pwr_ex.c:644:19:HAL_PWREx_DisableGPIOPullDown	4	static
D:/Projects/Charger_CTRL/Charger/Drivers/STM32G0xx_HAL_Driver/Src/stm32g0xx_hal_pwr_ex.c:697:6:HAL_PWREx_EnablePullUpPullDownConfig	0	static
D:/Projects/Charger_CTRL/Charger/Drivers/STM32G0xx_HAL_Driver/Src/stm32g0xx_hal_pwr_ex.c:708:6:HAL_PWREx_DisablePullUpPullDownConfig	0	static
D:/Projects/Charger_CTRL/Charger/Drivers/STM32G0xx_HAL_Driver/Src/stm32g0xx_hal_pwr_ex.c:720:6:HAL_PWREx_EnableSRAMRetention	0	static
D:/Projects/Charger_CTRL/Charger/Drivers/STM32G0xx_HAL_Driver/Src/stm32g0xx_hal_pwr_ex.c:732:6:HAL_PWREx_DisableSRAMRetention	0	static
D:/Projects/Charger_CTRL/Charger/Drivers/STM32G0xx_HAL_Driver/Src/stm32g0xx_hal_pwr_ex.c:748:6:HAL_PWREx_EnableFlashPowerDown	0	static
D:/Projects/Charger_CTRL/Charger/Drivers/STM32G0xx_HAL_Driver/Src/stm32g0xx_hal_pwr_ex.c:766:6:HAL_PWREx_DisableFlashPowerDown	0	static
D:/Projects/Charger_CTRL/Charger/Drivers/STM32G0xx_HAL_Driver/Src/stm32g0xx_hal_pwr_ex.c:780:10:HAL_PWREx_GetVoltageRange	0	static
D:/Projects/Charger_CTRL/Charger/Drivers/STM32G0xx_HAL_Driver/Src/stm32g0xx_hal_pwr_ex.c:806:19:HAL_PWREx_ControlVoltageScaling	8	static
D:/Projects/Charger_CTRL/Charger/Drivers/STM32G0xx_HAL_Driver/Src/stm32g0xx_hal_pwr_ex.c:847:6:HAL_PWREx_EnableLowPowerRunMode	0	static
D:/Projects/Charger_CTRL/Charger/Drivers/STM32G0xx_HAL_Driver/Src/stm32g0xx_hal_pwr_ex.c:862:19:HAL_PWREx_DisableLowPowerRunMode	8	static
D:/Projects/Charger_CTRL/Charger/Drivers/STM32G0xx_HAL_Driver/Src/stm32g0xx_hal_pwr_ex.c:904:6:HAL_PWREx_EnterSHUTDOWNMode	0	static,ignoring_inline_asm
D:/Projects/Charger_CTRL/Charger/Drivers/STM32G0xx_HAL_Driver/Src/stm32g0xx_hal_pwr_ex.c:975:13:HAL_PWREx_PVD_PVM_Rising_Callback	0	static
D:/Projects/Charger_CTRL/Charger/Drivers/STM32G0xx_HAL_Driver/Src/stm32g0xx_hal_pwr_ex.c:986:13:HAL_PWREx_PVD_PVM_Falling_Callback	0	static
D:/Projects/Charger_CTRL/Charger/Drivers/STM32G0xx_HAL_Driver/Src/stm32g0xx_hal_pwr_ex.c:928:6:HAL_PWREx_PVD_PVM_IRQHandler	16	static
