D:/Projects/Charger_CTRL/Charger/App/Charge/charge_cycle_config.c:13:13:validate_non_negative	16	static
D:/Projects/Charger_CTRL/Charger/App/Charge/charge_cycle_config.c:18:13:validate_range	24	static
D:/Projects/Charger_CTRL/Charger/App/Charge/charge_cycle_config.c:23:6:ChargeCycleConfig_GetDefaults	24	static
D:/Projects/Charger_CTRL/Charger/App/Charge/charge_cycle_config.c:50:6:ChargeCycleConfig_Init	24	static
D:/Projects/Charger_CTRL/Charger/App/Charge/charge_cycle_config.c:55:6:ChargeCycleConfig_Get	8	static
D:/Projects/Charger_CTRL/Charger/App/Charge/charge_cycle_config.c:64:6:ChargeCycleConfig_Set	104	static
