D:/Projects/Charger_CTRL/Charger/App/Charge/charge_controller.c:176:16:get_active_module_count	136	static
D:/Projects/Charger_CTRL/Charger/App/Charge/charge_controller.c:209:17:check_preconditions_faults	224	static
D:/Projects/Charger_CTRL/Charger/App/Charge/charge_controller.c:264:13:apply_charge_targets	40	static
D:/Projects/Charger_CTRL/Charger/App/Charge/charge_controller.c:299:13:stop_charging	8	static
D:/Projects/Charger_CTRL/Charger/App/Charge/charge_controller.c:776:13:apply_jack_temp_derating	40	static
D:/Projects/Charger_CTRL/Charger/App/Charge/charge_controller.c:166:13:transition_to	16	static
D:/Projects/Charger_CTRL/Charger/App/Charge/charge_controller.c:140:13:set_fault	8	static
D:/Projects/Charger_CTRL/Charger/App/Charge/charge_controller.c:1038:6:ChargeController_Init	8	static
D:/Projects/Charger_CTRL/Charger/App/Charge/charge_controller.c:1050:6:ChargeController_Process	704	static
D:/Projects/Charger_CTRL/Charger/App/Charge/charge_controller.c:1139:6:ChargeController_CheckPreconditions	8	static
D:/Projects/Charger_CTRL/Charger/App/Charge/charge_controller.c:1147:6:ChargeController_Start	240	static
D:/Projects/Charger_CTRL/Charger/App/Charge/charge_controller.c:1192:6:ChargeController_SetManualTarget	16	static
D:/Projects/Charger_CTRL/Charger/App/Charge/charge_controller.c:1198:6:ChargeController_IsManualMode	0	static
D:/Projects/Charger_CTRL/Charger/App/Charge/charge_controller.c:1202:6:ChargeController_Stop	16	static
D:/Projects/Charger_CTRL/Charger/App/Charge/charge_controller.c:1220:6:ChargeController_EmergencyStop	8	static
D:/Projects/Charger_CTRL/Charger/App/Charge/charge_controller.c:1235:6:ChargeController_IsRunning	0	static
D:/Projects/Charger_CTRL/Charger/App/Charge/charge_controller.c:1239:6:ChargeController_GetView	224	static
