D:/Projects/Charger_CTRL/Charger/Core/Src/stm32g0xx_it.c:83:6:NMI_Handler	8	static
D:/Projects/Charger_CTRL/Charger/Core/Src/stm32g0xx_it.c:98:6:HardFault_Handler	56	static,ignoring_inline_asm
D:/Projects/Charger_CTRL/Charger/Core/Src/stm32g0xx_it.c:133:6:SVC_Handler	8	static
D:/Projects/Charger_CTRL/Charger/Core/Src/stm32g0xx_it.c:146:6:PendSV_Handler	8	static
D:/Projects/Charger_CTRL/Charger/Core/Src/stm32g0xx_it.c:159:6:SysTick_Handler	8	static
D:/Projects/Charger_CTRL/Charger/Core/Src/stm32g0xx_it.c:180:6:USB_UCPD1_2_IRQHandler	8	static
D:/Projects/Charger_CTRL/Charger/Core/Src/stm32g0xx_it.c:194:6:DMA1_Channel1_IRQHandler	8	static
D:/Projects/Charger_CTRL/Charger/Core/Src/stm32g0xx_it.c:208:6:DMA1_Channel2_3_IRQHandler	8	static
D:/Projects/Charger_CTRL/Charger/Core/Src/stm32g0xx_it.c:223:6:DMA1_Ch4_7_DMA2_Ch1_5_DMAMUX1_OVR_IRQHandler	8	static
D:/Projects/Charger_CTRL/Charger/Core/Src/stm32g0xx_it.c:238:6:ADC1_COMP_IRQHandler	8	static
D:/Projects/Charger_CTRL/Charger/Core/Src/stm32g0xx_it.c:252:6:TIM6_DAC_LPTIM1_IRQHandler	8	static
D:/Projects/Charger_CTRL/Charger/Core/Src/stm32g0xx_it.c:266:6:TIM7_LPTIM2_IRQHandler	8	static
D:/Projects/Charger_CTRL/Charger/Core/Src/stm32g0xx_it.c:280:6:TIM16_FDCAN_IT0_IRQHandler	8	static
D:/Projects/Charger_CTRL/Charger/Core/Src/stm32g0xx_it.c:295:6:TIM17_FDCAN_IT1_IRQHandler	8	static
D:/Projects/Charger_CTRL/Charger/Core/Src/stm32g0xx_it.c:310:6:USART1_IRQHandler	8	static
D:/Projects/Charger_CTRL/Charger/Core/Src/stm32g0xx_it.c:324:6:USART3_4_5_6_LPUART1_IRQHandler	8	static
