D:/Projects/Charger_CTRL/Charger/Modules/bms/Src/bms_core.c:32:13:has_any_valid_bms_data	16	static
D:/Projects/Charger_CTRL/Charger/Modules/bms/Src/bms_core.c:56:13:update_view_from_data	24	static
D:/Projects/Charger_CTRL/Charger/Modules/bms/Src/bms_core.c:116:24:map_alarm_field	16	static
D:/Projects/Charger_CTRL/Charger/Modules/bms/Src/bms_core.c:125:13:update_alarm_flags	16	static
D:/Projects/Charger_CTRL/Charger/Modules/bms/Src/bms_core.c:157:13:transmit_ctrl_info	40	static
D:/Projects/Charger_CTRL/Charger/Modules/bms/Src/bms_core.c:186:6:BMS_Init	8	static
D:/Projects/Charger_CTRL/Charger/Modules/bms/Src/bms_core.c:201:6:BMS_FeedFrame	256	static
D:/Projects/Charger_CTRL/Charger/Modules/bms/Src/bms_core.c:257:6:BMS_Process	24	static
D:/Projects/Charger_CTRL/Charger/Modules/bms/Src/bms_core.c:359:6:BMS_SendCtrlInfo	16	static
D:/Projects/Charger_CTRL/Charger/Modules/bms/Src/bms_core.c:371:6:BMS_IsOnline	8	static
D:/Projects/Charger_CTRL/Charger/Modules/bms/Src/bms_core.c:378:6:BMS_HasCriticalAlarm	16	static
D:/Projects/Charger_CTRL/Charger/Modules/bms/Src/bms_core.c:390:6:BMS_GetView	16	static
D:/Projects/Charger_CTRL/Charger/Modules/bms/Src/bms_core.c:398:6:BMS_ShouldCloseChargeRelay	16	static
