D:/Projects/Charger_CTRL/Charger/App/Charge/charge_controller.c:140:13:set_fault	16	static
D:/Projects/Charger_CTRL/Charger/App/Charge/charge_controller.c:162:13:clear_fault	8	static
D:/Projects/Charger_CTRL/Charger/App/Charge/charge_controller.c:166:13:transition_to	16	static
D:/Projects/Charger_CTRL/Charger/App/Charge/charge_controller.c:176:16:get_active_module_count	136	static
D:/Projects/Charger_CTRL/Charger/App/Charge/charge_controller.c:209:17:check_preconditions_faults	232	static
D:/Projects/Charger_CTRL/Charger/App/Charge/charge_controller.c:248:13:check_preconditions_set_fault	224	static
D:/Projects/Charger_CTRL/Charger/App/Charge/charge_controller.c:264:13:apply_charge_targets	48	static
D:/Projects/Charger_CTRL/Charger/App/Charge/charge_controller.c:299:13:stop_charging	8	static
D:/Projects/Charger_CTRL/Charger/App/Charge/charge_controller.c:318:13:check_standalone_voltage_reached	144	static
D:/Projects/Charger_CTRL/Charger/App/Charge/charge_controller.c:384:13:update_hard_protection	64	static
D:/Projects/Charger_CTRL/Charger/App/Charge/charge_controller.c:427:14:get_lower_threshold_for_band	16	static
D:/Projects/Charger_CTRL/Charger/App/Charge/charge_controller.c:459:26:eval_cell_stage	56	static
D:/Projects/Charger_CTRL/Charger/App/Charge/charge_controller.c:544:26:eval_temp_stage	64	static
D:/Projects/Charger_CTRL/Charger/App/Charge/charge_controller.c:626:26:eval_soc_stage	56	static
D:/Projects/Charger_CTRL/Charger/App/Charge/charge_controller.c:710:13:compute_stage_limits	88	static
D:/Projects/Charger_CTRL/Charger/App/Charge/charge_controller.c:776:13:apply_jack_temp_derating	48	static
D:/Projects/Charger_CTRL/Charger/App/Charge/charge_controller.c:839:13:run_manual_mode	256	static
D:/Projects/Charger_CTRL/Charger/App/Charge/charge_controller.c:872:13:run_standalone_mode	256	static
D:/Projects/Charger_CTRL/Charger/App/Charge/charge_controller.c:922:13:run_bms_controlled_mode	360	static
D:/Projects/Charger_CTRL/Charger/App/Charge/charge_controller.c:1038:6:ChargeController_Init	8	static
D:/Projects/Charger_CTRL/Charger/App/Charge/charge_controller.c:1050:6:ChargeController_Process	344	static
D:/Projects/Charger_CTRL/Charger/App/Charge/charge_controller.c:1139:6:ChargeController_CheckPreconditions	24	static
D:/Projects/Charger_CTRL/Charger/App/Charge/charge_controller.c:1147:6:ChargeController_Start	240	static
D:/Projects/Charger_CTRL/Charger/App/Charge/charge_controller.c:1192:6:ChargeController_SetManualTarget	24	static
D:/Projects/Charger_CTRL/Charger/App/Charge/charge_controller.c:1198:6:ChargeController_IsManualMode	8	static
D:/Projects/Charger_CTRL/Charger/App/Charge/charge_controller.c:1202:6:ChargeController_Stop	8	static
D:/Projects/Charger_CTRL/Charger/App/Charge/charge_controller.c:1220:6:ChargeController_EmergencyStop	8	static
D:/Projects/Charger_CTRL/Charger/App/Charge/charge_controller.c:1235:6:ChargeController_IsRunning	8	static
D:/Projects/Charger_CTRL/Charger/App/Charge/charge_controller.c:1239:6:ChargeController_GetView	232	static
