D:/Projects/Charger_CTRL/Charger/App/charge_controller.c:138:13:set_fault	16	static
D:/Projects/Charger_CTRL/Charger/App/charge_controller.c:161:13:clear_fault	8	static
D:/Projects/Charger_CTRL/Charger/App/charge_controller.c:165:13:transition_to	16	static
D:/Projects/Charger_CTRL/Charger/App/charge_controller.c:175:16:get_active_module_count	136	static
D:/Projects/Charger_CTRL/Charger/App/charge_controller.c:208:17:check_preconditions_faults	232	static
D:/Projects/Charger_CTRL/Charger/App/charge_controller.c:247:13:check_preconditions_set_fault	224	static
D:/Projects/Charger_CTRL/Charger/App/charge_controller.c:263:13:apply_charge_targets	48	static
D:/Projects/Charger_CTRL/Charger/App/charge_controller.c:293:13:stop_charging	8	static
D:/Projects/Charger_CTRL/Charger/App/charge_controller.c:312:13:check_standalone_voltage_reached	144	static
D:/Projects/Charger_CTRL/Charger/App/charge_controller.c:378:13:update_hard_protection	64	static
D:/Projects/Charger_CTRL/Charger/App/charge_controller.c:421:14:get_lower_threshold_for_band	16	static
D:/Projects/Charger_CTRL/Charger/App/charge_controller.c:453:26:eval_cell_stage	56	static
D:/Projects/Charger_CTRL/Charger/App/charge_controller.c:538:26:eval_temp_stage	56	static
D:/Projects/Charger_CTRL/Charger/App/charge_controller.c:613:26:eval_soc_stage	56	static
D:/Projects/Charger_CTRL/Charger/App/charge_controller.c:697:13:compute_stage_limits	88	static
D:/Projects/Charger_CTRL/Charger/App/charge_controller.c:763:13:apply_jack_temp_derating	40	static
D:/Projects/Charger_CTRL/Charger/App/charge_controller.c:818:13:run_manual_mode	256	static
D:/Projects/Charger_CTRL/Charger/App/charge_controller.c:851:13:run_standalone_mode	256	static
D:/Projects/Charger_CTRL/Charger/App/charge_controller.c:901:13:run_bms_controlled_mode	360	static
D:/Projects/Charger_CTRL/Charger/App/charge_controller.c:1017:6:ChargeController_Init	8	static
D:/Projects/Charger_CTRL/Charger/App/charge_controller.c:1029:6:ChargeController_Process	344	static
D:/Projects/Charger_CTRL/Charger/App/charge_controller.c:1120:6:ChargeController_CheckPreconditions	24	static
D:/Projects/Charger_CTRL/Charger/App/charge_controller.c:1128:6:ChargeController_Start	240	static
D:/Projects/Charger_CTRL/Charger/App/charge_controller.c:1174:6:ChargeController_SetManualTarget	16	static
D:/Projects/Charger_CTRL/Charger/App/charge_controller.c:1179:6:ChargeController_IsManualMode	8	static
D:/Projects/Charger_CTRL/Charger/App/charge_controller.c:1183:6:ChargeController_Stop	8	static
D:/Projects/Charger_CTRL/Charger/App/charge_controller.c:1201:6:ChargeController_EmergencyStop	8	static
D:/Projects/Charger_CTRL/Charger/App/charge_controller.c:1216:6:ChargeController_IsRunning	8	static
D:/Projects/Charger_CTRL/Charger/App/charge_controller.c:1221:6:ChargeController_GetView	232	static
